{"logger":{"file":"test.log","level":"info"},"level":"info","message":"connect-rest has been configured. ","timestamp":"2014-06-02T15:26:27.649Z"}
{"level":"info","message":"Incoming request. { host: 'project-livec9c392e270cd.rhcloud.com',\n  'cache-control': 'max-age=0',\n  accept: 'text/html,application/xhtml+xml,application/xml;q=0.9,image/webp,*/*;q=0.8',\n  'user-agent': 'Mozilla/5.0 (Macintosh; Intel Mac OS X 10_9_3) AppleWebKit/537.36 (KHTML, like Gecko) Chrome/35.0.1916.114 Safari/537.36',\n  'accept-language': 'en-US,en;q=0.8',\n  cookie: 'optimizelyEndUserId=oeu1401283293102r0.7142860956955701; optimizelySegments=%7B%7D; optimizelyBuckets=%7B%7D; ajs_group_id=null; ajs_user_id=454074; _sio=bc50185e-3b62-4671-b0ca-90c0a9fccea2----454074',\n  'x-forwarded-proto': 'http',\n  'x-region': 'usw',\n  'x-forwarded-for': '74.73.240.140, 23.251.148.106',\n  'x-forwarded-port': '80',\n  'x-request-start': 't=1401722791981914',\n  'x-client-ip': '23.251.148.106',\n  'x-forwarded-host': 'project-livec9c392e270cd.rhcloud.com',\n  'x-forwarded-server': 'localhost',\n  connection: 'Keep-Alive' } {} 1.1 GET /books/AliceInWonderland/1","timestamp":"2014-06-02T15:26:32.004Z"}
{"level":"info","message":"Request won't be handled by connect-rest. /books/AliceInWonderland/1","timestamp":"2014-06-02T15:26:32.006Z"}
{"logger":{"file":"test.log","level":"info"},"level":"info","message":"connect-rest has been configured. ","timestamp":"2014-06-02T15:30:33.065Z"}
{"level":"info","message":"Incoming request. { host: 'project-livec9c392e270cd.rhcloud.com',\n  'cache-control': 'max-age=0',\n  accept: 'text/html,application/xhtml+xml,application/xml;q=0.9,image/webp,*/*;q=0.8',\n  'user-agent': 'Mozilla/5.0 (Macintosh; Intel Mac OS X 10_9_3) AppleWebKit/537.36 (KHTML, like Gecko) Chrome/35.0.1916.114 Safari/537.36',\n  'accept-language': 'en-US,en;q=0.8',\n  cookie: 'optimizelyEndUserId=oeu1401283293102r0.7142860956955701; optimizelySegments=%7B%7D; optimizelyBuckets=%7B%7D; ajs_group_id=null; ajs_user_id=454074; _sio=bc50185e-3b62-4671-b0ca-90c0a9fccea2----454074',\n  'x-forwarded-proto': 'http',\n  'x-region': 'usw',\n  'x-forwarded-for': '74.73.240.140, 23.251.148.106',\n  'x-forwarded-port': '80',\n  'x-request-start': 't=1401723038673663',\n  'x-client-ip': '23.251.148.106',\n  'x-forwarded-host': 'project-livec9c392e270cd.rhcloud.com',\n  'x-forwarded-server': 'localhost',\n  connection: 'Keep-Alive' } {} 1.1 GET /books/AliceInWonderland/1","timestamp":"2014-06-02T15:30:38.684Z"}
{"level":"info","message":"Request won't be handled by connect-rest. /books/AliceInWonderland/1","timestamp":"2014-06-02T15:30:38.689Z"}
{"logger":{"file":"test.log","level":"info"},"level":"info","message":"connect-rest has been configured. ","timestamp":"2014-06-02T15:36:24.054Z"}
{"level":"info","message":"Incoming request. { host: 'project-livec9c392e270cd.rhcloud.com',\n  'cache-control': 'max-age=0',\n  accept: 'text/html,application/xhtml+xml,application/xml;q=0.9,image/webp,*/*;q=0.8',\n  'user-agent': 'Mozilla/5.0 (Macintosh; Intel Mac OS X 10_9_3) AppleWebKit/537.36 (KHTML, like Gecko) Chrome/35.0.1916.114 Safari/537.36',\n  'accept-language': 'en-US,en;q=0.8',\n  cookie: 'optimizelyEndUserId=oeu1401283293102r0.7142860956955701; optimizelySegments=%7B%7D; optimizelyBuckets=%7B%7D; ajs_group_id=null; ajs_user_id=454074; _sio=bc50185e-3b62-4671-b0ca-90c0a9fccea2----454074',\n  'x-forwarded-proto': 'http',\n  'x-region': 'usw',\n  'x-forwarded-for': '74.73.240.140, 23.251.148.106',\n  'x-forwarded-port': '80',\n  'x-request-start': 't=1401723387279383',\n  'x-client-ip': '23.251.148.106',\n  'x-forwarded-host': 'project-livec9c392e270cd.rhcloud.com',\n  'x-forwarded-server': 'localhost',\n  connection: 'Keep-Alive' } {} 1.1 GET /books/AliceInWonderland/1","timestamp":"2014-06-02T15:36:27.319Z"}
{"logger":{"file":"test.log","level":"info"},"level":"info","message":"connect-rest has been configured. ","timestamp":"2014-06-02T15:37:08.970Z"}
{"level":"info","message":"Incoming request. { host: 'project-livec9c392e270cd.rhcloud.com',\n  'cache-control': 'max-age=0',\n  accept: 'text/html,application/xhtml+xml,application/xml;q=0.9,image/webp,*/*;q=0.8',\n  'user-agent': 'Mozilla/5.0 (Macintosh; Intel Mac OS X 10_9_3) AppleWebKit/537.36 (KHTML, like Gecko) Chrome/35.0.1916.114 Safari/537.36',\n  'accept-language': 'en-US,en;q=0.8',\n  cookie: 'optimizelyEndUserId=oeu1401283293102r0.7142860956955701; optimizelySegments=%7B%7D; optimizelyBuckets=%7B%7D; ajs_group_id=null; ajs_user_id=454074; _sio=bc50185e-3b62-4671-b0ca-90c0a9fccea2----454074',\n  'x-forwarded-proto': 'http',\n  'x-region': 'usw',\n  'x-forwarded-for': '74.73.240.140, 23.251.148.106',\n  'x-forwarded-port': '80',\n  'x-request-start': 't=1401723434033547',\n  'x-client-ip': '23.251.148.106',\n  'x-forwarded-host': 'project-livec9c392e270cd.rhcloud.com',\n  'x-forwarded-server': 'localhost',\n  connection: 'Keep-Alive' } {} 1.1 GET /books/AliceInWonderland/1","timestamp":"2014-06-02T15:37:14.088Z"}
{"0":{"contentType":"application/json","resOptions":{}},"level":"info","message":"Service(s) calling finished. undefined","timestamp":"2014-06-02T15:37:14.149Z"}
{"logger":{"file":"test.log","level":"info"},"level":"info","message":"connect-rest has been configured. ","timestamp":"2014-06-02T15:41:34.950Z"}
{"level":"info","message":"Incoming request. { host: 'project-livec9c392e270cd.rhcloud.com',\n  'cache-control': 'max-age=0',\n  accept: 'text/html,application/xhtml+xml,application/xml;q=0.9,image/webp,*/*;q=0.8',\n  'user-agent': 'Mozilla/5.0 (Macintosh; Intel Mac OS X 10_9_3) AppleWebKit/537.36 (KHTML, like Gecko) Chrome/35.0.1916.114 Safari/537.36',\n  'accept-language': 'en-US,en;q=0.8',\n  cookie: 'optimizelyEndUserId=oeu1401283293102r0.7142860956955701; optimizelySegments=%7B%7D; optimizelyBuckets=%7B%7D; ajs_group_id=null; ajs_user_id=454074; _sio=bc50185e-3b62-4671-b0ca-90c0a9fccea2----454074',\n  'x-forwarded-proto': 'http',\n  'x-region': 'usw',\n  'x-forwarded-for': '74.73.240.140, 23.251.148.106',\n  'x-forwarded-port': '80',\n  'x-request-start': 't=1401723698876067',\n  'x-client-ip': '23.251.148.106',\n  'x-forwarded-host': 'project-livec9c392e270cd.rhcloud.com',\n  'x-forwarded-server': 'localhost',\n  connection: 'Keep-Alive' } {} 1.1 GET /books/AliceInWonderland/1","timestamp":"2014-06-02T15:41:38.887Z"}
{"level":"info","message":"Request won't be handled by connect-rest. /books/AliceInWonderland/1","timestamp":"2014-06-02T15:41:38.889Z"}
{"logger":{"file":"test.log","level":"info"},"level":"info","message":"connect-rest has been configured. ","timestamp":"2014-06-02T15:42:58.355Z"}
{"level":"info","message":"Incoming request. { host: 'project-livec9c392e270cd.rhcloud.com',\n  'cache-control': 'max-age=0',\n  accept: 'text/html,application/xhtml+xml,application/xml;q=0.9,image/webp,*/*;q=0.8',\n  'user-agent': 'Mozilla/5.0 (Macintosh; Intel Mac OS X 10_9_3) AppleWebKit/537.36 (KHTML, like Gecko) Chrome/35.0.1916.114 Safari/537.36',\n  'accept-language': 'en-US,en;q=0.8',\n  cookie: 'optimizelyEndUserId=oeu1401283293102r0.7142860956955701; optimizelySegments=%7B%7D; optimizelyBuckets=%7B%7D; ajs_group_id=null; ajs_user_id=454074; _sio=bc50185e-3b62-4671-b0ca-90c0a9fccea2----454074',\n  'x-forwarded-proto': 'http',\n  'x-region': 'usw',\n  'x-forwarded-for': '74.73.240.140, 23.251.148.106',\n  'x-forwarded-port': '80',\n  'x-request-start': 't=1401723785623632',\n  'x-client-ip': '23.251.148.106',\n  'x-forwarded-host': 'project-livec9c392e270cd.rhcloud.com',\n  'x-forwarded-server': 'localhost',\n  connection: 'Keep-Alive' } {} 1.1 GET /books/AliceInWonderland/1","timestamp":"2014-06-02T15:43:05.635Z"}
{"0":{"contentType":"application/json","resOptions":{}},"level":"info","message":"Service(s) calling finished. undefined","timestamp":"2014-06-02T15:43:05.644Z"}
{"logger":{"file":"test.log","level":"info"},"level":"info","message":"connect-rest has been configured. ","timestamp":"2014-06-02T15:44:21.360Z"}
{"level":"info","message":"Incoming request. { host: 'project-livec9c392e270cd.rhcloud.com',\n  'cache-control': 'no-cache',\n  'user-agent': 'Mozilla/5.0 (Macintosh; Intel Mac OS X 10_9_3) AppleWebKit/537.36 (KHTML, like Gecko) Chrome/35.0.1916.114 Safari/537.36',\n  accept: '*/*',\n  'accept-language': 'en-US,en;q=0.8',\n  cookie: 'optimizelyEndUserId=oeu1401283293102r0.7142860956955701; optimizelySegments=%7B%7D; optimizelyBuckets=%7B%7D; ajs_group_id=null; ajs_user_id=454074; _sio=bc50185e-3b62-4671-b0ca-90c0a9fccea2----454074',\n  'x-forwarded-proto': 'http',\n  'x-region': 'usw',\n  'x-forwarded-for': '74.73.240.140, 23.251.148.106',\n  'x-forwarded-port': '80',\n  'x-request-start': 't=1401723864640102',\n  'x-client-ip': '23.251.148.106',\n  'x-forwarded-host': 'project-livec9c392e270cd.rhcloud.com',\n  'x-forwarded-server': 'localhost',\n  connection: 'Keep-Alive' } {} 1.1 GET /books/AliceInWonderland/1","timestamp":"2014-06-02T15:44:24.656Z"}
{"0":{"contentType":"application/json","resOptions":{}},"level":"info","message":"Service(s) calling finished. undefined","timestamp":"2014-06-02T15:44:24.668Z"}
{"logger":{"file":"test.log","level":"info"},"level":"info","message":"connect-rest has been configured. ","timestamp":"2014-06-02T15:47:51.856Z"}
{"level":"info","message":"Incoming request. { host: 'project-livec9c392e270cd.rhcloud.com',\n  'cache-control': 'max-age=0',\n  accept: 'text/html,application/xhtml+xml,application/xml;q=0.9,image/webp,*/*;q=0.8',\n  'user-agent': 'Mozilla/5.0 (Macintosh; Intel Mac OS X 10_9_3) AppleWebKit/537.36 (KHTML, like Gecko) Chrome/35.0.1916.114 Safari/537.36',\n  'accept-language': 'en-US,en;q=0.8',\n  cookie: 'optimizelyEndUserId=oeu1401283293102r0.7142860956955701; optimizelySegments=%7B%7D; optimizelyBuckets=%7B%7D; ajs_group_id=null; ajs_user_id=454074; _sio=bc50185e-3b62-4671-b0ca-90c0a9fccea2----454074',\n  'x-forwarded-proto': 'http',\n  'x-region': 'usw',\n  'x-forwarded-for': '74.73.240.140, 23.251.148.106',\n  'x-forwarded-port': '80',\n  'x-request-start': 't=1401724076473430',\n  'x-client-ip': '23.251.148.106',\n  'x-forwarded-host': 'project-livec9c392e270cd.rhcloud.com',\n  'x-forwarded-server': 'localhost',\n  connection: 'Keep-Alive' } {} 1.1 GET /books/AliceInWonderland/1","timestamp":"2014-06-02T15:47:56.487Z"}
{"logger":{"file":"test.log","level":"info"},"level":"info","message":"connect-rest has been configured. ","timestamp":"2014-06-02T16:04:36.751Z"}
{"level":"info","message":"Incoming request. { host: 'project-livec9c392e270cd.rhcloud.com',\n  'cache-control': 'max-age=0',\n  accept: 'text/html,application/xhtml+xml,application/xml;q=0.9,image/webp,*/*;q=0.8',\n  'user-agent': 'Mozilla/5.0 (Macintosh; Intel Mac OS X 10_9_3) AppleWebKit/537.36 (KHTML, like Gecko) Chrome/35.0.1916.114 Safari/537.36',\n  'accept-language': 'en-US,en;q=0.8',\n  cookie: 'optimizelyEndUserId=oeu1401283293102r0.7142860956955701; optimizelySegments=%7B%7D; optimizelyBuckets=%7B%7D; ajs_group_id=null; ajs_user_id=454074; _sio=bc50185e-3b62-4671-b0ca-90c0a9fccea2----454074',\n  'x-forwarded-proto': 'http',\n  'x-region': 'usw',\n  'x-forwarded-for': '74.73.240.140, 23.251.148.106',\n  'x-forwarded-port': '80',\n  'x-request-start': 't=1401725080400546',\n  'x-client-ip': '23.251.148.106',\n  'x-forwarded-host': 'project-livec9c392e270cd.rhcloud.com',\n  'x-forwarded-server': 'localhost',\n  connection: 'Keep-Alive' } {} 1.1 GET /books/AliceInWonderland/1","timestamp":"2014-06-02T16:04:40.421Z"}
{"0":{"contentType":"application/json","result":"AliceInWonderland","resOptions":{}},"level":"info","message":"Service(s) calling finished. undefined","timestamp":"2014-06-02T16:04:40.426Z"}
{"logger":{"file":"test.log","level":"info"},"level":"info","message":"connect-rest has been configured. ","timestamp":"2014-06-02T16:05:47.861Z"}
{"level":"info","message":"Incoming request. { host: 'project-livec9c392e270cd.rhcloud.com',\n  'cache-control': 'max-age=0',\n  accept: 'text/html,application/xhtml+xml,application/xml;q=0.9,image/webp,*/*;q=0.8',\n  'user-agent': 'Mozilla/5.0 (Macintosh; Intel Mac OS X 10_9_3) AppleWebKit/537.36 (KHTML, like Gecko) Chrome/35.0.1916.114 Safari/537.36',\n  'accept-language': 'en-US,en;q=0.8',\n  cookie: 'optimizelyEndUserId=oeu1401283293102r0.7142860956955701; optimizelySegments=%7B%7D; optimizelyBuckets=%7B%7D; ajs_group_id=null; ajs_user_id=454074; _sio=bc50185e-3b62-4671-b0ca-90c0a9fccea2----454074',\n  'x-forwarded-proto': 'http',\n  'x-region': 'usw',\n  'x-forwarded-for': '74.73.240.140, 23.251.148.106',\n  'x-forwarded-port': '80',\n  'x-request-start': 't=1401725149367741',\n  'x-client-ip': '23.251.148.106',\n  'x-forwarded-host': 'project-livec9c392e270cd.rhcloud.com',\n  'x-forwarded-server': 'localhost',\n  connection: 'Keep-Alive' } {} 1.1 GET /books/AliceInWonderland/1","timestamp":"2014-06-02T16:05:49.393Z"}
{"0":{"contentType":"application/json","resOptions":{}},"level":"info","message":"Service(s) calling finished. undefined","timestamp":"2014-06-02T16:05:49.398Z"}
{"logger":{"file":"test.log","level":"info"},"level":"info","message":"connect-rest has been configured. ","timestamp":"2014-06-02T16:06:18.074Z"}
{"level":"info","message":"Incoming request. { host: 'project-livec9c392e270cd.rhcloud.com',\n  'cache-control': 'max-age=0',\n  accept: 'text/html,application/xhtml+xml,application/xml;q=0.9,image/webp,*/*;q=0.8',\n  'user-agent': 'Mozilla/5.0 (Macintosh; Intel Mac OS X 10_9_3) AppleWebKit/537.36 (KHTML, like Gecko) Chrome/35.0.1916.114 Safari/537.36',\n  'accept-language': 'en-US,en;q=0.8',\n  cookie: 'optimizelyEndUserId=oeu1401283293102r0.7142860956955701; optimizelySegments=%7B%7D; optimizelyBuckets=%7B%7D; ajs_group_id=null; ajs_user_id=454074; _sio=bc50185e-3b62-4671-b0ca-90c0a9fccea2----454074',\n  'x-forwarded-proto': 'http',\n  'x-region': 'usw',\n  'x-forwarded-for': '74.73.240.140, 23.251.148.106',\n  'x-forwarded-port': '80',\n  'x-request-start': 't=1401725181057464',\n  'x-client-ip': '23.251.148.106',\n  'x-forwarded-host': 'project-livec9c392e270cd.rhcloud.com',\n  'x-forwarded-server': 'localhost',\n  connection: 'Keep-Alive' } {} 1.1 GET /books/AliceInWonderland/1","timestamp":"2014-06-02T16:06:21.081Z"}
{"0":{"contentType":"application/json","resOptions":{}},"level":"info","message":"Service(s) calling finished. undefined","timestamp":"2014-06-02T16:06:21.089Z"}
{"logger":{"file":"test.log","level":"info"},"level":"info","message":"connect-rest has been configured. ","timestamp":"2014-06-02T16:07:51.744Z"}
{"level":"info","message":"Incoming request. { host: 'project-livec9c392e270cd.rhcloud.com',\n  'cache-control': 'max-age=0',\n  accept: 'text/html,application/xhtml+xml,application/xml;q=0.9,image/webp,*/*;q=0.8',\n  'user-agent': 'Mozilla/5.0 (Macintosh; Intel Mac OS X 10_9_3) AppleWebKit/537.36 (KHTML, like Gecko) Chrome/35.0.1916.114 Safari/537.36',\n  'accept-language': 'en-US,en;q=0.8',\n  cookie: 'optimizelyEndUserId=oeu1401283293102r0.7142860956955701; optimizelySegments=%7B%7D; optimizelyBuckets=%7B%7D; ajs_group_id=null; ajs_user_id=454074; _sio=bc50185e-3b62-4671-b0ca-90c0a9fccea2----454074',\n  'x-forwarded-proto': 'http',\n  'x-region': 'usw',\n  'x-forwarded-for': '74.73.240.140, 23.251.148.106',\n  'x-forwarded-port': '80',\n  'x-request-start': 't=1401725276831514',\n  'x-client-ip': '23.251.148.106',\n  'x-forwarded-host': 'project-livec9c392e270cd.rhcloud.com',\n  'x-forwarded-server': 'localhost',\n  connection: 'Keep-Alive' } {} 1.1 GET /books/AliceInWonderland/1","timestamp":"2014-06-02T16:07:56.880Z"}
{"0":{"contentType":"application/json","resOptions":{}},"level":"info","message":"Service(s) calling finished. undefined","timestamp":"2014-06-02T16:07:56.885Z"}
{"logger":{"file":"test.log","level":"info"},"level":"info","message":"connect-rest has been configured. ","timestamp":"2014-06-02T16:08:39.749Z"}
{"level":"info","message":"Incoming request. { host: 'project-livec9c392e270cd.rhcloud.com',\n  'cache-control': 'max-age=0',\n  accept: 'text/html,application/xhtml+xml,application/xml;q=0.9,image/webp,*/*;q=0.8',\n  'user-agent': 'Mozilla/5.0 (Macintosh; Intel Mac OS X 10_9_3) AppleWebKit/537.36 (KHTML, like Gecko) Chrome/35.0.1916.114 Safari/537.36',\n  'accept-language': 'en-US,en;q=0.8',\n  cookie: 'optimizelyEndUserId=oeu1401283293102r0.7142860956955701; optimizelySegments=%7B%7D; optimizelyBuckets=%7B%7D; ajs_group_id=null; ajs_user_id=454074; _sio=bc50185e-3b62-4671-b0ca-90c0a9fccea2----454074',\n  'x-forwarded-proto': 'http',\n  'x-region': 'usw',\n  'x-forwarded-for': '74.73.240.140, 23.251.148.106',\n  'x-forwarded-port': '80',\n  'x-request-start': 't=1401725322348521',\n  'x-client-ip': '23.251.148.106',\n  'x-forwarded-host': 'project-livec9c392e270cd.rhcloud.com',\n  'x-forwarded-server': 'localhost',\n  connection: 'Keep-Alive' } {} 1.1 GET /books/AliceInWonderland/1","timestamp":"2014-06-02T16:08:42.361Z"}
{"logger":{"file":"test.log","level":"info"},"level":"info","message":"connect-rest has been configured. ","timestamp":"2014-06-02T16:49:06.646Z"}
{"level":"info","message":"Incoming request. { host: 'project-livec9c392e270cd.rhcloud.com',\n  'cache-control': 'max-age=0',\n  accept: 'text/html,application/xhtml+xml,application/xml;q=0.9,image/webp,*/*;q=0.8',\n  'user-agent': 'Mozilla/5.0 (Macintosh; Intel Mac OS X 10_9_3) AppleWebKit/537.36 (KHTML, like Gecko) Chrome/35.0.1916.114 Safari/537.36',\n  'accept-language': 'en-US,en;q=0.8',\n  cookie: 'optimizelyEndUserId=oeu1401283293102r0.7142860956955701; optimizelySegments=%7B%7D; optimizelyBuckets=%7B%7D; ajs_group_id=null; ajs_user_id=454074; _sio=bc50185e-3b62-4671-b0ca-90c0a9fccea2----454074',\n  'x-forwarded-proto': 'http',\n  'x-region': 'usw',\n  'x-forwarded-for': '74.73.240.140, 23.251.148.106',\n  'x-forwarded-port': '80',\n  'x-request-start': 't=1401727750325783',\n  'x-client-ip': '23.251.148.106',\n  'x-forwarded-host': 'project-livec9c392e270cd.rhcloud.com',\n  'x-forwarded-server': 'localhost',\n  connection: 'Keep-Alive' } {} 1.1 GET /books/AliceInWonderland/1","timestamp":"2014-06-02T16:49:10.349Z"}
{"level":"info","message":"Incoming request. { host: 'project-livec9c392e270cd.rhcloud.com',\n  accept: 'text/html,application/xhtml+xml,application/xml;q=0.9,image/webp,*/*;q=0.8',\n  'user-agent': 'Mozilla/5.0 (Macintosh; Intel Mac OS X 10_9_3) AppleWebKit/537.36 (KHTML, like Gecko) Chrome/35.0.1916.114 Safari/537.36',\n  'accept-language': 'en-US,en;q=0.8',\n  cookie: 'optimizelyEndUserId=oeu1401283293102r0.7142860956955701; optimizelySegments=%7B%7D; optimizelyBuckets=%7B%7D; ajs_group_id=null; ajs_user_id=454074; _sio=bc50185e-3b62-4671-b0ca-90c0a9fccea2----454074',\n  'x-forwarded-proto': 'http',\n  'x-region': 'usw',\n  'x-forwarded-for': '74.73.240.140, 23.251.148.106',\n  'x-forwarded-port': '80',\n  'x-request-start': 't=1401727779666397',\n  'x-client-ip': '23.251.148.106',\n  'x-forwarded-host': 'project-livec9c392e270cd.rhcloud.com',\n  'x-forwarded-server': 'localhost',\n  connection: 'Keep-Alive' } {} 1.1 GET /geocode/","timestamp":"2014-06-02T16:49:39.691Z"}
{"logger":{"file":"test.log","level":"info"},"level":"info","message":"connect-rest has been configured. ","timestamp":"2014-06-02T16:51:40.358Z"}
{"level":"info","message":"Incoming request. { host: 'project-livec9c392e270cd.rhcloud.com',\n  'cache-control': 'max-age=0',\n  accept: 'text/html,application/xhtml+xml,application/xml;q=0.9,image/webp,*/*;q=0.8',\n  'user-agent': 'Mozilla/5.0 (Macintosh; Intel Mac OS X 10_9_3) AppleWebKit/537.36 (KHTML, like Gecko) Chrome/35.0.1916.114 Safari/537.36',\n  'accept-language': 'en-US,en;q=0.8',\n  cookie: 'optimizelyEndUserId=oeu1401283293102r0.7142860956955701; optimizelySegments=%7B%7D; optimizelyBuckets=%7B%7D; ajs_group_id=null; ajs_user_id=454074; _sio=bc50185e-3b62-4671-b0ca-90c0a9fccea2----454074',\n  'x-forwarded-proto': 'http',\n  'x-region': 'usw',\n  'x-forwarded-for': '74.73.240.140, 23.251.148.106',\n  'x-forwarded-port': '80',\n  'x-request-start': 't=1401727902562347',\n  'x-client-ip': '23.251.148.106',\n  'x-forwarded-host': 'project-livec9c392e270cd.rhcloud.com',\n  'x-forwarded-server': 'localhost',\n  connection: 'Keep-Alive' } {} 1.1 GET /geocode/","timestamp":"2014-06-02T16:51:42.586Z"}
{"logger":{"file":"test.log","level":"info"},"level":"info","message":"connect-rest has been configured. ","timestamp":"2014-06-02T17:20:02.908Z"}
{"level":"info","message":"Incoming request. { host: 'project-livec9c392e270cd.rhcloud.com',\n  'cache-control': 'max-age=0',\n  accept: 'text/html,application/xhtml+xml,application/xml;q=0.9,image/webp,*/*;q=0.8',\n  'user-agent': 'Mozilla/5.0 (Macintosh; Intel Mac OS X 10_9_3) AppleWebKit/537.36 (KHTML, like Gecko) Chrome/35.0.1916.114 Safari/537.36',\n  'accept-language': 'en-US,en;q=0.8',\n  cookie: 'optimizelyEndUserId=oeu1401283293102r0.7142860956955701; optimizelySegments=%7B%7D; optimizelyBuckets=%7B%7D; ajs_group_id=null; ajs_user_id=454074; _sio=bc50185e-3b62-4671-b0ca-90c0a9fccea2----454074',\n  'x-forwarded-proto': 'http',\n  'x-region': 'usw',\n  'x-forwarded-for': '74.73.240.140, 23.251.148.106',\n  'x-forwarded-port': '80',\n  'x-request-start': 't=1401729605727135',\n  'x-client-ip': '23.251.148.106',\n  'x-forwarded-host': 'project-livec9c392e270cd.rhcloud.com',\n  'x-forwarded-server': 'localhost',\n  connection: 'Keep-Alive' } {} 1.1 GET /geocode/","timestamp":"2014-06-02T17:20:05.798Z"}
{"logger":{"file":"test.log","level":"info"},"level":"info","message":"connect-rest has been configured. ","timestamp":"2014-06-02T18:21:39.926Z"}
{"level":"info","message":"Incoming request. { host: 'project-livec9c392e270cd.rhcloud.com',\n  'cache-control': 'max-age=0',\n  accept: 'text/html,application/xhtml+xml,application/xml;q=0.9,image/webp,*/*;q=0.8',\n  'user-agent': 'Mozilla/5.0 (Macintosh; Intel Mac OS X 10_9_3) AppleWebKit/537.36 (KHTML, like Gecko) Chrome/35.0.1916.114 Safari/537.36',\n  'accept-language': 'en-US,en;q=0.8',\n  cookie: 'optimizelyEndUserId=oeu1401283293102r0.7142860956955701; optimizelySegments=%7B%7D; optimizelyBuckets=%7B%7D; ajs_group_id=null; ajs_user_id=454074; _sio=d99c84bb-f42d-4f5a-8779-b798750eae50----454074',\n  'x-forwarded-proto': 'http',\n  'x-region': 'usw',\n  'x-forwarded-for': '74.73.240.140, 23.251.148.106',\n  'x-forwarded-port': '80',\n  'x-request-start': 't=1401733303838557',\n  'x-client-ip': '23.251.148.106',\n  'x-forwarded-host': 'project-livec9c392e270cd.rhcloud.com',\n  'x-forwarded-server': 'localhost',\n  connection: 'Keep-Alive' } {} 1.1 GET /geocode/","timestamp":"2014-06-02T18:21:43.865Z"}
{"logger":{"file":"test.log","level":"info"},"level":"info","message":"connect-rest has been configured. ","timestamp":"2014-06-02T18:27:05.044Z"}
{"level":"info","message":"Incoming request. { host: 'project-livec9c392e270cd.rhcloud.com',\n  'cache-control': 'max-age=0',\n  accept: 'text/html,application/xhtml+xml,application/xml;q=0.9,image/webp,*/*;q=0.8',\n  'user-agent': 'Mozilla/5.0 (Macintosh; Intel Mac OS X 10_9_3) AppleWebKit/537.36 (KHTML, like Gecko) Chrome/35.0.1916.114 Safari/537.36',\n  'accept-language': 'en-US,en;q=0.8',\n  cookie: 'optimizelyEndUserId=oeu1401283293102r0.7142860956955701; optimizelySegments=%7B%7D; optimizelyBuckets=%7B%7D; ajs_group_id=null; ajs_user_id=454074; _sio=d99c84bb-f42d-4f5a-8779-b798750eae50----454074',\n  'x-forwarded-proto': 'http',\n  'x-region': 'usw',\n  'x-forwarded-for': '74.73.240.140, 23.251.148.106',\n  'x-forwarded-port': '80',\n  'x-request-start': 't=1401733628388216',\n  'x-client-ip': '23.251.148.106',\n  'x-forwarded-host': 'project-livec9c392e270cd.rhcloud.com',\n  'x-forwarded-server': 'localhost',\n  connection: 'Keep-Alive' } {} 1.1 GET /geocode/","timestamp":"2014-06-02T18:27:08.414Z"}
{"logger":{"file":"test.log","level":"info"},"level":"info","message":"connect-rest has been configured. ","timestamp":"2014-06-02T18:29:50.508Z"}
{"level":"info","message":"Incoming request. { host: 'project-livec9c392e270cd.rhcloud.com',\n  'cache-control': 'max-age=0',\n  accept: 'text/html,application/xhtml+xml,application/xml;q=0.9,image/webp,*/*;q=0.8',\n  'user-agent': 'Mozilla/5.0 (Macintosh; Intel Mac OS X 10_9_3) AppleWebKit/537.36 (KHTML, like Gecko) Chrome/35.0.1916.114 Safari/537.36',\n  'accept-language': 'en-US,en;q=0.8',\n  cookie: 'optimizelyEndUserId=oeu1401283293102r0.7142860956955701; optimizelySegments=%7B%7D; optimizelyBuckets=%7B%7D; ajs_group_id=null; ajs_user_id=454074; _sio=d99c84bb-f42d-4f5a-8779-b798750eae50----454074',\n  'x-forwarded-proto': 'http',\n  'x-region': 'usw',\n  'x-forwarded-for': '74.73.240.140, 23.251.148.106',\n  'x-forwarded-port': '80',\n  'x-request-start': 't=1401733823005780',\n  'x-client-ip': '23.251.148.106',\n  'x-forwarded-host': 'project-livec9c392e270cd.rhcloud.com',\n  'x-forwarded-server': 'localhost',\n  connection: 'Keep-Alive' } {} 1.1 GET /geocode/","timestamp":"2014-06-02T18:30:23.242Z"}
{"logger":{"file":"test.log","level":"info"},"level":"info","message":"connect-rest has been configured. ","timestamp":"2014-06-02T18:34:10.362Z"}
{"level":"info","message":"Incoming request. { host: 'project-livec9c392e270cd.rhcloud.com',\n  'cache-control': 'max-age=0',\n  accept: 'text/html,application/xhtml+xml,application/xml;q=0.9,image/webp,*/*;q=0.8',\n  'user-agent': 'Mozilla/5.0 (Macintosh; Intel Mac OS X 10_9_3) AppleWebKit/537.36 (KHTML, like Gecko) Chrome/35.0.1916.114 Safari/537.36',\n  'accept-language': 'en-US,en;q=0.8',\n  cookie: 'optimizelyEndUserId=oeu1401283293102r0.7142860956955701; optimizelySegments=%7B%7D; optimizelyBuckets=%7B%7D; ajs_group_id=null; ajs_user_id=454074; _sio=d99c84bb-f42d-4f5a-8779-b798750eae50----454074',\n  'x-forwarded-proto': 'http',\n  'x-region': 'usw',\n  'x-forwarded-for': '74.73.240.140, 23.251.148.106',\n  'x-forwarded-port': '80',\n  'x-request-start': 't=1401734180432941',\n  'x-client-ip': '23.251.148.106',\n  'x-forwarded-host': 'project-livec9c392e270cd.rhcloud.com',\n  'x-forwarded-server': 'localhost',\n  connection: 'Keep-Alive' } {} 1.1 GET /geocode/","timestamp":"2014-06-02T18:36:20.474Z"}
{"level":"info","message":"Incoming request. { host: 'project-livec9c392e270cd.rhcloud.com',\n  'cache-control': 'max-age=0',\n  accept: 'text/html,application/xhtml+xml,application/xml;q=0.9,image/webp,*/*;q=0.8',\n  'user-agent': 'Mozilla/5.0 (Macintosh; Intel Mac OS X 10_9_3) AppleWebKit/537.36 (KHTML, like Gecko) Chrome/35.0.1916.114 Safari/537.36',\n  'accept-language': 'en-US,en;q=0.8',\n  cookie: 'optimizelyEndUserId=oeu1401283293102r0.7142860956955701; optimizelySegments=%7B%7D; optimizelyBuckets=%7B%7D; ajs_group_id=null; ajs_user_id=454074; _sio=d99c84bb-f42d-4f5a-8779-b798750eae50----454074',\n  'x-forwarded-proto': 'http',\n  'x-region': 'usw',\n  'x-forwarded-for': '74.73.240.140, 23.251.148.106',\n  'x-forwarded-port': '80',\n  'x-request-start': 't=1401734230173821',\n  'x-client-ip': '23.251.148.106',\n  'x-forwarded-host': 'project-livec9c392e270cd.rhcloud.com',\n  'x-forwarded-server': 'localhost',\n  connection: 'Keep-Alive' } {} 1.1 GET /geocode/","timestamp":"2014-06-02T18:37:10.180Z"}
{"logger":{"file":"test.log","level":"info"},"level":"info","message":"connect-rest has been configured. ","timestamp":"2014-06-02T18:44:33.668Z"}
{"level":"info","message":"Incoming request. { host: 'project-livec9c392e270cd.rhcloud.com',\n  'cache-control': 'max-age=0',\n  accept: 'text/html,application/xhtml+xml,application/xml;q=0.9,image/webp,*/*;q=0.8',\n  'user-agent': 'Mozilla/5.0 (Macintosh; Intel Mac OS X 10_9_3) AppleWebKit/537.36 (KHTML, like Gecko) Chrome/35.0.1916.114 Safari/537.36',\n  'accept-language': 'en-US,en;q=0.8',\n  cookie: 'optimizelyEndUserId=oeu1401283293102r0.7142860956955701; optimizelySegments=%7B%7D; optimizelyBuckets=%7B%7D; ajs_group_id=null; ajs_user_id=454074; _sio=9a484106-18ed-477d-bc85-5ad90f833487----454074',\n  'x-forwarded-proto': 'http',\n  'x-region': 'usw',\n  'x-forwarded-for': '74.73.240.140, 23.251.148.106',\n  'x-forwarded-port': '80',\n  'x-request-start': 't=1401734677887595',\n  'x-client-ip': '23.251.148.106',\n  'x-forwarded-host': 'project-livec9c392e270cd.rhcloud.com',\n  'x-forwarded-server': 'localhost',\n  connection: 'Keep-Alive' } {} 1.1 GET /geocode/","timestamp":"2014-06-02T18:44:37.907Z"}
{"logger":{"file":"test.log","level":"info"},"level":"info","message":"connect-rest has been configured. ","timestamp":"2014-06-02T18:47:07.256Z"}
{"level":"info","message":"Incoming request. { host: 'project-livec9c392e270cd.rhcloud.com',\n  'cache-control': 'max-age=0',\n  accept: 'text/html,application/xhtml+xml,application/xml;q=0.9,image/webp,*/*;q=0.8',\n  'user-agent': 'Mozilla/5.0 (Macintosh; Intel Mac OS X 10_9_3) AppleWebKit/537.36 (KHTML, like Gecko) Chrome/35.0.1916.114 Safari/537.36',\n  'accept-language': 'en-US,en;q=0.8',\n  cookie: 'optimizelyEndUserId=oeu1401283293102r0.7142860956955701; optimizelySegments=%7B%7D; optimizelyBuckets=%7B%7D; ajs_group_id=null; ajs_user_id=454074; _sio=9a484106-18ed-477d-bc85-5ad90f833487----454074',\n  'x-forwarded-proto': 'http',\n  'x-region': 'usw',\n  'x-forwarded-for': '74.73.240.140, 23.251.148.106',\n  'x-forwarded-port': '80',\n  'x-request-start': 't=1401734829625387',\n  'x-client-ip': '23.251.148.106',\n  'x-forwarded-host': 'project-livec9c392e270cd.rhcloud.com',\n  'x-forwarded-server': 'localhost',\n  connection: 'Keep-Alive' } {} 1.1 GET /geocode/","timestamp":"2014-06-02T18:47:09.636Z"}
{"logger":{"file":"test.log","level":"info"},"level":"info","message":"connect-rest has been configured. ","timestamp":"2014-06-02T18:48:04.765Z"}
{"level":"info","message":"Incoming request. { host: 'project-livec9c392e270cd.rhcloud.com',\n  'cache-control': 'max-age=0',\n  accept: 'text/html,application/xhtml+xml,application/xml;q=0.9,image/webp,*/*;q=0.8',\n  'user-agent': 'Mozilla/5.0 (Macintosh; Intel Mac OS X 10_9_3) AppleWebKit/537.36 (KHTML, like Gecko) Chrome/35.0.1916.114 Safari/537.36',\n  'accept-language': 'en-US,en;q=0.8',\n  cookie: 'optimizelyEndUserId=oeu1401283293102r0.7142860956955701; optimizelySegments=%7B%7D; optimizelyBuckets=%7B%7D; ajs_group_id=null; ajs_user_id=454074; _sio=9a484106-18ed-477d-bc85-5ad90f833487----454074',\n  'x-forwarded-proto': 'http',\n  'x-region': 'usw',\n  'x-forwarded-for': '74.73.240.140, 23.251.148.106',\n  'x-forwarded-port': '80',\n  'x-request-start': 't=1401734890834247',\n  'x-client-ip': '23.251.148.106',\n  'x-forwarded-host': 'project-livec9c392e270cd.rhcloud.com',\n  'x-forwarded-server': 'localhost',\n  connection: 'Keep-Alive' } {} 1.1 GET /geocode/","timestamp":"2014-06-02T18:48:10.878Z"}
{"logger":{"file":"test.log","level":"info"},"level":"info","message":"connect-rest has been configured. ","timestamp":"2014-06-02T18:56:46.680Z"}
{"level":"info","message":"Incoming request. { host: 'project-livec9c392e270cd.rhcloud.com',\n  'cache-control': 'max-age=0',\n  accept: 'text/html,application/xhtml+xml,application/xml;q=0.9,image/webp,*/*;q=0.8',\n  'user-agent': 'Mozilla/5.0 (Macintosh; Intel Mac OS X 10_9_3) AppleWebKit/537.36 (KHTML, like Gecko) Chrome/35.0.1916.114 Safari/537.36',\n  'accept-language': 'en-US,en;q=0.8',\n  cookie: 'optimizelyEndUserId=oeu1401283293102r0.7142860956955701; optimizelySegments=%7B%7D; optimizelyBuckets=%7B%7D; ajs_group_id=null; ajs_user_id=454074; _sio=9a484106-18ed-477d-bc85-5ad90f833487----454074',\n  'x-forwarded-proto': 'http',\n  'x-region': 'usw',\n  'x-forwarded-for': '74.73.240.140, 23.251.148.106',\n  'x-forwarded-port': '80',\n  'x-request-start': 't=1401735410872690',\n  'x-client-ip': '23.251.148.106',\n  'x-forwarded-host': 'project-livec9c392e270cd.rhcloud.com',\n  'x-forwarded-server': 'localhost',\n  connection: 'Keep-Alive' } {} 1.1 GET /geocode/","timestamp":"2014-06-02T18:56:50.886Z"}
{"logger":{"file":"test.log","level":"info"},"level":"info","message":"connect-rest has been configured. ","timestamp":"2014-06-02T19:10:34.052Z"}
{"level":"info","message":"Incoming request. { host: 'project-livec9c392e270cd.rhcloud.com',\n  'cache-control': 'max-age=0',\n  accept: 'text/html,application/xhtml+xml,application/xml;q=0.9,image/webp,*/*;q=0.8',\n  'user-agent': 'Mozilla/5.0 (Macintosh; Intel Mac OS X 10_9_3) AppleWebKit/537.36 (KHTML, like Gecko) Chrome/35.0.1916.114 Safari/537.36',\n  'accept-language': 'en-US,en;q=0.8',\n  cookie: 'optimizelyEndUserId=oeu1401283293102r0.7142860956955701; optimizelySegments=%7B%7D; optimizelyBuckets=%7B%7D; ajs_group_id=null; ajs_user_id=454074; _sio=9a484106-18ed-477d-bc85-5ad90f833487----454074',\n  'x-forwarded-proto': 'http',\n  'x-region': 'usw',\n  'x-forwarded-for': '74.73.240.140, 23.251.148.106',\n  'x-forwarded-port': '80',\n  'x-request-start': 't=1401736237732565',\n  'x-client-ip': '23.251.148.106',\n  'x-forwarded-host': 'project-livec9c392e270cd.rhcloud.com',\n  'x-forwarded-server': 'localhost',\n  connection: 'Keep-Alive' } {} 1.1 GET /geocode/","timestamp":"2014-06-02T19:10:37.892Z"}
{"logger":{"file":"test.log","level":"info"},"level":"info","message":"connect-rest has been configured. ","timestamp":"2014-06-02T19:12:24.617Z"}
{"level":"info","message":"Incoming request. { host: 'project-livec9c392e270cd.rhcloud.com',\n  'cache-control': 'max-age=0',\n  accept: 'text/html,application/xhtml+xml,application/xml;q=0.9,image/webp,*/*;q=0.8',\n  'user-agent': 'Mozilla/5.0 (Macintosh; Intel Mac OS X 10_9_3) AppleWebKit/537.36 (KHTML, like Gecko) Chrome/35.0.1916.114 Safari/537.36',\n  'accept-language': 'en-US,en;q=0.8',\n  cookie: 'optimizelyEndUserId=oeu1401283293102r0.7142860956955701; optimizelySegments=%7B%7D; optimizelyBuckets=%7B%7D; ajs_group_id=null; ajs_user_id=454074; _sio=9a484106-18ed-477d-bc85-5ad90f833487----454074',\n  'x-forwarded-proto': 'http',\n  'x-region': 'usw',\n  'x-forwarded-for': '74.73.240.140, 23.251.148.106',\n  'x-forwarded-port': '80',\n  'x-request-start': 't=1401736349592338',\n  'x-client-ip': '23.251.148.106',\n  'x-forwarded-host': 'project-livec9c392e270cd.rhcloud.com',\n  'x-forwarded-server': 'localhost',\n  connection: 'Keep-Alive' } {} 1.1 GET /geocode/","timestamp":"2014-06-02T19:12:29.630Z"}
{"logger":{"file":"test.log","level":"info"},"level":"info","message":"connect-rest has been configured. ","timestamp":"2014-06-02T19:16:20.375Z"}
{"level":"info","message":"Incoming request. { host: 'project-livec9c392e270cd.rhcloud.com',\n  'cache-control': 'max-age=0',\n  accept: 'text/html,application/xhtml+xml,application/xml;q=0.9,image/webp,*/*;q=0.8',\n  'user-agent': 'Mozilla/5.0 (Macintosh; Intel Mac OS X 10_9_3) AppleWebKit/537.36 (KHTML, like Gecko) Chrome/35.0.1916.114 Safari/537.36',\n  'accept-language': 'en-US,en;q=0.8',\n  cookie: 'optimizelyEndUserId=oeu1401283293102r0.7142860956955701; optimizelySegments=%7B%7D; optimizelyBuckets=%7B%7D; ajs_group_id=null; ajs_user_id=454074; _sio=9a484106-18ed-477d-bc85-5ad90f833487----454074',\n  'x-forwarded-proto': 'http',\n  'x-region': 'usw',\n  'x-forwarded-for': '74.73.240.140, 23.251.148.106',\n  'x-forwarded-port': '80',\n  'x-request-start': 't=1401736581964782',\n  'x-client-ip': '23.251.148.106',\n  'x-forwarded-host': 'project-livec9c392e270cd.rhcloud.com',\n  'x-forwarded-server': 'localhost',\n  connection: 'Keep-Alive' } {} 1.1 GET /geocode/","timestamp":"2014-06-02T19:16:21.980Z"}
{"logger":{"file":"test.log","level":"info"},"level":"info","message":"connect-rest has been configured. ","timestamp":"2014-06-02T19:17:00.657Z"}
{"level":"info","message":"Incoming request. { host: 'project-livec9c392e270cd.rhcloud.com',\n  'cache-control': 'max-age=0',\n  accept: 'text/html,application/xhtml+xml,application/xml;q=0.9,image/webp,*/*;q=0.8',\n  'user-agent': 'Mozilla/5.0 (Macintosh; Intel Mac OS X 10_9_3) AppleWebKit/537.36 (KHTML, like Gecko) Chrome/35.0.1916.114 Safari/537.36',\n  'accept-language': 'en-US,en;q=0.8',\n  cookie: 'optimizelyEndUserId=oeu1401283293102r0.7142860956955701; optimizelySegments=%7B%7D; optimizelyBuckets=%7B%7D; ajs_group_id=null; ajs_user_id=454074; _sio=9a484106-18ed-477d-bc85-5ad90f833487----454074',\n  'x-forwarded-proto': 'http',\n  'x-region': 'usw',\n  'x-forwarded-for': '74.73.240.140, 23.251.148.106',\n  'x-forwarded-port': '80',\n  'x-request-start': 't=1401736621394479',\n  'x-client-ip': '23.251.148.106',\n  'x-forwarded-host': 'project-livec9c392e270cd.rhcloud.com',\n  'x-forwarded-server': 'localhost',\n  connection: 'Keep-Alive' } {} 1.1 GET /geocode/","timestamp":"2014-06-02T19:17:01.404Z"}
{"logger":{"file":"test.log","level":"info"},"level":"info","message":"connect-rest has been configured. ","timestamp":"2014-06-02T19:18:50.364Z"}
{"level":"info","message":"Incoming request. { host: 'project-livec9c392e270cd.rhcloud.com',\n  'cache-control': 'max-age=0',\n  accept: 'text/html,application/xhtml+xml,application/xml;q=0.9,image/webp,*/*;q=0.8',\n  'user-agent': 'Mozilla/5.0 (Macintosh; Intel Mac OS X 10_9_3) AppleWebKit/537.36 (KHTML, like Gecko) Chrome/35.0.1916.114 Safari/537.36',\n  'accept-language': 'en-US,en;q=0.8',\n  cookie: 'optimizelyEndUserId=oeu1401283293102r0.7142860956955701; optimizelySegments=%7B%7D; optimizelyBuckets=%7B%7D; ajs_group_id=null; ajs_user_id=454074; _sio=9a484106-18ed-477d-bc85-5ad90f833487----454074',\n  'x-forwarded-proto': 'http',\n  'x-region': 'usw',\n  'x-forwarded-for': '74.73.240.140, 23.251.148.106',\n  'x-forwarded-port': '80',\n  'x-request-start': 't=1401736732983348',\n  'x-client-ip': '23.251.148.106',\n  'x-forwarded-host': 'project-livec9c392e270cd.rhcloud.com',\n  'x-forwarded-server': 'localhost',\n  connection: 'Keep-Alive' } {} 1.1 GET /geocode/","timestamp":"2014-06-02T19:18:53.000Z"}
{"logger":{"file":"test.log","level":"info"},"level":"info","message":"connect-rest has been configured. ","timestamp":"2014-06-02T19:22:09.460Z"}
{"level":"info","message":"Incoming request. { host: 'project-livec9c392e270cd.rhcloud.com',\n  'cache-control': 'max-age=0',\n  accept: 'text/html,application/xhtml+xml,application/xml;q=0.9,image/webp,*/*;q=0.8',\n  'user-agent': 'Mozilla/5.0 (Macintosh; Intel Mac OS X 10_9_3) AppleWebKit/537.36 (KHTML, like Gecko) Chrome/35.0.1916.114 Safari/537.36',\n  'accept-language': 'en-US,en;q=0.8',\n  cookie: 'optimizelyEndUserId=oeu1401283293102r0.7142860956955701; optimizelySegments=%7B%7D; optimizelyBuckets=%7B%7D; ajs_group_id=null; ajs_user_id=454074; _sio=9a484106-18ed-477d-bc85-5ad90f833487----454074',\n  'x-forwarded-proto': 'http',\n  'x-region': 'usw',\n  'x-forwarded-for': '74.73.240.140, 23.251.148.106',\n  'x-forwarded-port': '80',\n  'x-request-start': 't=1401736932932928',\n  'x-client-ip': '23.251.148.106',\n  'x-forwarded-host': 'project-livec9c392e270cd.rhcloud.com',\n  'x-forwarded-server': 'localhost',\n  connection: 'Keep-Alive' } {} 1.1 GET /geocode/","timestamp":"2014-06-02T19:22:12.959Z"}
{"logger":{"file":"test.log","level":"info"},"level":"info","message":"connect-rest has been configured. ","timestamp":"2014-06-02T19:23:01.594Z"}
{"level":"info","message":"Incoming request. { host: 'project-livec9c392e270cd.rhcloud.com',\n  'cache-control': 'max-age=0',\n  accept: 'text/html,application/xhtml+xml,application/xml;q=0.9,image/webp,*/*;q=0.8',\n  'user-agent': 'Mozilla/5.0 (Macintosh; Intel Mac OS X 10_9_3) AppleWebKit/537.36 (KHTML, like Gecko) Chrome/35.0.1916.114 Safari/537.36',\n  'accept-language': 'en-US,en;q=0.8',\n  cookie: 'optimizelyEndUserId=oeu1401283293102r0.7142860956955701; optimizelySegments=%7B%7D; optimizelyBuckets=%7B%7D; ajs_group_id=null; ajs_user_id=454074; _sio=9a484106-18ed-477d-bc85-5ad90f833487----454074',\n  'x-forwarded-proto': 'http',\n  'x-region': 'usw',\n  'x-forwarded-for': '74.73.240.140, 23.251.148.106',\n  'x-forwarded-port': '80',\n  'x-request-start': 't=1401736982639449',\n  'x-client-ip': '23.251.148.106',\n  'x-forwarded-host': 'project-livec9c392e270cd.rhcloud.com',\n  'x-forwarded-server': 'localhost',\n  connection: 'Keep-Alive' } {} 1.1 GET /geocode/","timestamp":"2014-06-02T19:23:02.672Z"}
{"logger":{"file":"test.log","level":"info"},"level":"info","message":"connect-rest has been configured. ","timestamp":"2014-06-02T20:14:56.889Z"}
{"level":"info","message":"Incoming request. { host: 'project-livec9c392e270cd.rhcloud.com',\n  'cache-control': 'max-age=0',\n  accept: 'text/html,application/xhtml+xml,application/xml;q=0.9,image/webp,*/*;q=0.8',\n  'user-agent': 'Mozilla/5.0 (Macintosh; Intel Mac OS X 10_9_3) AppleWebKit/537.36 (KHTML, like Gecko) Chrome/35.0.1916.114 Safari/537.36',\n  'accept-language': 'en-US,en;q=0.8',\n  cookie: 'optimizelyEndUserId=oeu1401283293102r0.7142860956955701; optimizelySegments=%7B%7D; optimizelyBuckets=%7B%7D; ajs_group_id=null; ajs_user_id=454074; _sio=5a5f796c-e89a-415e-9a0d-d25c007c9325----454074',\n  'x-forwarded-proto': 'http',\n  'x-region': 'usw',\n  'x-forwarded-for': '74.73.240.140, 23.251.148.106',\n  'x-forwarded-port': '80',\n  'x-request-start': 't=1401740105740133',\n  'x-client-ip': '23.251.148.106',\n  'x-forwarded-host': 'project-livec9c392e270cd.rhcloud.com',\n  'x-forwarded-server': 'localhost',\n  connection: 'Keep-Alive' } {} 1.1 GET /geocode/","timestamp":"2014-06-02T20:15:05.788Z"}
{"level":"info","message":"Incoming request. { host: 'project-livec9c392e270cd.rhcloud.com',\n  'cache-control': 'max-age=0',\n  accept: 'text/html,application/xhtml+xml,application/xml;q=0.9,image/webp,*/*;q=0.8',\n  'user-agent': 'Mozilla/5.0 (Macintosh; Intel Mac OS X 10_9_3) AppleWebKit/537.36 (KHTML, like Gecko) Chrome/35.0.1916.114 Safari/537.36',\n  'accept-language': 'en-US,en;q=0.8',\n  cookie: 'optimizelyEndUserId=oeu1401283293102r0.7142860956955701; optimizelySegments=%7B%7D; optimizelyBuckets=%7B%7D; ajs_group_id=null; ajs_user_id=454074; _sio=5a5f796c-e89a-415e-9a0d-d25c007c9325----454074',\n  'x-forwarded-proto': 'http',\n  'x-region': 'usw',\n  'x-forwarded-for': '74.73.240.140, 23.251.148.106',\n  'x-forwarded-port': '80',\n  'x-request-start': 't=1401740444069859',\n  'x-client-ip': '23.251.148.106',\n  'x-forwarded-host': 'project-livec9c392e270cd.rhcloud.com',\n  'x-forwarded-server': 'localhost',\n  connection: 'Keep-Alive' } {} 1.1 GET /geocode/","timestamp":"2014-06-02T20:20:44.117Z"}
{"level":"info","message":"Incoming request. { host: 'project-livec9c392e270cd.rhcloud.com',\n  'cache-control': 'max-age=0',\n  accept: 'text/html,application/xhtml+xml,application/xml;q=0.9,image/webp,*/*;q=0.8',\n  'user-agent': 'Mozilla/5.0 (Macintosh; Intel Mac OS X 10_9_3) AppleWebKit/537.36 (KHTML, like Gecko) Chrome/35.0.1916.114 Safari/537.36',\n  'accept-language': 'en-US,en;q=0.8',\n  cookie: 'optimizelyEndUserId=oeu1401283293102r0.7142860956955701; optimizelySegments=%7B%7D; optimizelyBuckets=%7B%7D; ajs_group_id=null; ajs_user_id=454074; _sio=5a5f796c-e89a-415e-9a0d-d25c007c9325----454074',\n  'x-forwarded-proto': 'http',\n  'x-region': 'usw',\n  'x-forwarded-for': '74.73.240.140, 23.251.148.106',\n  'x-forwarded-port': '80',\n  'x-request-start': 't=1401740477769302',\n  'x-client-ip': '23.251.148.106',\n  'x-forwarded-host': 'project-livec9c392e270cd.rhcloud.com',\n  'x-forwarded-server': 'localhost',\n  connection: 'Keep-Alive' } {} 1.1 GET /geocode/","timestamp":"2014-06-02T20:21:17.771Z"}
{"logger":{"file":"test.log","level":"info"},"level":"info","message":"connect-rest has been configured. ","timestamp":"2014-06-02T20:22:21.845Z"}
{"level":"info","message":"Incoming request. { host: 'project-livec9c392e270cd.rhcloud.com',\n  'cache-control': 'max-age=0',\n  accept: 'text/html,application/xhtml+xml,application/xml;q=0.9,image/webp,*/*;q=0.8',\n  'user-agent': 'Mozilla/5.0 (Macintosh; Intel Mac OS X 10_9_3) AppleWebKit/537.36 (KHTML, like Gecko) Chrome/35.0.1916.114 Safari/537.36',\n  'accept-language': 'en-US,en;q=0.8',\n  cookie: 'optimizelyEndUserId=oeu1401283293102r0.7142860956955701; optimizelySegments=%7B%7D; optimizelyBuckets=%7B%7D; ajs_group_id=null; ajs_user_id=454074; _sio=5a5f796c-e89a-415e-9a0d-d25c007c9325----454074',\n  'x-forwarded-proto': 'http',\n  'x-region': 'usw',\n  'x-forwarded-for': '74.73.240.140, 23.251.148.106',\n  'x-forwarded-port': '80',\n  'x-request-start': 't=1401740641959731',\n  'x-client-ip': '23.251.148.106',\n  'x-forwarded-host': 'project-livec9c392e270cd.rhcloud.com',\n  'x-forwarded-server': 'localhost',\n  connection: 'Keep-Alive' } {} 1.1 GET /geocode/","timestamp":"2014-06-02T20:24:01.965Z"}
{"level":"info","message":"Incoming request. { host: 'project-livec9c392e270cd.rhcloud.com',\n  'cache-control': 'max-age=0',\n  accept: 'text/html,application/xhtml+xml,application/xml;q=0.9,image/webp,*/*;q=0.8',\n  'user-agent': 'Mozilla/5.0 (Macintosh; Intel Mac OS X 10_9_3) AppleWebKit/537.36 (KHTML, like Gecko) Chrome/35.0.1916.114 Safari/537.36',\n  'accept-language': 'en-US,en;q=0.8',\n  cookie: 'optimizelyEndUserId=oeu1401283293102r0.7142860956955701; optimizelySegments=%7B%7D; optimizelyBuckets=%7B%7D; ajs_group_id=null; ajs_user_id=454074; _sio=5a5f796c-e89a-415e-9a0d-d25c007c9325----454074',\n  'x-forwarded-proto': 'http',\n  'x-region': 'usw',\n  'x-forwarded-for': '74.73.240.140, 23.251.148.106',\n  'x-forwarded-port': '80',\n  'x-request-start': 't=1401740722542859',\n  'x-client-ip': '23.251.148.106',\n  'x-forwarded-host': 'project-livec9c392e270cd.rhcloud.com',\n  'x-forwarded-server': 'localhost',\n  connection: 'Keep-Alive' } {} 1.1 GET /geocode/","timestamp":"2014-06-02T20:25:22.561Z"}
{"logger":{"file":"test.log","level":"info"},"level":"info","message":"connect-rest has been configured. ","timestamp":"2014-06-02T20:32:35.981Z"}
{"level":"info","message":"Incoming request. { host: 'project-livec9c392e270cd.rhcloud.com',\n  'cache-control': 'max-age=0',\n  accept: 'text/html,application/xhtml+xml,application/xml;q=0.9,image/webp,*/*;q=0.8',\n  'user-agent': 'Mozilla/5.0 (Macintosh; Intel Mac OS X 10_9_3) AppleWebKit/537.36 (KHTML, like Gecko) Chrome/35.0.1916.114 Safari/537.36',\n  'accept-language': 'en-US,en;q=0.8',\n  cookie: 'optimizelyEndUserId=oeu1401283293102r0.7142860956955701; optimizelySegments=%7B%7D; optimizelyBuckets=%7B%7D; ajs_group_id=null; ajs_user_id=454074; _sio=e7449a94-4aba-4dac-8b11-7d5771915093----454074',\n  'x-forwarded-proto': 'http',\n  'x-region': 'usw',\n  'x-forwarded-for': '74.73.240.140, 23.251.148.106',\n  'x-forwarded-port': '80',\n  'x-request-start': 't=1401741160084370',\n  'x-client-ip': '23.251.148.106',\n  'x-forwarded-host': 'project-livec9c392e270cd.rhcloud.com',\n  'x-forwarded-server': 'localhost',\n  connection: 'Keep-Alive' } {} 1.1 GET /geocode/","timestamp":"2014-06-02T20:32:40.111Z"}
{"logger":{"file":"test.log","level":"info"},"level":"info","message":"connect-rest has been configured. ","timestamp":"2014-06-02T20:35:20.533Z"}
{"level":"info","message":"Incoming request. { host: 'project-livec9c392e270cd.rhcloud.com',\n  'cache-control': 'max-age=0',\n  accept: 'text/html,application/xhtml+xml,application/xml;q=0.9,image/webp,*/*;q=0.8',\n  'user-agent': 'Mozilla/5.0 (Macintosh; Intel Mac OS X 10_9_3) AppleWebKit/537.36 (KHTML, like Gecko) Chrome/35.0.1916.114 Safari/537.36',\n  'accept-language': 'en-US,en;q=0.8',\n  cookie: 'optimizelyEndUserId=oeu1401283293102r0.7142860956955701; optimizelySegments=%7B%7D; optimizelyBuckets=%7B%7D; ajs_group_id=null; ajs_user_id=454074; _sio=e7449a94-4aba-4dac-8b11-7d5771915093----454074',\n  'x-forwarded-proto': 'http',\n  'x-region': 'usw',\n  'x-forwarded-for': '74.73.240.140, 23.251.148.106',\n  'x-forwarded-port': '80',\n  'x-request-start': 't=1401741333931368',\n  'x-client-ip': '23.251.148.106',\n  'x-forwarded-host': 'project-livec9c392e270cd.rhcloud.com',\n  'x-forwarded-server': 'localhost',\n  connection: 'Keep-Alive' } {} 1.1 GET /geocode/","timestamp":"2014-06-02T20:35:33.948Z"}
{"0":{"contentType":"application/json","result":"{\n   \"results\" : [\n      {\n         \"address_components\" : [\n            {\n               \"long_name\" : \"104\",\n               \"short_name\" : \"104\",\n               \"types\" : [ \"street_number\" ]\n            },\n            {\n               \"long_name\" : \"Franklin Street\",\n               \"short_name\" : \"Franklin St\",\n               \"types\" : [ \"route\" ]\n            },\n            {\n               \"long_name\" : \"Lower Manhattan\",\n               \"short_name\" : \"Lower Manhattan\",\n               \"types\" : [ \"neighborhood\", \"political\" ]\n            },\n            {\n               \"long_name\" : \"Manhattan\",\n               \"short_name\" : \"Manhattan\",\n               \"types\" : [ \"sublocality\", \"political\" ]\n            },\n            {\n               \"long_name\" : \"New York\",\n               \"short_name\" : \"New York\",\n               \"types\" : [ \"locality\", \"political\" ]\n            },\n            {\n               \"long_name\" : \"New York County\",\n               \"short_name\" : \"New York County\",\n               \"types\" : [ \"administrative_area_level_2\", \"political\" ]\n            },\n            {\n               \"long_name\" : \"New York\",\n               \"short_name\" : \"NY\",\n               \"types\" : [ \"administrative_area_level_1\", \"political\" ]\n            },\n            {\n               \"long_name\" : \"United States\",\n               \"short_name\" : \"US\",\n               \"types\" : [ \"country\", \"political\" ]\n            },\n            {\n               \"long_name\" : \"10013\",\n               \"short_name\" : \"10013\",\n               \"types\" : [ \"postal_code\" ]\n            }\n         ],\n         \"formatted_address\" : \"104 Franklin Street, New York, NY 10013, USA\",\n         \"geometry\" : {\n            \"location\" : {\n               \"lat\" : 40.71863,\n               \"lng\" : -74.005584\n            },\n            \"location_type\" : \"ROOFTOP\",\n            \"viewport\" : {\n               \"northeast\" : {\n                  \"lat\" : 40.71997898029149,\n                  \"lng\" : -74.00423501970849\n               },\n               \"southwest\" : {\n                  \"lat\" : 40.71728101970849,\n                  \"lng\" : -74.0069329802915\n               }\n            }\n         },\n         \"types\" : [ \"street_address\" ]\n      }\n   ],\n   \"status\" : \"OK\"\n}\n","resOptions":{}},"level":"info","message":"Service(s) calling finished. undefined","timestamp":"2014-06-02T20:35:34.831Z"}
{"logger":{"file":"test.log","level":"info"},"level":"info","message":"connect-rest has been configured. ","timestamp":"2014-06-02T20:36:22.466Z"}
{"level":"info","message":"Incoming request. { host: 'project-livec9c392e270cd.rhcloud.com',\n  'cache-control': 'max-age=0',\n  accept: 'text/html,application/xhtml+xml,application/xml;q=0.9,image/webp,*/*;q=0.8',\n  'user-agent': 'Mozilla/5.0 (Macintosh; Intel Mac OS X 10_9_3) AppleWebKit/537.36 (KHTML, like Gecko) Chrome/35.0.1916.114 Safari/537.36',\n  'accept-language': 'en-US,en;q=0.8',\n  cookie: 'optimizelyEndUserId=oeu1401283293102r0.7142860956955701; optimizelySegments=%7B%7D; optimizelyBuckets=%7B%7D; ajs_group_id=null; ajs_user_id=454074; _sio=e7449a94-4aba-4dac-8b11-7d5771915093----454074',\n  'x-forwarded-proto': 'http',\n  'x-region': 'usw',\n  'x-forwarded-for': '74.73.240.140, 23.251.148.106',\n  'x-forwarded-port': '80',\n  'x-request-start': 't=1401741385472340',\n  'x-client-ip': '23.251.148.106',\n  'x-forwarded-host': 'project-livec9c392e270cd.rhcloud.com',\n  'x-forwarded-server': 'localhost',\n  connection: 'Keep-Alive' } {} 1.1 GET /geocode/","timestamp":"2014-06-02T20:36:25.503Z"}
{"0":{"contentType":"application/json","result":"{\n   \"results\" : [\n      {\n         \"address_components\" : [\n            {\n               \"long_name\" : \"104\",\n               \"short_name\" : \"104\",\n               \"types\" : [ \"street_number\" ]\n            },\n            {\n               \"long_name\" : \"Franklin Street\",\n               \"short_name\" : \"Franklin St\",\n               \"types\" : [ \"route\" ]\n            },\n            {\n               \"long_name\" : \"Lower Manhattan\",\n               \"short_name\" : \"Lower Manhattan\",\n               \"types\" : [ \"neighborhood\", \"political\" ]\n            },\n            {\n               \"long_name\" : \"Manhattan\",\n               \"short_name\" : \"Manhattan\",\n               \"types\" : [ \"sublocality\", \"political\" ]\n            },\n            {\n               \"long_name\" : \"New York\",\n               \"short_name\" : \"New York\",\n               \"types\" : [ \"locality\", \"political\" ]\n            },\n            {\n               \"long_name\" : \"New York County\",\n               \"short_name\" : \"New York County\",\n               \"types\" : [ \"administrative_area_level_2\", \"political\" ]\n            },\n            {\n               \"long_name\" : \"New York\",\n               \"short_name\" : \"NY\",\n               \"types\" : [ \"administrative_area_level_1\", \"political\" ]\n            },\n            {\n               \"long_name\" : \"United States\",\n               \"short_name\" : \"US\",\n               \"types\" : [ \"country\", \"political\" ]\n            },\n            {\n               \"long_name\" : \"10013\",\n               \"short_name\" : \"10013\",\n               \"types\" : [ \"postal_code\" ]\n            }\n         ],\n         \"formatted_address\" : \"104 Franklin Street, New York, NY 10013, USA\",\n         \"geometry\" : {\n            \"location\" : {\n               \"lat\" : 40.71863,\n               \"lng\" : -74.005584\n            },\n            \"location_type\" : \"ROOFTOP\",\n            \"viewport\" : {\n               \"northeast\" : {\n                  \"lat\" : 40.71997898029149,\n                  \"lng\" : -74.00423501970849\n               },\n               \"southwest\" : {\n                  \"lat\" : 40.71728101970849,\n                  \"lng\" : -74.0069329802915\n               }\n            }\n         },\n         \"types\" : [ \"street_address\" ]\n      }\n   ],\n   \"status\" : \"OK\"\n}\n","resOptions":{}},"level":"info","message":"Service(s) calling finished. undefined","timestamp":"2014-06-02T20:36:26.434Z"}
{"level":"info","message":"Incoming request. { host: 'project-livec9c392e270cd.rhcloud.com',\n  accept: 'text/html,application/xhtml+xml,application/xml;q=0.9,image/webp,*/*;q=0.8',\n  'user-agent': 'Mozilla/5.0 (Macintosh; Intel Mac OS X 10_9_3) AppleWebKit/537.36 (KHTML, like Gecko) Chrome/35.0.1916.114 Safari/537.36',\n  'accept-language': 'en-US,en;q=0.8',\n  cookie: 'optimizelyEndUserId=oeu1401283293102r0.7142860956955701; optimizelySegments=%7B%7D; optimizelyBuckets=%7B%7D; ajs_group_id=null; ajs_user_id=454074; _sio=e7449a94-4aba-4dac-8b11-7d5771915093----454074',\n  'x-forwarded-proto': 'http',\n  'x-region': 'usw',\n  'x-forwarded-for': '74.73.240.140, 23.251.148.106',\n  'x-forwarded-port': '80',\n  'x-request-start': 't=1401741419257102',\n  'x-client-ip': '23.251.148.106',\n  'x-forwarded-host': 'project-livec9c392e270cd.rhcloud.com',\n  'x-forwarded-server': 'localhost',\n  connection: 'Keep-Alive' } {} 1.1 GET /geocode/68%20downing%20street,%20brooklyn%20NY%2011238","timestamp":"2014-06-02T20:36:59.295Z"}
{"0":{"contentType":"application/json","result":"{\n   \"results\" : [\n      {\n         \"address_components\" : [\n            {\n               \"long_name\" : \"104\",\n               \"short_name\" : \"104\",\n               \"types\" : [ \"street_number\" ]\n            },\n            {\n               \"long_name\" : \"Franklin Street\",\n               \"short_name\" : \"Franklin St\",\n               \"types\" : [ \"route\" ]\n            },\n            {\n               \"long_name\" : \"Lower Manhattan\",\n               \"short_name\" : \"Lower Manhattan\",\n               \"types\" : [ \"neighborhood\", \"political\" ]\n            },\n            {\n               \"long_name\" : \"Manhattan\",\n               \"short_name\" : \"Manhattan\",\n               \"types\" : [ \"sublocality\", \"political\" ]\n            },\n            {\n               \"long_name\" : \"New York\",\n               \"short_name\" : \"New York\",\n               \"types\" : [ \"locality\", \"political\" ]\n            },\n            {\n               \"long_name\" : \"New York County\",\n               \"short_name\" : \"New York County\",\n               \"types\" : [ \"administrative_area_level_2\", \"political\" ]\n            },\n            {\n               \"long_name\" : \"New York\",\n               \"short_name\" : \"NY\",\n               \"types\" : [ \"administrative_area_level_1\", \"political\" ]\n            },\n            {\n               \"long_name\" : \"United States\",\n               \"short_name\" : \"US\",\n               \"types\" : [ \"country\", \"political\" ]\n            },\n            {\n               \"long_name\" : \"10013\",\n               \"short_name\" : \"10013\",\n               \"types\" : [ \"postal_code\" ]\n            }\n         ],\n         \"formatted_address\" : \"104 Franklin Street, New York, NY 10013, USA\",\n         \"geometry\" : {\n            \"location\" : {\n               \"lat\" : 40.71863,\n               \"lng\" : -74.005584\n            },\n            \"location_type\" : \"ROOFTOP\",\n            \"viewport\" : {\n               \"northeast\" : {\n                  \"lat\" : 40.71997898029149,\n                  \"lng\" : -74.00423501970849\n               },\n               \"southwest\" : {\n                  \"lat\" : 40.71728101970849,\n                  \"lng\" : -74.0069329802915\n               }\n            }\n         },\n         \"types\" : [ \"street_address\" ]\n      }\n   ],\n   \"status\" : \"OK\"\n}\n","resOptions":{}},"level":"info","message":"Service(s) calling finished. undefined","timestamp":"2014-06-02T20:36:59.351Z"}
{"logger":{"file":"test.log","level":"info"},"level":"info","message":"connect-rest has been configured. ","timestamp":"2014-06-02T20:38:56.656Z"}
{"level":"info","message":"Incoming request. { host: 'project-livec9c392e270cd.rhcloud.com',\n  'cache-control': 'max-age=0',\n  accept: 'text/html,application/xhtml+xml,application/xml;q=0.9,image/webp,*/*;q=0.8',\n  'user-agent': 'Mozilla/5.0 (Macintosh; Intel Mac OS X 10_9_3) AppleWebKit/537.36 (KHTML, like Gecko) Chrome/35.0.1916.114 Safari/537.36',\n  'accept-language': 'en-US,en;q=0.8',\n  cookie: 'optimizelyEndUserId=oeu1401283293102r0.7142860956955701; optimizelySegments=%7B%7D; optimizelyBuckets=%7B%7D; ajs_group_id=null; ajs_user_id=454074; _sio=e7449a94-4aba-4dac-8b11-7d5771915093----454074',\n  'x-forwarded-proto': 'http',\n  'x-region': 'usw',\n  'x-forwarded-for': '74.73.240.140, 23.251.148.106',\n  'x-forwarded-port': '80',\n  'x-request-start': 't=1401741538519876',\n  'x-client-ip': '23.251.148.106',\n  'x-forwarded-host': 'project-livec9c392e270cd.rhcloud.com',\n  'x-forwarded-server': 'localhost',\n  connection: 'Keep-Alive' } {} 1.1 GET /geocode/68%20downing%20street,%20brooklyn%20NY%2011238","timestamp":"2014-06-02T20:38:58.543Z"}
{"0":{"contentType":"application/json","result":"{\n   \"results\" : [],\n   \"status\" : \"ZERO_RESULTS\"\n}\n","resOptions":{}},"level":"info","message":"Service(s) calling finished. undefined","timestamp":"2014-06-02T20:38:59.298Z"}
{"logger":{"file":"test.log","level":"info"},"level":"info","message":"connect-rest has been configured. ","timestamp":"2014-06-02T20:40:42.800Z"}
{"level":"info","message":"Incoming request. { host: 'project-livec9c392e270cd.rhcloud.com',\n  'cache-control': 'max-age=0',\n  accept: 'text/html,application/xhtml+xml,application/xml;q=0.9,image/webp,*/*;q=0.8',\n  'user-agent': 'Mozilla/5.0 (Macintosh; Intel Mac OS X 10_9_3) AppleWebKit/537.36 (KHTML, like Gecko) Chrome/35.0.1916.114 Safari/537.36',\n  'accept-language': 'en-US,en;q=0.8',\n  cookie: 'optimizelyEndUserId=oeu1401283293102r0.7142860956955701; optimizelySegments=%7B%7D; optimizelyBuckets=%7B%7D; ajs_group_id=null; ajs_user_id=454074; _sio=e7449a94-4aba-4dac-8b11-7d5771915093----454074',\n  'x-forwarded-proto': 'http',\n  'x-region': 'usw',\n  'x-forwarded-for': '74.73.240.140, 23.251.148.106',\n  'x-forwarded-port': '80',\n  'x-request-start': 't=1401741645463171',\n  'x-client-ip': '23.251.148.106',\n  'x-forwarded-host': 'project-livec9c392e270cd.rhcloud.com',\n  'x-forwarded-server': 'localhost',\n  connection: 'Keep-Alive' } {} 1.1 GET /geocode/68%20downing%20street,%20brooklyn%20NY%2011238","timestamp":"2014-06-02T20:40:45.499Z"}
{"0":{"contentType":"application/json","result":"{\n   \"results\" : [],\n   \"status\" : \"ZERO_RESULTS\"\n}\n","resOptions":{}},"level":"info","message":"Service(s) calling finished. undefined","timestamp":"2014-06-02T20:40:46.134Z"}
{"logger":{"file":"test.log","level":"info"},"level":"info","message":"connect-rest has been configured. ","timestamp":"2014-06-02T20:42:21.957Z"}
{"level":"info","message":"Incoming request. { host: 'project-livec9c392e270cd.rhcloud.com',\n  'cache-control': 'max-age=0',\n  accept: 'text/html,application/xhtml+xml,application/xml;q=0.9,image/webp,*/*;q=0.8',\n  'user-agent': 'Mozilla/5.0 (Macintosh; Intel Mac OS X 10_9_3) AppleWebKit/537.36 (KHTML, like Gecko) Chrome/35.0.1916.114 Safari/537.36',\n  'accept-language': 'en-US,en;q=0.8',\n  cookie: 'optimizelyEndUserId=oeu1401283293102r0.7142860956955701; optimizelySegments=%7B%7D; optimizelyBuckets=%7B%7D; ajs_group_id=null; ajs_user_id=454074; _sio=e7449a94-4aba-4dac-8b11-7d5771915093----454074',\n  'x-forwarded-proto': 'http',\n  'x-region': 'usw',\n  'x-forwarded-for': '74.73.240.140, 23.251.148.106',\n  'x-forwarded-port': '80',\n  'x-request-start': 't=1401741745420258',\n  'x-client-ip': '23.251.148.106',\n  'x-forwarded-host': 'project-livec9c392e270cd.rhcloud.com',\n  'x-forwarded-server': 'localhost',\n  connection: 'Keep-Alive' } {} 1.1 GET /geocode/68%20downing%20street,%20brooklyn%20NY%2011238","timestamp":"2014-06-02T20:42:25.430Z"}
{"0":{"contentType":"application/json","result":"{\n   \"results\" : [],\n   \"status\" : \"ZERO_RESULTS\"\n}\n","resOptions":{}},"level":"info","message":"Service(s) calling finished. undefined","timestamp":"2014-06-02T20:42:25.992Z"}
{"logger":{"file":"test.log","level":"info"},"level":"info","message":"connect-rest has been configured. ","timestamp":"2014-06-02T20:44:02.354Z"}
{"level":"info","message":"Incoming request. { host: 'project-livec9c392e270cd.rhcloud.com',\n  'cache-control': 'max-age=0',\n  accept: 'text/html,application/xhtml+xml,application/xml;q=0.9,image/webp,*/*;q=0.8',\n  'user-agent': 'Mozilla/5.0 (Macintosh; Intel Mac OS X 10_9_3) AppleWebKit/537.36 (KHTML, like Gecko) Chrome/35.0.1916.114 Safari/537.36',\n  'accept-language': 'en-US,en;q=0.8',\n  cookie: 'optimizelyEndUserId=oeu1401283293102r0.7142860956955701; optimizelySegments=%7B%7D; optimizelyBuckets=%7B%7D; ajs_group_id=null; ajs_user_id=454074; _sio=e7449a94-4aba-4dac-8b11-7d5771915093----454074',\n  'x-forwarded-proto': 'http',\n  'x-region': 'usw',\n  'x-forwarded-for': '74.73.240.140, 23.251.148.106',\n  'x-forwarded-port': '80',\n  'x-request-start': 't=1401741843689356',\n  'x-client-ip': '23.251.148.106',\n  'x-forwarded-host': 'project-livec9c392e270cd.rhcloud.com',\n  'x-forwarded-server': 'localhost',\n  connection: 'Keep-Alive' } {} 1.1 GET /geocode/68%20downing%20street,%20brooklyn%20NY%2011238","timestamp":"2014-06-02T20:44:03.713Z"}
{"0":{"contentType":"application/json","resOptions":{}},"level":"info","message":"Service(s) calling finished. {\"error\":{\"message\":\"An exception occurred of type org.codehaus.jackson.map.JsonMappingException: Can not deserialize instance of java.lang.String out of START_OBJECT token\\n at [Source: org.eclipse.jetty.server.HttpInput@3c75b10c; line: 1, column: 29] (through reference chain: com.temboo.arcturus.web.api.binding.ChoreoInput[\\\"inputs\\\"]->com.temboo.arcturus.web.api.binding.Input[\\\"value\\\"])\"}}","timestamp":"2014-06-02T20:44:03.915Z"}
{"level":"error","message":"{\"error\":{\"message\":\"An exception occurred of type org.codehaus.jackson.map.JsonMappingException: Can not deserialize instance of java.lang.String out of START_OBJECT token\\n at [Source: org.eclipse.jetty.server.HttpInput@3c75b10c; line: 1, column: 29] (through reference chain: com.temboo.arcturus.web.api.binding.ChoreoInput[\\\"inputs\\\"]->com.temboo.arcturus.web.api.binding.Input[\\\"value\\\"])\"}}","timestamp":"2014-06-02T20:44:03.916Z"}
{"logger":{"file":"test.log","level":"info"},"level":"info","message":"connect-rest has been configured. ","timestamp":"2014-06-02T20:44:52.954Z"}
{"level":"info","message":"Incoming request. { host: 'project-livec9c392e270cd.rhcloud.com',\n  'cache-control': 'max-age=0',\n  accept: 'text/html,application/xhtml+xml,application/xml;q=0.9,image/webp,*/*;q=0.8',\n  'user-agent': 'Mozilla/5.0 (Macintosh; Intel Mac OS X 10_9_3) AppleWebKit/537.36 (KHTML, like Gecko) Chrome/35.0.1916.114 Safari/537.36',\n  'accept-language': 'en-US,en;q=0.8',\n  cookie: 'optimizelyEndUserId=oeu1401283293102r0.7142860956955701; optimizelySegments=%7B%7D; optimizelyBuckets=%7B%7D; ajs_group_id=null; ajs_user_id=454074; _sio=e7449a94-4aba-4dac-8b11-7d5771915093----454074',\n  'x-forwarded-proto': 'http',\n  'x-region': 'usw',\n  'x-forwarded-for': '74.73.240.140, 23.251.148.106',\n  'x-forwarded-port': '80',\n  'x-request-start': 't=1401741895474061',\n  'x-client-ip': '23.251.148.106',\n  'x-forwarded-host': 'project-livec9c392e270cd.rhcloud.com',\n  'x-forwarded-server': 'localhost',\n  connection: 'Keep-Alive' } {} 1.1 GET /geocode/68%20downing%20street,%20brooklyn%20NY%2011238","timestamp":"2014-06-02T20:44:55.490Z"}
{"0":{"contentType":"application/json","result":"{\n   \"results\" : [],\n   \"status\" : \"ZERO_RESULTS\"\n}\n","resOptions":{}},"level":"info","message":"Service(s) calling finished. undefined","timestamp":"2014-06-02T20:44:56.112Z"}
{"logger":{"file":"test.log","level":"info"},"level":"info","message":"connect-rest has been configured. ","timestamp":"2014-06-02T20:45:20.101Z"}
{"level":"info","message":"Incoming request. { host: 'project-livec9c392e270cd.rhcloud.com',\n  'cache-control': 'max-age=0',\n  accept: 'text/html,application/xhtml+xml,application/xml;q=0.9,image/webp,*/*;q=0.8',\n  'user-agent': 'Mozilla/5.0 (Macintosh; Intel Mac OS X 10_9_3) AppleWebKit/537.36 (KHTML, like Gecko) Chrome/35.0.1916.114 Safari/537.36',\n  'accept-language': 'en-US,en;q=0.8',\n  cookie: 'optimizelyEndUserId=oeu1401283293102r0.7142860956955701; optimizelySegments=%7B%7D; optimizelyBuckets=%7B%7D; ajs_group_id=null; ajs_user_id=454074; _sio=e7449a94-4aba-4dac-8b11-7d5771915093----454074',\n  'x-forwarded-proto': 'http',\n  'x-region': 'usw',\n  'x-forwarded-for': '74.73.240.140, 23.251.148.106',\n  'x-forwarded-port': '80',\n  'x-request-start': 't=1401741923866140',\n  'x-client-ip': '23.251.148.106',\n  'x-forwarded-host': 'project-livec9c392e270cd.rhcloud.com',\n  'x-forwarded-server': 'localhost',\n  connection: 'Keep-Alive' } {} 1.1 GET /geocode/68%20downing%20street,%20brooklyn%20NY%2011238","timestamp":"2014-06-02T20:45:23.889Z"}
{"logger":{"file":"test.log","level":"info"},"level":"info","message":"connect-rest has been configured. ","timestamp":"2014-06-02T20:45:49.264Z"}
{"level":"info","message":"Incoming request. { host: 'project-livec9c392e270cd.rhcloud.com',\n  'cache-control': 'max-age=0',\n  accept: 'text/html,application/xhtml+xml,application/xml;q=0.9,image/webp,*/*;q=0.8',\n  'user-agent': 'Mozilla/5.0 (Macintosh; Intel Mac OS X 10_9_3) AppleWebKit/537.36 (KHTML, like Gecko) Chrome/35.0.1916.114 Safari/537.36',\n  'accept-language': 'en-US,en;q=0.8',\n  cookie: 'optimizelyEndUserId=oeu1401283293102r0.7142860956955701; optimizelySegments=%7B%7D; optimizelyBuckets=%7B%7D; ajs_group_id=null; ajs_user_id=454074; _sio=e7449a94-4aba-4dac-8b11-7d5771915093----454074',\n  'x-forwarded-proto': 'http',\n  'x-region': 'usw',\n  'x-forwarded-for': '74.73.240.140, 23.251.148.106',\n  'x-forwarded-port': '80',\n  'x-request-start': 't=1401741950927132',\n  'x-client-ip': '23.251.148.106',\n  'x-forwarded-host': 'project-livec9c392e270cd.rhcloud.com',\n  'x-forwarded-server': 'localhost',\n  connection: 'Keep-Alive' } {} 1.1 GET /geocode/68%20downing%20street,%20brooklyn%20NY%2011238","timestamp":"2014-06-02T20:45:50.937Z"}
{"logger":{"file":"test.log","level":"info"},"level":"info","message":"connect-rest has been configured. ","timestamp":"2014-06-02T20:47:31.993Z"}
{"level":"info","message":"Incoming request. { host: 'project-livec9c392e270cd.rhcloud.com',\n  'cache-control': 'max-age=0',\n  accept: 'text/html,application/xhtml+xml,application/xml;q=0.9,image/webp,*/*;q=0.8',\n  'user-agent': 'Mozilla/5.0 (Macintosh; Intel Mac OS X 10_9_3) AppleWebKit/537.36 (KHTML, like Gecko) Chrome/35.0.1916.114 Safari/537.36',\n  'accept-language': 'en-US,en;q=0.8',\n  cookie: 'optimizelyEndUserId=oeu1401283293102r0.7142860956955701; optimizelySegments=%7B%7D; optimizelyBuckets=%7B%7D; ajs_group_id=null; ajs_user_id=454074; _sio=e7449a94-4aba-4dac-8b11-7d5771915093----454074',\n  'x-forwarded-proto': 'http',\n  'x-region': 'usw',\n  'x-forwarded-for': '74.73.240.140, 23.251.148.106',\n  'x-forwarded-port': '80',\n  'x-request-start': 't=1401742055189036',\n  'x-client-ip': '23.251.148.106',\n  'x-forwarded-host': 'project-livec9c392e270cd.rhcloud.com',\n  'x-forwarded-server': 'localhost',\n  connection: 'Keep-Alive' } {} 1.1 GET /geocode/68%20downing%20street,%20brooklyn%20NY%2011238","timestamp":"2014-06-02T20:47:35.216Z"}
{"0":{"contentType":"application/json","result":"{\n   \"results\" : [],\n   \"status\" : \"ZERO_RESULTS\"\n}\n","resOptions":{}},"level":"info","message":"Service(s) calling finished. undefined","timestamp":"2014-06-02T20:47:36.084Z"}
{"logger":{"file":"test.log","level":"info"},"level":"info","message":"connect-rest has been configured. ","timestamp":"2014-06-02T20:48:56.353Z"}
{"level":"info","message":"Incoming request. { host: 'project-livec9c392e270cd.rhcloud.com',\n  'cache-control': 'max-age=0',\n  accept: 'text/html,application/xhtml+xml,application/xml;q=0.9,image/webp,*/*;q=0.8',\n  'user-agent': 'Mozilla/5.0 (Macintosh; Intel Mac OS X 10_9_3) AppleWebKit/537.36 (KHTML, like Gecko) Chrome/35.0.1916.114 Safari/537.36',\n  'accept-language': 'en-US,en;q=0.8',\n  cookie: 'optimizelyEndUserId=oeu1401283293102r0.7142860956955701; optimizelySegments=%7B%7D; optimizelyBuckets=%7B%7D; ajs_group_id=null; ajs_user_id=454074; _sio=e7449a94-4aba-4dac-8b11-7d5771915093----454074',\n  'x-forwarded-proto': 'http',\n  'x-region': 'usw',\n  'x-forwarded-for': '74.73.240.140, 23.251.148.106',\n  'x-forwarded-port': '80',\n  'x-request-start': 't=1401742137773939',\n  'x-client-ip': '23.251.148.106',\n  'x-forwarded-host': 'project-livec9c392e270cd.rhcloud.com',\n  'x-forwarded-server': 'localhost',\n  connection: 'Keep-Alive' } {} 1.1 GET /geocode/68%20downing%20street,%20brooklyn%20NY%2011238","timestamp":"2014-06-02T20:48:57.784Z"}
{"0":{"contentType":"application/json","result":"{\n   \"results\" : [],\n   \"status\" : \"ZERO_RESULTS\"\n}\n","resOptions":{}},"level":"info","message":"Service(s) calling finished. undefined","timestamp":"2014-06-02T20:48:58.474Z"}
{"logger":{"file":"test.log","level":"info"},"level":"info","message":"connect-rest has been configured. ","timestamp":"2014-06-02T20:49:29.820Z"}
{"level":"info","message":"Incoming request. { host: 'project-livec9c392e270cd.rhcloud.com',\n  'cache-control': 'max-age=0',\n  accept: 'text/html,application/xhtml+xml,application/xml;q=0.9,image/webp,*/*;q=0.8',\n  'user-agent': 'Mozilla/5.0 (Macintosh; Intel Mac OS X 10_9_3) AppleWebKit/537.36 (KHTML, like Gecko) Chrome/35.0.1916.114 Safari/537.36',\n  'accept-language': 'en-US,en;q=0.8',\n  cookie: 'optimizelyEndUserId=oeu1401283293102r0.7142860956955701; optimizelySegments=%7B%7D; optimizelyBuckets=%7B%7D; ajs_group_id=null; ajs_user_id=454074; _sio=e7449a94-4aba-4dac-8b11-7d5771915093----454074',\n  'x-forwarded-proto': 'http',\n  'x-region': 'usw',\n  'x-forwarded-for': '74.73.240.140, 23.251.148.106',\n  'x-forwarded-port': '80',\n  'x-request-start': 't=1401742174233082',\n  'x-client-ip': '23.251.148.106',\n  'x-forwarded-host': 'project-livec9c392e270cd.rhcloud.com',\n  'x-forwarded-server': 'localhost',\n  connection: 'Keep-Alive' } {} 1.1 GET /geocode/68%20downing%20street,%20brooklyn%20NY%2011238","timestamp":"2014-06-02T20:49:34.362Z"}
{"0":{"contentType":"application/json","result":"{\n   \"results\" : [],\n   \"status\" : \"ZERO_RESULTS\"\n}\n","resOptions":{}},"level":"info","message":"Service(s) calling finished. undefined","timestamp":"2014-06-02T20:49:35.153Z"}
{"logger":{"file":"test.log","level":"info"},"level":"info","message":"connect-rest has been configured. ","timestamp":"2014-06-02T20:51:58.054Z"}
{"level":"info","message":"Incoming request. { host: 'project-livec9c392e270cd.rhcloud.com',\n  'cache-control': 'max-age=0',\n  accept: 'text/html,application/xhtml+xml,application/xml;q=0.9,image/webp,*/*;q=0.8',\n  'user-agent': 'Mozilla/5.0 (Macintosh; Intel Mac OS X 10_9_3) AppleWebKit/537.36 (KHTML, like Gecko) Chrome/35.0.1916.114 Safari/537.36',\n  'accept-language': 'en-US,en;q=0.8',\n  cookie: 'optimizelyEndUserId=oeu1401283293102r0.7142860956955701; optimizelySegments=%7B%7D; optimizelyBuckets=%7B%7D; ajs_group_id=null; ajs_user_id=454074; _sio=e7449a94-4aba-4dac-8b11-7d5771915093----454074',\n  'x-forwarded-proto': 'http',\n  'x-region': 'usw',\n  'x-forwarded-for': '74.73.240.140, 23.251.148.106',\n  'x-forwarded-port': '80',\n  'x-request-start': 't=1401742320167549',\n  'x-client-ip': '23.251.148.106',\n  'x-forwarded-host': 'project-livec9c392e270cd.rhcloud.com',\n  'x-forwarded-server': 'localhost',\n  connection: 'Keep-Alive' } {} 1.1 GET /geocode/68%20downing%20street,%20brooklyn%20NY%2011238","timestamp":"2014-06-02T20:52:00.212Z"}
{"0":{"contentType":"application/json","result":"{\n   \"results\" : [],\n   \"status\" : \"ZERO_RESULTS\"\n}\n","resOptions":{}},"level":"info","message":"Service(s) calling finished. undefined","timestamp":"2014-06-02T20:52:01.062Z"}
{"logger":{"file":"test.log","level":"info"},"level":"info","message":"connect-rest has been configured. ","timestamp":"2014-06-02T20:52:59.955Z"}
{"level":"info","message":"Incoming request. { host: 'project-livec9c392e270cd.rhcloud.com',\n  'cache-control': 'max-age=0',\n  accept: 'text/html,application/xhtml+xml,application/xml;q=0.9,image/webp,*/*;q=0.8',\n  'user-agent': 'Mozilla/5.0 (Macintosh; Intel Mac OS X 10_9_3) AppleWebKit/537.36 (KHTML, like Gecko) Chrome/35.0.1916.114 Safari/537.36',\n  'accept-language': 'en-US,en;q=0.8',\n  cookie: 'optimizelyEndUserId=oeu1401283293102r0.7142860956955701; optimizelySegments=%7B%7D; optimizelyBuckets=%7B%7D; ajs_group_id=null; ajs_user_id=454074; _sio=e7449a94-4aba-4dac-8b11-7d5771915093----454074',\n  'x-forwarded-proto': 'http',\n  'x-region': 'usw',\n  'x-forwarded-for': '74.73.240.140, 23.251.148.106',\n  'x-forwarded-port': '80',\n  'x-request-start': 't=1401742382143240',\n  'x-client-ip': '23.251.148.106',\n  'x-forwarded-host': 'project-livec9c392e270cd.rhcloud.com',\n  'x-forwarded-server': 'localhost',\n  connection: 'Keep-Alive' } {} 1.1 GET /geocode/68%20downing%20street,%20brooklyn%20NY%2011238","timestamp":"2014-06-02T20:53:02.214Z"}
{"logger":{"file":"test.log","level":"info"},"level":"info","message":"connect-rest has been configured. ","timestamp":"2014-06-02T20:54:48.366Z"}
{"level":"info","message":"Incoming request. { host: 'project-livec9c392e270cd.rhcloud.com',\n  'cache-control': 'max-age=0',\n  accept: 'text/html,application/xhtml+xml,application/xml;q=0.9,image/webp,*/*;q=0.8',\n  'user-agent': 'Mozilla/5.0 (Macintosh; Intel Mac OS X 10_9_3) AppleWebKit/537.36 (KHTML, like Gecko) Chrome/35.0.1916.114 Safari/537.36',\n  'accept-language': 'en-US,en;q=0.8',\n  cookie: 'optimizelyEndUserId=oeu1401283293102r0.7142860956955701; optimizelySegments=%7B%7D; optimizelyBuckets=%7B%7D; ajs_group_id=null; ajs_user_id=454074; _sio=e7449a94-4aba-4dac-8b11-7d5771915093----454074',\n  'x-forwarded-proto': 'http',\n  'x-region': 'usw',\n  'x-forwarded-for': '74.73.240.140, 23.251.148.106',\n  'x-forwarded-port': '80',\n  'x-request-start': 't=1401742490303330',\n  'x-client-ip': '23.251.148.106',\n  'x-forwarded-host': 'project-livec9c392e270cd.rhcloud.com',\n  'x-forwarded-server': 'localhost',\n  connection: 'Keep-Alive' } {} 1.1 GET /geocode/68%20downing%20street,%20brooklyn%20NY%2011238","timestamp":"2014-06-02T20:54:50.313Z"}
{"logger":{"file":"test.log","level":"info"},"level":"info","message":"connect-rest has been configured. ","timestamp":"2014-06-02T20:57:17.370Z"}
{"level":"info","message":"Incoming request. { host: 'project-livec9c392e270cd.rhcloud.com',\n  'cache-control': 'max-age=0',\n  accept: 'text/html,application/xhtml+xml,application/xml;q=0.9,image/webp,*/*;q=0.8',\n  'user-agent': 'Mozilla/5.0 (Macintosh; Intel Mac OS X 10_9_3) AppleWebKit/537.36 (KHTML, like Gecko) Chrome/35.0.1916.114 Safari/537.36',\n  'accept-language': 'en-US,en;q=0.8',\n  cookie: 'optimizelyEndUserId=oeu1401283293102r0.7142860956955701; optimizelySegments=%7B%7D; optimizelyBuckets=%7B%7D; ajs_group_id=null; ajs_user_id=454074; _sio=e7449a94-4aba-4dac-8b11-7d5771915093----454074',\n  'x-forwarded-proto': 'http',\n  'x-region': 'usw',\n  'x-forwarded-for': '74.73.240.140, 23.251.148.106',\n  'x-forwarded-port': '80',\n  'x-request-start': 't=1401742638933390',\n  'x-client-ip': '23.251.148.106',\n  'x-forwarded-host': 'project-livec9c392e270cd.rhcloud.com',\n  'x-forwarded-server': 'localhost',\n  connection: 'Keep-Alive' } {} 1.1 GET /geocode/68%20downing%20street,%20brooklyn%20NY%2011238","timestamp":"2014-06-02T20:57:18.947Z"}
{"0":{"contentType":"application/json","result":"{\n   \"results\" : [],\n   \"status\" : \"ZERO_RESULTS\"\n}\n","resOptions":{}},"level":"info","message":"Service(s) calling finished. undefined","timestamp":"2014-06-02T20:57:19.680Z"}
{"logger":{"file":"test.log","level":"info"},"level":"info","message":"connect-rest has been configured. ","timestamp":"2014-06-02T21:01:15.864Z"}
{"level":"info","message":"Incoming request. { host: 'project-livec9c392e270cd.rhcloud.com',\n  'cache-control': 'max-age=0',\n  accept: 'text/html,application/xhtml+xml,application/xml;q=0.9,image/webp,*/*;q=0.8',\n  'user-agent': 'Mozilla/5.0 (Macintosh; Intel Mac OS X 10_9_3) AppleWebKit/537.36 (KHTML, like Gecko) Chrome/35.0.1916.114 Safari/537.36',\n  'accept-language': 'en-US,en;q=0.8',\n  cookie: 'optimizelyEndUserId=oeu1401283293102r0.7142860956955701; optimizelySegments=%7B%7D; optimizelyBuckets=%7B%7D; ajs_group_id=null; ajs_user_id=454074; _sio=e7449a94-4aba-4dac-8b11-7d5771915093----454074',\n  'x-forwarded-proto': 'http',\n  'x-region': 'usw',\n  'x-forwarded-for': '74.73.240.140, 23.251.148.106',\n  'x-forwarded-port': '80',\n  'x-request-start': 't=1401742878890271',\n  'x-client-ip': '23.251.148.106',\n  'x-forwarded-host': 'project-livec9c392e270cd.rhcloud.com',\n  'x-forwarded-server': 'localhost',\n  connection: 'Keep-Alive' } {} 1.1 GET /geocode/68%20downing%20street,%20brooklyn%20NY%2011238","timestamp":"2014-06-02T21:01:18.902Z"}
{"0":{"contentType":"application/json","result":"{\n   \"results\" : [],\n   \"status\" : \"ZERO_RESULTS\"\n}\n","resOptions":{}},"level":"info","message":"Service(s) calling finished. undefined","timestamp":"2014-06-02T21:01:19.809Z"}
{"logger":{"file":"test.log","level":"info"},"level":"info","message":"connect-rest has been configured. ","timestamp":"2014-06-02T21:02:01.652Z"}
{"level":"info","message":"Incoming request. { host: 'project-livec9c392e270cd.rhcloud.com',\n  'cache-control': 'max-age=0',\n  accept: 'text/html,application/xhtml+xml,application/xml;q=0.9,image/webp,*/*;q=0.8',\n  'user-agent': 'Mozilla/5.0 (Macintosh; Intel Mac OS X 10_9_3) AppleWebKit/537.36 (KHTML, like Gecko) Chrome/35.0.1916.114 Safari/537.36',\n  'accept-language': 'en-US,en;q=0.8',\n  cookie: 'optimizelyEndUserId=oeu1401283293102r0.7142860956955701; optimizelySegments=%7B%7D; optimizelyBuckets=%7B%7D; ajs_group_id=null; ajs_user_id=454074; _sio=e7449a94-4aba-4dac-8b11-7d5771915093----454074',\n  'x-forwarded-proto': 'http',\n  'x-region': 'usw',\n  'x-forwarded-for': '74.73.240.140, 23.251.148.106',\n  'x-forwarded-port': '80',\n  'x-request-start': 't=1401742923420992',\n  'x-client-ip': '23.251.148.106',\n  'x-forwarded-host': 'project-livec9c392e270cd.rhcloud.com',\n  'x-forwarded-server': 'localhost',\n  connection: 'Keep-Alive' } {} 1.1 GET /geocode/68%20downing%20street,%20brooklyn%20NY%2011238","timestamp":"2014-06-02T21:02:03.432Z"}
{"0":{"contentType":"application/json","result":"{\n   \"results\" : [\n      {\n         \"address_components\" : [\n            {\n               \"long_name\" : \"68\",\n               \"short_name\" : \"68\",\n               \"types\" : [ \"street_number\" ]\n            },\n            {\n               \"long_name\" : \"Downing Street\",\n               \"short_name\" : \"Downing St\",\n               \"types\" : [ \"route\" ]\n            },\n            {\n               \"long_name\" : \"Clinton Hill\",\n               \"short_name\" : \"Clinton Hill\",\n               \"types\" : [ \"neighborhood\", \"political\" ]\n            },\n            {\n               \"long_name\" : \"Brooklyn\",\n               \"short_name\" : \"Brooklyn\",\n               \"types\" : [ \"sublocality\", \"political\" ]\n            },\n            {\n               \"long_name\" : \"Kings County\",\n               \"short_name\" : \"Kings County\",\n               \"types\" : [ \"administrative_area_level_2\", \"political\" ]\n            },\n            {\n               \"long_name\" : \"New York\",\n               \"short_name\" : \"NY\",\n               \"types\" : [ \"administrative_area_level_1\", \"political\" ]\n            },\n            {\n               \"long_name\" : \"United States\",\n               \"short_name\" : \"US\",\n               \"types\" : [ \"country\", \"political\" ]\n            },\n            {\n               \"long_name\" : \"11238\",\n               \"short_name\" : \"11238\",\n               \"types\" : [ \"postal_code\" ]\n            }\n         ],\n         \"formatted_address\" : \"68 Downing Street, Brooklyn, NY 11238, USA\",\n         \"geometry\" : {\n            \"location\" : {\n               \"lat\" : 40.68372,\n               \"lng\" : -73.961142\n            },\n            \"location_type\" : \"ROOFTOP\",\n            \"viewport\" : {\n               \"northeast\" : {\n                  \"lat\" : 40.6850689802915,\n                  \"lng\" : -73.95979301970848\n               },\n               \"southwest\" : {\n                  \"lat\" : 40.6823710197085,\n                  \"lng\" : -73.96249098029149\n               }\n            }\n         },\n         \"types\" : [ \"street_address\" ]\n      }\n   ],\n   \"status\" : \"OK\"\n}\n","resOptions":{}},"level":"info","message":"Service(s) calling finished. undefined","timestamp":"2014-06-02T21:02:04.211Z"}
{"logger":{"file":"test.log","level":"info"},"level":"info","message":"connect-rest has been configured. ","timestamp":"2014-06-02T21:04:48.462Z"}
{"level":"info","message":"Incoming request. { host: 'project-livec9c392e270cd.rhcloud.com',\n  'cache-control': 'max-age=0',\n  accept: 'text/html,application/xhtml+xml,application/xml;q=0.9,image/webp,*/*;q=0.8',\n  'user-agent': 'Mozilla/5.0 (Macintosh; Intel Mac OS X 10_9_3) AppleWebKit/537.36 (KHTML, like Gecko) Chrome/35.0.1916.114 Safari/537.36',\n  'accept-language': 'en-US,en;q=0.8',\n  cookie: 'optimizelyEndUserId=oeu1401283293102r0.7142860956955701; optimizelySegments=%7B%7D; optimizelyBuckets=%7B%7D; ajs_group_id=null; ajs_user_id=454074; _sio=e7449a94-4aba-4dac-8b11-7d5771915093----454074',\n  'x-forwarded-proto': 'http',\n  'x-region': 'usw',\n  'x-forwarded-for': '74.73.240.140, 23.251.148.106',\n  'x-forwarded-port': '80',\n  'x-request-start': 't=1401743090124315',\n  'x-client-ip': '23.251.148.106',\n  'x-forwarded-host': 'project-livec9c392e270cd.rhcloud.com',\n  'x-forwarded-server': 'localhost',\n  connection: 'Keep-Alive' } {} 1.1 GET /geocode/68%20downing%20street,%20brooklyn%20NY%2011238","timestamp":"2014-06-02T21:04:50.143Z"}
{"logger":{"file":"test.log","level":"info"},"level":"info","message":"connect-rest has been configured. ","timestamp":"2014-06-02T21:06:49.252Z"}
{"level":"info","message":"Incoming request. { host: 'project-livec9c392e270cd.rhcloud.com',\n  'cache-control': 'max-age=0',\n  accept: 'text/html,application/xhtml+xml,application/xml;q=0.9,image/webp,*/*;q=0.8',\n  'user-agent': 'Mozilla/5.0 (Macintosh; Intel Mac OS X 10_9_3) AppleWebKit/537.36 (KHTML, like Gecko) Chrome/35.0.1916.114 Safari/537.36',\n  'accept-language': 'en-US,en;q=0.8',\n  cookie: 'optimizelyEndUserId=oeu1401283293102r0.7142860956955701; optimizelySegments=%7B%7D; optimizelyBuckets=%7B%7D; ajs_group_id=null; ajs_user_id=454074; _sio=e7449a94-4aba-4dac-8b11-7d5771915093----454074',\n  'x-forwarded-proto': 'http',\n  'x-region': 'usw',\n  'x-forwarded-for': '74.73.240.140, 23.251.148.106',\n  'x-forwarded-port': '80',\n  'x-request-start': 't=1401743211514212',\n  'x-client-ip': '23.251.148.106',\n  'x-forwarded-host': 'project-livec9c392e270cd.rhcloud.com',\n  'x-forwarded-server': 'localhost',\n  connection: 'Keep-Alive' } {} 1.1 GET /geocode/68%20downing%20street,%20brooklyn%20NY%2011238","timestamp":"2014-06-02T21:06:51.528Z"}
{"logger":{"file":"test.log","level":"info"},"level":"info","message":"connect-rest has been configured. ","timestamp":"2014-06-02T21:07:17.770Z"}
{"level":"info","message":"Incoming request. { host: 'project-livec9c392e270cd.rhcloud.com',\n  'cache-control': 'max-age=0',\n  accept: 'text/html,application/xhtml+xml,application/xml;q=0.9,image/webp,*/*;q=0.8',\n  'user-agent': 'Mozilla/5.0 (Macintosh; Intel Mac OS X 10_9_3) AppleWebKit/537.36 (KHTML, like Gecko) Chrome/35.0.1916.114 Safari/537.36',\n  'accept-language': 'en-US,en;q=0.8',\n  cookie: 'optimizelyEndUserId=oeu1401283293102r0.7142860956955701; optimizelySegments=%7B%7D; optimizelyBuckets=%7B%7D; ajs_group_id=null; ajs_user_id=454074; _sio=e7449a94-4aba-4dac-8b11-7d5771915093----454074',\n  'x-forwarded-proto': 'http',\n  'x-region': 'usw',\n  'x-forwarded-for': '74.73.240.140, 23.251.148.106',\n  'x-forwarded-port': '80',\n  'x-request-start': 't=1401743241389454',\n  'x-client-ip': '23.251.148.106',\n  'x-forwarded-host': 'project-livec9c392e270cd.rhcloud.com',\n  'x-forwarded-server': 'localhost',\n  connection: 'Keep-Alive' } {} 1.1 GET /geocode/68%20downing%20street,%20brooklyn%20NY%2011238","timestamp":"2014-06-02T21:07:21.401Z"}
{"logger":{"file":"test.log","level":"info"},"level":"info","message":"connect-rest has been configured. ","timestamp":"2014-06-02T21:08:06.133Z"}
{"level":"info","message":"Incoming request. { host: 'project-livec9c392e270cd.rhcloud.com',\n  'cache-control': 'max-age=0',\n  accept: 'text/html,application/xhtml+xml,application/xml;q=0.9,image/webp,*/*;q=0.8',\n  'user-agent': 'Mozilla/5.0 (Macintosh; Intel Mac OS X 10_9_3) AppleWebKit/537.36 (KHTML, like Gecko) Chrome/35.0.1916.114 Safari/537.36',\n  'accept-language': 'en-US,en;q=0.8',\n  cookie: 'optimizelyEndUserId=oeu1401283293102r0.7142860956955701; optimizelySegments=%7B%7D; optimizelyBuckets=%7B%7D; ajs_group_id=null; ajs_user_id=454074; _sio=e7449a94-4aba-4dac-8b11-7d5771915093----454074',\n  'x-forwarded-proto': 'http',\n  'x-region': 'usw',\n  'x-forwarded-for': '74.73.240.140, 23.251.148.106',\n  'x-forwarded-port': '80',\n  'x-request-start': 't=1401743287601637',\n  'x-client-ip': '23.251.148.106',\n  'x-forwarded-host': 'project-livec9c392e270cd.rhcloud.com',\n  'x-forwarded-server': 'localhost',\n  connection: 'Keep-Alive' } {} 1.1 GET /geocode/68%20downing%20street,%20brooklyn%20NY%2011238","timestamp":"2014-06-02T21:08:07.613Z"}
{"0":{"contentType":"application/json","result":"{\n   \"results\" : [\n      {\n         \"address_components\" : [\n            {\n               \"long_name\" : \"68\",\n               \"short_name\" : \"68\",\n               \"types\" : [ \"street_number\" ]\n            },\n            {\n               \"long_name\" : \"Downing Street\",\n               \"short_name\" : \"Downing St\",\n               \"types\" : [ \"route\" ]\n            },\n            {\n               \"long_name\" : \"Clinton Hill\",\n               \"short_name\" : \"Clinton Hill\",\n               \"types\" : [ \"neighborhood\", \"political\" ]\n            },\n            {\n               \"long_name\" : \"Brooklyn\",\n               \"short_name\" : \"Brooklyn\",\n               \"types\" : [ \"sublocality\", \"political\" ]\n            },\n            {\n               \"long_name\" : \"Kings County\",\n               \"short_name\" : \"Kings County\",\n               \"types\" : [ \"administrative_area_level_2\", \"political\" ]\n            },\n            {\n               \"long_name\" : \"New York\",\n               \"short_name\" : \"NY\",\n               \"types\" : [ \"administrative_area_level_1\", \"political\" ]\n            },\n            {\n               \"long_name\" : \"United States\",\n               \"short_name\" : \"US\",\n               \"types\" : [ \"country\", \"political\" ]\n            },\n            {\n               \"long_name\" : \"11238\",\n               \"short_name\" : \"11238\",\n               \"types\" : [ \"postal_code\" ]\n            }\n         ],\n         \"formatted_address\" : \"68 Downing Street, Brooklyn, NY 11238, USA\",\n         \"geometry\" : {\n            \"location\" : {\n               \"lat\" : 40.68372,\n               \"lng\" : -73.961142\n            },\n            \"location_type\" : \"ROOFTOP\",\n            \"viewport\" : {\n               \"northeast\" : {\n                  \"lat\" : 40.6850689802915,\n                  \"lng\" : -73.95979301970848\n               },\n               \"southwest\" : {\n                  \"lat\" : 40.6823710197085,\n                  \"lng\" : -73.96249098029149\n               }\n            }\n         },\n         \"types\" : [ \"street_address\" ]\n      }\n   ],\n   \"status\" : \"OK\"\n}\n","resOptions":{}},"level":"info","message":"Service(s) calling finished. undefined","timestamp":"2014-06-02T21:08:08.940Z"}
{"level":"info","message":"Incoming request. { host: 'project-livec9c392e270cd.rhcloud.com',\n  'cache-control': 'no-cache',\n  'user-agent': 'Mozilla/5.0 (Macintosh; Intel Mac OS X 10_9_3) AppleWebKit/537.36 (KHTML, like Gecko) Chrome/35.0.1916.114 Safari/537.36',\n  accept: '*/*',\n  'accept-language': 'en-US,en;q=0.8',\n  cookie: 'optimizelyEndUserId=oeu1401283293102r0.7142860956955701; optimizelySegments=%7B%7D; optimizelyBuckets=%7B%7D; ajs_group_id=null; ajs_user_id=454074; _sio=e7449a94-4aba-4dac-8b11-7d5771915093----454074',\n  'x-forwarded-proto': 'http',\n  'x-region': 'usw',\n  'x-forwarded-for': '74.73.240.140, 23.251.148.106',\n  'x-forwarded-port': '80',\n  'x-request-start': 't=1401743333121728',\n  'x-client-ip': '23.251.148.106',\n  'x-forwarded-host': 'project-livec9c392e270cd.rhcloud.com',\n  'x-forwarded-server': 'localhost',\n  connection: 'Keep-Alive' } {} 1.1 GET /geocode/68%20downing%20street,%20brooklyn%20NY%2011238","timestamp":"2014-06-02T21:08:53.148Z"}
{"0":{"contentType":"application/json","result":"{\n   \"results\" : [\n      {\n         \"address_components\" : [\n            {\n               \"long_name\" : \"68\",\n               \"short_name\" : \"68\",\n               \"types\" : [ \"street_number\" ]\n            },\n            {\n               \"long_name\" : \"Downing Street\",\n               \"short_name\" : \"Downing St\",\n               \"types\" : [ \"route\" ]\n            },\n            {\n               \"long_name\" : \"Clinton Hill\",\n               \"short_name\" : \"Clinton Hill\",\n               \"types\" : [ \"neighborhood\", \"political\" ]\n            },\n            {\n               \"long_name\" : \"Brooklyn\",\n               \"short_name\" : \"Brooklyn\",\n               \"types\" : [ \"sublocality\", \"political\" ]\n            },\n            {\n               \"long_name\" : \"Kings County\",\n               \"short_name\" : \"Kings County\",\n               \"types\" : [ \"administrative_area_level_2\", \"political\" ]\n            },\n            {\n               \"long_name\" : \"New York\",\n               \"short_name\" : \"NY\",\n               \"types\" : [ \"administrative_area_level_1\", \"political\" ]\n            },\n            {\n               \"long_name\" : \"United States\",\n               \"short_name\" : \"US\",\n               \"types\" : [ \"country\", \"political\" ]\n            },\n            {\n               \"long_name\" : \"11238\",\n               \"short_name\" : \"11238\",\n               \"types\" : [ \"postal_code\" ]\n            }\n         ],\n         \"formatted_address\" : \"68 Downing Street, Brooklyn, NY 11238, USA\",\n         \"geometry\" : {\n            \"location\" : {\n               \"lat\" : 40.68372,\n               \"lng\" : -73.961142\n            },\n            \"location_type\" : \"ROOFTOP\",\n            \"viewport\" : {\n               \"northeast\" : {\n                  \"lat\" : 40.6850689802915,\n                  \"lng\" : -73.95979301970848\n               },\n               \"southwest\" : {\n                  \"lat\" : 40.6823710197085,\n                  \"lng\" : -73.96249098029149\n               }\n            }\n         },\n         \"types\" : [ \"street_address\" ]\n      }\n   ],\n   \"status\" : \"OK\"\n}\n","resOptions":{}},"level":"info","message":"Service(s) calling finished. undefined","timestamp":"2014-06-02T21:08:53.152Z"}
{"level":"info","message":"Incoming request. { host: 'project-livec9c392e270cd.rhcloud.com',\n  'cache-control': 'no-cache',\n  'user-agent': 'Mozilla/5.0 (Macintosh; Intel Mac OS X 10_9_3) AppleWebKit/537.36 (KHTML, like Gecko) Chrome/35.0.1916.114 Safari/537.36',\n  accept: '*/*',\n  'accept-language': 'en-US,en;q=0.8',\n  cookie: 'optimizelyEndUserId=oeu1401283293102r0.7142860956955701; optimizelySegments=%7B%7D; optimizelyBuckets=%7B%7D; ajs_group_id=null; ajs_user_id=454074; _sio=e7449a94-4aba-4dac-8b11-7d5771915093----454074',\n  'x-forwarded-proto': 'http',\n  'x-region': 'usw',\n  'x-forwarded-for': '74.73.240.140, 23.251.148.106',\n  'x-forwarded-port': '80',\n  'x-request-start': 't=1401743448390229',\n  'x-client-ip': '23.251.148.106',\n  'x-forwarded-host': 'project-livec9c392e270cd.rhcloud.com',\n  'x-forwarded-server': 'localhost',\n  connection: 'Keep-Alive' } {} 1.1 GET /geocode/68%20downing%20street,%20brooklyn%20NY%2011238","timestamp":"2014-06-02T21:10:48.405Z"}
{"0":{"contentType":"application/json","result":"{\n   \"results\" : [\n      {\n         \"address_components\" : [\n            {\n               \"long_name\" : \"68\",\n               \"short_name\" : \"68\",\n               \"types\" : [ \"street_number\" ]\n            },\n            {\n               \"long_name\" : \"Downing Street\",\n               \"short_name\" : \"Downing St\",\n               \"types\" : [ \"route\" ]\n            },\n            {\n               \"long_name\" : \"Clinton Hill\",\n               \"short_name\" : \"Clinton Hill\",\n               \"types\" : [ \"neighborhood\", \"political\" ]\n            },\n            {\n               \"long_name\" : \"Brooklyn\",\n               \"short_name\" : \"Brooklyn\",\n               \"types\" : [ \"sublocality\", \"political\" ]\n            },\n            {\n               \"long_name\" : \"Kings County\",\n               \"short_name\" : \"Kings County\",\n               \"types\" : [ \"administrative_area_level_2\", \"political\" ]\n            },\n            {\n               \"long_name\" : \"New York\",\n               \"short_name\" : \"NY\",\n               \"types\" : [ \"administrative_area_level_1\", \"political\" ]\n            },\n            {\n               \"long_name\" : \"United States\",\n               \"short_name\" : \"US\",\n               \"types\" : [ \"country\", \"political\" ]\n            },\n            {\n               \"long_name\" : \"11238\",\n               \"short_name\" : \"11238\",\n               \"types\" : [ \"postal_code\" ]\n            }\n         ],\n         \"formatted_address\" : \"68 Downing Street, Brooklyn, NY 11238, USA\",\n         \"geometry\" : {\n            \"location\" : {\n               \"lat\" : 40.68372,\n               \"lng\" : -73.961142\n            },\n            \"location_type\" : \"ROOFTOP\",\n            \"viewport\" : {\n               \"northeast\" : {\n                  \"lat\" : 40.6850689802915,\n                  \"lng\" : -73.95979301970848\n               },\n               \"southwest\" : {\n                  \"lat\" : 40.6823710197085,\n                  \"lng\" : -73.96249098029149\n               }\n            }\n         },\n         \"types\" : [ \"street_address\" ]\n      }\n   ],\n   \"status\" : \"OK\"\n}\n","resOptions":{}},"level":"info","message":"Service(s) calling finished. undefined","timestamp":"2014-06-02T21:10:48.407Z"}
{"logger":{"file":"test.log","level":"info"},"level":"info","message":"connect-rest has been configured. ","timestamp":"2014-06-02T21:16:18.542Z"}
{"level":"info","message":"Incoming request. { host: 'project-livec9c392e270cd.rhcloud.com',\n  'cache-control': 'max-age=0',\n  accept: 'text/html,application/xhtml+xml,application/xml;q=0.9,image/webp,*/*;q=0.8',\n  'user-agent': 'Mozilla/5.0 (Macintosh; Intel Mac OS X 10_9_3) AppleWebKit/537.36 (KHTML, like Gecko) Chrome/35.0.1916.114 Safari/537.36',\n  'accept-language': 'en-US,en;q=0.8',\n  cookie: 'optimizelyEndUserId=oeu1401283293102r0.7142860956955701; optimizelySegments=%7B%7D; optimizelyBuckets=%7B%7D; ajs_group_id=null; ajs_user_id=454074; _sio=e7449a94-4aba-4dac-8b11-7d5771915093----454074',\n  'x-forwarded-proto': 'http',\n  'x-region': 'usw',\n  'x-forwarded-for': '74.73.240.140, 23.251.148.106',\n  'x-forwarded-port': '80',\n  'x-request-start': 't=1401743780539143',\n  'x-client-ip': '23.251.148.106',\n  'x-forwarded-host': 'project-livec9c392e270cd.rhcloud.com',\n  'x-forwarded-server': 'localhost',\n  connection: 'Keep-Alive' } {} 1.1 GET /geocode/68%20downing%20street,%20brooklyn%20NY%2011238","timestamp":"2014-06-02T21:16:20.614Z"}
{"0":{"contentType":"application/json","result":"{\n   \"results\" : [\n      {\n         \"address_components\" : [\n            {\n               \"long_name\" : \"68\",\n               \"short_name\" : \"68\",\n               \"types\" : [ \"street_number\" ]\n            },\n            {\n               \"long_name\" : \"Downing Street\",\n               \"short_name\" : \"Downing St\",\n               \"types\" : [ \"route\" ]\n            },\n            {\n               \"long_name\" : \"Clinton Hill\",\n               \"short_name\" : \"Clinton Hill\",\n               \"types\" : [ \"neighborhood\", \"political\" ]\n            },\n            {\n               \"long_name\" : \"Brooklyn\",\n               \"short_name\" : \"Brooklyn\",\n               \"types\" : [ \"sublocality\", \"political\" ]\n            },\n            {\n               \"long_name\" : \"Kings County\",\n               \"short_name\" : \"Kings County\",\n               \"types\" : [ \"administrative_area_level_2\", \"political\" ]\n            },\n            {\n               \"long_name\" : \"New York\",\n               \"short_name\" : \"NY\",\n               \"types\" : [ \"administrative_area_level_1\", \"political\" ]\n            },\n            {\n               \"long_name\" : \"United States\",\n               \"short_name\" : \"US\",\n               \"types\" : [ \"country\", \"political\" ]\n            },\n            {\n               \"long_name\" : \"11238\",\n               \"short_name\" : \"11238\",\n               \"types\" : [ \"postal_code\" ]\n            }\n         ],\n         \"formatted_address\" : \"68 Downing Street, Brooklyn, NY 11238, USA\",\n         \"geometry\" : {\n            \"location\" : {\n               \"lat\" : 40.68372,\n               \"lng\" : -73.961142\n            },\n            \"location_type\" : \"ROOFTOP\",\n            \"viewport\" : {\n               \"northeast\" : {\n                  \"lat\" : 40.6850689802915,\n                  \"lng\" : -73.95979301970848\n               },\n               \"southwest\" : {\n                  \"lat\" : 40.6823710197085,\n                  \"lng\" : -73.96249098029149\n               }\n            }\n         },\n         \"types\" : [ \"street_address\" ]\n      }\n   ],\n   \"status\" : \"OK\"\n}\n","resOptions":{"minify":true}},"level":"info","message":"Service(s) calling finished. undefined","timestamp":"2014-06-02T21:16:21.392Z"}
{"logger":{"file":"test.log","level":"info"},"level":"info","message":"connect-rest has been configured. ","timestamp":"2014-06-02T21:18:20.151Z"}
{"level":"info","message":"Incoming request. { host: 'project-livec9c392e270cd.rhcloud.com',\n  'cache-control': 'max-age=0',\n  accept: 'text/html,application/xhtml+xml,application/xml;q=0.9,image/webp,*/*;q=0.8',\n  'user-agent': 'Mozilla/5.0 (Macintosh; Intel Mac OS X 10_9_3) AppleWebKit/537.36 (KHTML, like Gecko) Chrome/35.0.1916.114 Safari/537.36',\n  'accept-language': 'en-US,en;q=0.8',\n  cookie: 'optimizelyEndUserId=oeu1401283293102r0.7142860956955701; optimizelySegments=%7B%7D; optimizelyBuckets=%7B%7D; ajs_group_id=null; ajs_user_id=454074; _sio=e7449a94-4aba-4dac-8b11-7d5771915093----454074',\n  'x-forwarded-proto': 'http',\n  'x-region': 'usw',\n  'x-forwarded-for': '74.73.240.140, 23.251.148.106',\n  'x-forwarded-port': '80',\n  'x-request-start': 't=1401743901727996',\n  'x-client-ip': '23.251.148.106',\n  'x-forwarded-host': 'project-livec9c392e270cd.rhcloud.com',\n  'x-forwarded-server': 'localhost',\n  connection: 'Keep-Alive' } {} 1.1 GET /geocode/68%20downing%20street,%20brooklyn%20NY%2011238","timestamp":"2014-06-02T21:18:21.783Z"}
{"0":{"contentType":"application/json","result":{"results":[{"address_components":[{"long_name":"68","short_name":"68","types":["street_number"]},{"long_name":"Downing Street","short_name":"Downing St","types":["route"]},{"long_name":"Clinton Hill","short_name":"Clinton Hill","types":["neighborhood","political"]},{"long_name":"Brooklyn","short_name":"Brooklyn","types":["sublocality","political"]},{"long_name":"Kings County","short_name":"Kings County","types":["administrative_area_level_2","political"]},{"long_name":"New York","short_name":"NY","types":["administrative_area_level_1","political"]},{"long_name":"United States","short_name":"US","types":["country","political"]},{"long_name":"11238","short_name":"11238","types":["postal_code"]}],"formatted_address":"68 Downing Street, Brooklyn, NY 11238, USA","geometry":{"location":{"lat":40.68372,"lng":-73.961142},"location_type":"ROOFTOP","viewport":{"northeast":{"lat":40.6850689802915,"lng":-73.95979301970848},"southwest":{"lat":40.6823710197085,"lng":-73.96249098029149}}},"types":["street_address"]}],"status":"OK"},"resOptions":{}},"level":"info","message":"Service(s) calling finished. undefined","timestamp":"2014-06-02T21:18:22.693Z"}
{"level":"info","message":"Incoming request. { host: 'project-livec9c392e270cd.rhcloud.com',\n  'cache-control': 'max-age=0',\n  accept: 'text/html,application/xhtml+xml,application/xml;q=0.9,image/webp,*/*;q=0.8',\n  'user-agent': 'Mozilla/5.0 (Macintosh; Intel Mac OS X 10_9_3) AppleWebKit/537.36 (KHTML, like Gecko) Chrome/35.0.1916.114 Safari/537.36',\n  'accept-language': 'en-US,en;q=0.8',\n  cookie: 'optimizelyEndUserId=oeu1401283293102r0.7142860956955701; optimizelySegments=%7B%7D; optimizelyBuckets=%7B%7D; ajs_group_id=null; ajs_user_id=454074; _sio=e7449a94-4aba-4dac-8b11-7d5771915093----454074',\n  'x-forwarded-proto': 'http',\n  'x-region': 'usw',\n  'x-forwarded-for': '74.73.240.140, 23.251.148.106',\n  'x-forwarded-port': '80',\n  'x-request-start': 't=1401743905656548',\n  'x-client-ip': '23.251.148.106',\n  'x-forwarded-host': 'project-livec9c392e270cd.rhcloud.com',\n  'x-forwarded-server': 'localhost',\n  connection: 'Keep-Alive' } {} 1.1 GET /geocode/68%20downing%20street,%20brooklyn%20NY%2011238","timestamp":"2014-06-02T21:18:25.679Z"}
{"0":{"contentType":"application/json","result":{"results":[{"address_components":[{"long_name":"68","short_name":"68","types":["street_number"]},{"long_name":"Downing Street","short_name":"Downing St","types":["route"]},{"long_name":"Clinton Hill","short_name":"Clinton Hill","types":["neighborhood","political"]},{"long_name":"Brooklyn","short_name":"Brooklyn","types":["sublocality","political"]},{"long_name":"Kings County","short_name":"Kings County","types":["administrative_area_level_2","political"]},{"long_name":"New York","short_name":"NY","types":["administrative_area_level_1","political"]},{"long_name":"United States","short_name":"US","types":["country","political"]},{"long_name":"11238","short_name":"11238","types":["postal_code"]}],"formatted_address":"68 Downing Street, Brooklyn, NY 11238, USA","geometry":{"location":{"lat":40.68372,"lng":-73.961142},"location_type":"ROOFTOP","viewport":{"northeast":{"lat":40.6850689802915,"lng":-73.95979301970848},"southwest":{"lat":40.6823710197085,"lng":-73.96249098029149}}},"types":["street_address"]}],"status":"OK"},"resOptions":{}},"level":"info","message":"Service(s) calling finished. undefined","timestamp":"2014-06-02T21:18:25.685Z"}
{"level":"info","message":"Incoming request. { host: 'project-livec9c392e270cd.rhcloud.com',\n  'cache-control': 'no-cache',\n  'user-agent': 'Mozilla/5.0 (Macintosh; Intel Mac OS X 10_9_3) AppleWebKit/537.36 (KHTML, like Gecko) Chrome/35.0.1916.114 Safari/537.36',\n  accept: '*/*',\n  'accept-language': 'en-US,en;q=0.8',\n  cookie: 'optimizelyEndUserId=oeu1401283293102r0.7142860956955701; optimizelySegments=%7B%7D; optimizelyBuckets=%7B%7D; ajs_group_id=null; ajs_user_id=454074; _sio=e7449a94-4aba-4dac-8b11-7d5771915093----454074',\n  'x-forwarded-proto': 'http',\n  'x-region': 'usw',\n  'x-forwarded-for': '74.73.240.140, 23.251.148.106',\n  'x-forwarded-port': '80',\n  'x-request-start': 't=1401743921576422',\n  'x-client-ip': '23.251.148.106',\n  'x-forwarded-host': 'project-livec9c392e270cd.rhcloud.com',\n  'x-forwarded-server': 'localhost',\n  connection: 'Keep-Alive' } {} 1.1 GET /geocode/68%20downing%20street,%20brooklyn%20NY%2011238","timestamp":"2014-06-02T21:18:41.578Z"}
{"0":{"contentType":"application/json","result":{"results":[{"address_components":[{"long_name":"68","short_name":"68","types":["street_number"]},{"long_name":"Downing Street","short_name":"Downing St","types":["route"]},{"long_name":"Clinton Hill","short_name":"Clinton Hill","types":["neighborhood","political"]},{"long_name":"Brooklyn","short_name":"Brooklyn","types":["sublocality","political"]},{"long_name":"Kings County","short_name":"Kings County","types":["administrative_area_level_2","political"]},{"long_name":"New York","short_name":"NY","types":["administrative_area_level_1","political"]},{"long_name":"United States","short_name":"US","types":["country","political"]},{"long_name":"11238","short_name":"11238","types":["postal_code"]}],"formatted_address":"68 Downing Street, Brooklyn, NY 11238, USA","geometry":{"location":{"lat":40.68372,"lng":-73.961142},"location_type":"ROOFTOP","viewport":{"northeast":{"lat":40.6850689802915,"lng":-73.95979301970848},"southwest":{"lat":40.6823710197085,"lng":-73.96249098029149}}},"types":["street_address"]}],"status":"OK"},"resOptions":{}},"level":"info","message":"Service(s) calling finished. undefined","timestamp":"2014-06-02T21:18:41.580Z"}
{"logger":{"file":"test.log","level":"info"},"level":"info","message":"connect-rest has been configured. ","timestamp":"2014-06-02T21:20:37.104Z"}
{"level":"info","message":"Incoming request. { host: 'project-livec9c392e270cd.rhcloud.com',\n  'cache-control': 'max-age=0',\n  accept: 'text/html,application/xhtml+xml,application/xml;q=0.9,image/webp,*/*;q=0.8',\n  'user-agent': 'Mozilla/5.0 (Macintosh; Intel Mac OS X 10_9_3) AppleWebKit/537.36 (KHTML, like Gecko) Chrome/35.0.1916.114 Safari/537.36',\n  'accept-language': 'en-US,en;q=0.8',\n  cookie: 'optimizelyEndUserId=oeu1401283293102r0.7142860956955701; optimizelySegments=%7B%7D; optimizelyBuckets=%7B%7D; ajs_group_id=null; ajs_user_id=454074; _sio=e7449a94-4aba-4dac-8b11-7d5771915093----454074',\n  'x-forwarded-proto': 'http',\n  'x-region': 'usw',\n  'x-forwarded-for': '74.73.240.140, 23.251.148.106',\n  'x-forwarded-port': '80',\n  'x-request-start': 't=1401744041340353',\n  'x-client-ip': '23.251.148.106',\n  'x-forwarded-host': 'project-livec9c392e270cd.rhcloud.com',\n  'x-forwarded-server': 'localhost',\n  connection: 'Keep-Alive' } {} 1.1 GET /geocode/68%20downing%20street,%20brooklyn%20NY%2011238","timestamp":"2014-06-02T21:20:41.367Z"}
{"0":{"contentType":"application/json","result":{"results":[{"address_components":[{"long_name":"68","short_name":"68","types":["street_number"]},{"long_name":"Downing Street","short_name":"Downing St","types":["route"]},{"long_name":"Clinton Hill","short_name":"Clinton Hill","types":["neighborhood","political"]},{"long_name":"Brooklyn","short_name":"Brooklyn","types":["sublocality","political"]},{"long_name":"Kings County","short_name":"Kings County","types":["administrative_area_level_2","political"]},{"long_name":"New York","short_name":"NY","types":["administrative_area_level_1","political"]},{"long_name":"United States","short_name":"US","types":["country","political"]},{"long_name":"11238","short_name":"11238","types":["postal_code"]}],"formatted_address":"68 Downing Street, Brooklyn, NY 11238, USA","geometry":{"location":{"lat":40.68372,"lng":-73.961142},"location_type":"ROOFTOP","viewport":{"northeast":{"lat":40.6850689802915,"lng":-73.95979301970848},"southwest":{"lat":40.6823710197085,"lng":-73.96249098029149}}},"types":["street_address"]}],"status":"OK"},"resOptions":{}},"level":"info","message":"Service(s) calling finished. undefined","timestamp":"2014-06-02T21:20:42.149Z"}
{"level":"info","message":"Incoming request. { host: 'project-livec9c392e270cd.rhcloud.com',\n  'cache-control': 'no-cache',\n  'user-agent': 'Mozilla/5.0 (Macintosh; Intel Mac OS X 10_9_3) AppleWebKit/537.36 (KHTML, like Gecko) Chrome/35.0.1916.114 Safari/537.36',\n  accept: '*/*',\n  'accept-language': 'en-US,en;q=0.8',\n  cookie: 'optimizelyEndUserId=oeu1401283293102r0.7142860956955701; optimizelySegments=%7B%7D; optimizelyBuckets=%7B%7D; ajs_group_id=null; ajs_user_id=454074; _sio=e7449a94-4aba-4dac-8b11-7d5771915093----454074',\n  'x-forwarded-proto': 'http',\n  'x-region': 'usw',\n  'x-forwarded-for': '74.73.240.140, 23.251.148.106',\n  'x-forwarded-port': '80',\n  'x-request-start': 't=1401744092724789',\n  'x-client-ip': '23.251.148.106',\n  'x-forwarded-host': 'project-livec9c392e270cd.rhcloud.com',\n  'x-forwarded-server': 'localhost',\n  connection: 'Keep-Alive' } {} 1.1 GET /geocode/","timestamp":"2014-06-02T21:21:32.746Z"}
{"0":{"contentType":"application/json","result":{"results":[{"address_components":[{"long_name":"68","short_name":"68","types":["street_number"]},{"long_name":"Downing Street","short_name":"Downing St","types":["route"]},{"long_name":"Clinton Hill","short_name":"Clinton Hill","types":["neighborhood","political"]},{"long_name":"Brooklyn","short_name":"Brooklyn","types":["sublocality","political"]},{"long_name":"Kings County","short_name":"Kings County","types":["administrative_area_level_2","political"]},{"long_name":"New York","short_name":"NY","types":["administrative_area_level_1","political"]},{"long_name":"United States","short_name":"US","types":["country","political"]},{"long_name":"11238","short_name":"11238","types":["postal_code"]}],"formatted_address":"68 Downing Street, Brooklyn, NY 11238, USA","geometry":{"location":{"lat":40.68372,"lng":-73.961142},"location_type":"ROOFTOP","viewport":{"northeast":{"lat":40.6850689802915,"lng":-73.95979301970848},"southwest":{"lat":40.6823710197085,"lng":-73.96249098029149}}},"types":["street_address"]}],"status":"OK"},"resOptions":{}},"level":"info","message":"Service(s) calling finished. undefined","timestamp":"2014-06-02T21:21:32.752Z"}
{"level":"info","message":"Incoming request. { host: 'project-livec9c392e270cd.rhcloud.com',\n  'cache-control': 'no-cache',\n  'user-agent': 'Mozilla/5.0 (Macintosh; Intel Mac OS X 10_9_3) AppleWebKit/537.36 (KHTML, like Gecko) Chrome/35.0.1916.114 Safari/537.36',\n  accept: '*/*',\n  'accept-language': 'en-US,en;q=0.8',\n  cookie: 'optimizelyEndUserId=oeu1401283293102r0.7142860956955701; optimizelySegments=%7B%7D; optimizelyBuckets=%7B%7D; ajs_group_id=null; ajs_user_id=454074; _sio=e7449a94-4aba-4dac-8b11-7d5771915093----454074',\n  'x-forwarded-proto': 'http',\n  'x-region': 'usw',\n  'x-forwarded-for': '74.73.240.140, 23.251.148.106',\n  'x-forwarded-port': '80',\n  'x-request-start': 't=1401744100203324',\n  'x-client-ip': '23.251.148.106',\n  'x-forwarded-host': 'project-livec9c392e270cd.rhcloud.com',\n  'x-forwarded-server': 'localhost',\n  connection: 'Keep-Alive' } {} 1.1 GET /geocode/","timestamp":"2014-06-02T21:21:40.206Z"}
{"0":{"contentType":"application/json","result":{"results":[{"address_components":[{"long_name":"68","short_name":"68","types":["street_number"]},{"long_name":"Downing Street","short_name":"Downing St","types":["route"]},{"long_name":"Clinton Hill","short_name":"Clinton Hill","types":["neighborhood","political"]},{"long_name":"Brooklyn","short_name":"Brooklyn","types":["sublocality","political"]},{"long_name":"Kings County","short_name":"Kings County","types":["administrative_area_level_2","political"]},{"long_name":"New York","short_name":"NY","types":["administrative_area_level_1","political"]},{"long_name":"United States","short_name":"US","types":["country","political"]},{"long_name":"11238","short_name":"11238","types":["postal_code"]}],"formatted_address":"68 Downing Street, Brooklyn, NY 11238, USA","geometry":{"location":{"lat":40.68372,"lng":-73.961142},"location_type":"ROOFTOP","viewport":{"northeast":{"lat":40.6850689802915,"lng":-73.95979301970848},"southwest":{"lat":40.6823710197085,"lng":-73.96249098029149}}},"types":["street_address"]}],"status":"OK"},"resOptions":{}},"level":"info","message":"Service(s) calling finished. undefined","timestamp":"2014-06-02T21:21:40.209Z"}
{"level":"info","message":"Incoming request. { host: 'project-livec9c392e270cd.rhcloud.com',\n  'cache-control': 'max-age=0',\n  accept: 'text/html,application/xhtml+xml,application/xml;q=0.9,image/webp,*/*;q=0.8',\n  'user-agent': 'Mozilla/5.0 (Macintosh; Intel Mac OS X 10_9_3) AppleWebKit/537.36 (KHTML, like Gecko) Chrome/35.0.1916.114 Safari/537.36',\n  'accept-language': 'en-US,en;q=0.8',\n  cookie: 'optimizelyEndUserId=oeu1401283293102r0.7142860956955701; optimizelySegments=%7B%7D; optimizelyBuckets=%7B%7D; ajs_group_id=null; ajs_user_id=454074; _sio=e7449a94-4aba-4dac-8b11-7d5771915093----454074',\n  'x-forwarded-proto': 'http',\n  'x-region': 'usw',\n  'x-forwarded-for': '74.73.240.140, 23.251.148.106',\n  'x-forwarded-port': '80',\n  'x-request-start': 't=1401744129280419',\n  'x-client-ip': '23.251.148.106',\n  'x-forwarded-host': 'project-livec9c392e270cd.rhcloud.com',\n  'x-forwarded-server': 'localhost',\n  connection: 'Keep-Alive' } {} 1.1 GET /geocode/68%20downing%20street,%20brooklyn%20NY%2011238","timestamp":"2014-06-02T21:22:09.284Z"}
{"0":{"contentType":"application/json","result":{"results":[{"address_components":[{"long_name":"68","short_name":"68","types":["street_number"]},{"long_name":"Downing Street","short_name":"Downing St","types":["route"]},{"long_name":"Clinton Hill","short_name":"Clinton Hill","types":["neighborhood","political"]},{"long_name":"Brooklyn","short_name":"Brooklyn","types":["sublocality","political"]},{"long_name":"Kings County","short_name":"Kings County","types":["administrative_area_level_2","political"]},{"long_name":"New York","short_name":"NY","types":["administrative_area_level_1","political"]},{"long_name":"United States","short_name":"US","types":["country","political"]},{"long_name":"11238","short_name":"11238","types":["postal_code"]}],"formatted_address":"68 Downing Street, Brooklyn, NY 11238, USA","geometry":{"location":{"lat":40.68372,"lng":-73.961142},"location_type":"ROOFTOP","viewport":{"northeast":{"lat":40.6850689802915,"lng":-73.95979301970848},"southwest":{"lat":40.6823710197085,"lng":-73.96249098029149}}},"types":["street_address"]}],"status":"OK"},"resOptions":{}},"level":"info","message":"Service(s) calling finished. undefined","timestamp":"2014-06-02T21:22:09.289Z"}
{"level":"info","message":"Incoming request. { host: 'project-livec9c392e270cd.rhcloud.com',\n  accept: 'text/html,application/xhtml+xml,application/xml;q=0.9,image/webp,*/*;q=0.8',\n  'user-agent': 'Mozilla/5.0 (Macintosh; Intel Mac OS X 10_9_3) AppleWebKit/537.36 (KHTML, like Gecko) Chrome/35.0.1916.114 Safari/537.36',\n  'accept-language': 'en-US,en;q=0.8',\n  cookie: 'optimizelyEndUserId=oeu1401283293102r0.7142860956955701; optimizelySegments=%7B%7D; optimizelyBuckets=%7B%7D; ajs_group_id=null; ajs_user_id=454074; _sio=e7449a94-4aba-4dac-8b11-7d5771915093----454074',\n  'x-forwarded-proto': 'http',\n  'x-region': 'usw',\n  'x-forwarded-for': '74.73.240.140, 23.251.148.106',\n  'x-forwarded-port': '80',\n  'x-request-start': 't=1401744134669321',\n  'x-client-ip': '23.251.148.106',\n  'x-forwarded-host': 'project-livec9c392e270cd.rhcloud.com',\n  'x-forwarded-server': 'localhost',\n  connection: 'Keep-Alive' } {} 1.1 GET /geocode/","timestamp":"2014-06-02T21:22:14.682Z"}
{"0":{"contentType":"application/json","result":{"results":[{"address_components":[{"long_name":"68","short_name":"68","types":["street_number"]},{"long_name":"Downing Street","short_name":"Downing St","types":["route"]},{"long_name":"Clinton Hill","short_name":"Clinton Hill","types":["neighborhood","political"]},{"long_name":"Brooklyn","short_name":"Brooklyn","types":["sublocality","political"]},{"long_name":"Kings County","short_name":"Kings County","types":["administrative_area_level_2","political"]},{"long_name":"New York","short_name":"NY","types":["administrative_area_level_1","political"]},{"long_name":"United States","short_name":"US","types":["country","political"]},{"long_name":"11238","short_name":"11238","types":["postal_code"]}],"formatted_address":"68 Downing Street, Brooklyn, NY 11238, USA","geometry":{"location":{"lat":40.68372,"lng":-73.961142},"location_type":"ROOFTOP","viewport":{"northeast":{"lat":40.6850689802915,"lng":-73.95979301970848},"southwest":{"lat":40.6823710197085,"lng":-73.96249098029149}}},"types":["street_address"]}],"status":"OK"},"resOptions":{}},"level":"info","message":"Service(s) calling finished. undefined","timestamp":"2014-06-02T21:22:14.684Z"}
{"logger":{"file":"test.log","level":"info"},"level":"info","message":"connect-rest has been configured. ","timestamp":"2014-06-02T21:23:11.754Z"}
{"level":"info","message":"Incoming request. { host: 'project-livec9c392e270cd.rhcloud.com',\n  'cache-control': 'max-age=0',\n  accept: 'text/html,application/xhtml+xml,application/xml;q=0.9,image/webp,*/*;q=0.8',\n  'user-agent': 'Mozilla/5.0 (Macintosh; Intel Mac OS X 10_9_3) AppleWebKit/537.36 (KHTML, like Gecko) Chrome/35.0.1916.114 Safari/537.36',\n  'accept-language': 'en-US,en;q=0.8',\n  cookie: 'optimizelyEndUserId=oeu1401283293102r0.7142860956955701; optimizelySegments=%7B%7D; optimizelyBuckets=%7B%7D; ajs_group_id=null; ajs_user_id=454074; _sio=e7449a94-4aba-4dac-8b11-7d5771915093----454074',\n  'x-forwarded-proto': 'http',\n  'x-region': 'usw',\n  'x-forwarded-for': '74.73.240.140, 23.251.148.106',\n  'x-forwarded-port': '80',\n  'x-request-start': 't=1401744196582487',\n  'x-client-ip': '23.251.148.106',\n  'x-forwarded-host': 'project-livec9c392e270cd.rhcloud.com',\n  'x-forwarded-server': 'localhost',\n  connection: 'Keep-Alive' } {} 1.1 GET /geocode/","timestamp":"2014-06-02T21:23:16.593Z"}
{"0":{"contentType":"application/json","result":{"results":[{"address_components":[{"long_name":"undefined","short_name":"undefined","types":["premise"]},{"long_name":"Carretera de Cádiz","short_name":"Ctra. de Cádiz","types":["sublocality","political"]},{"long_name":"Málaga","short_name":"Málaga","types":["locality","political"]},{"long_name":"Málaga","short_name":"Málaga","types":["administrative_area_level_2","political"]},{"long_name":"Andalusia","short_name":"AL","types":["administrative_area_level_1","political"]},{"long_name":"Spain","short_name":"ES","types":["country","political"]},{"long_name":"29004","short_name":"29004","types":["postal_code"]}],"formatted_address":"undefined, 29004 Málaga, Spain","geometry":{"bounds":{"northeast":{"lat":36.6931597,"lng":-4.4481677},"southwest":{"lat":36.6930736,"lng":-4.4482627}},"location":{"lat":36.6931146,"lng":-4.4482089},"location_type":"APPROXIMATE","viewport":{"northeast":{"lat":36.6944656302915,"lng":-4.446866219708498},"southwest":{"lat":36.6917676697085,"lng":-4.449564180291502}}},"types":["premise"]},{"address_components":[{"long_name":"undefined","short_name":"undefined","types":["premise"]},{"long_name":"Marbella","short_name":"Marbella","types":["locality","political"]},{"long_name":"Málaga","short_name":"Málaga","types":["administrative_area_level_2","political"]},{"long_name":"Andalusia","short_name":"AL","types":["administrative_area_level_1","political"]},{"long_name":"Spain","short_name":"ES","types":["country","political"]},{"long_name":"29604","short_name":"29604","types":["postal_code"]}],"formatted_address":"undefined, 29604 Marbella, Málaga, Spain","geometry":{"bounds":{"northeast":{"lat":36.4912635,"lng":-4.769028},"southwest":{"lat":36.4908935,"lng":-4.7694906}},"location":{"lat":36.491089,"lng":-4.7692799},"location_type":"APPROXIMATE","viewport":{"northeast":{"lat":36.4924274802915,"lng":-4.767910319708498},"southwest":{"lat":36.4897295197085,"lng":-4.770608280291502}}},"types":["premise"]},{"address_components":[{"long_name":"Undefined","short_name":"Undefined","types":["premise"]},{"long_name":"Torrelaguna","short_name":"Torrelaguna","types":["locality","political"]},{"long_name":"Madrid","short_name":"M","types":["administrative_area_level_2","political"]},{"long_name":"Community of Madrid","short_name":"Community of Madrid","types":["administrative_area_level_1","political"]},{"long_name":"Spain","short_name":"ES","types":["country","political"]},{"long_name":"28180","short_name":"28180","types":["postal_code"]}],"formatted_address":"Undefined, 28180 Torrelaguna, Madrid, Spain","geometry":{"bounds":{"northeast":{"lat":40.8216911,"lng":-3.5419108},"southwest":{"lat":40.8214779,"lng":-3.542348}},"location":{"lat":40.8215604,"lng":-3.5420949},"location_type":"APPROXIMATE","viewport":{"northeast":{"lat":40.8229334802915,"lng":-3.540780419708498},"southwest":{"lat":40.8202355197085,"lng":-3.543478380291502}}},"types":["premise"]},{"address_components":[{"long_name":"Undefined","short_name":"Undefined","types":["premise"]},{"long_name":"Huelva","short_name":"Huelva","types":["locality","political"]},{"long_name":"Huelva","short_name":"Huelva","types":["administrative_area_level_2","political"]},{"long_name":"Andalusia","short_name":"AL","types":["administrative_area_level_1","political"]},{"long_name":"Spain","short_name":"ES","types":["country","political"]},{"long_name":"21005","short_name":"21005","types":["postal_code"]}],"formatted_address":"Undefined, 21005 Huelva, Spain","geometry":{"bounds":{"northeast":{"lat":37.2718596,"lng":-6.929462},"southwest":{"lat":37.2717451,"lng":-6.929603999999999}},"location":{"lat":37.2718105,"lng":-6.9295408},"location_type":"APPROXIMATE","viewport":{"northeast":{"lat":37.2731513302915,"lng":-6.928184019708498},"southwest":{"lat":37.27045336970851,"lng":-6.930881980291502}}},"types":["premise"]}],"status":"OK"},"resOptions":{}},"level":"info","message":"Service(s) calling finished. undefined","timestamp":"2014-06-02T21:23:17.645Z"}
{"logger":{"file":"test.log","level":"info"},"level":"info","message":"connect-rest has been configured. ","timestamp":"2014-06-02T21:25:21.745Z"}
{"level":"info","message":"Incoming request. { host: 'project-livec9c392e270cd.rhcloud.com',\n  'cache-control': 'max-age=0',\n  accept: 'text/html,application/xhtml+xml,application/xml;q=0.9,image/webp,*/*;q=0.8',\n  'user-agent': 'Mozilla/5.0 (Macintosh; Intel Mac OS X 10_9_3) AppleWebKit/537.36 (KHTML, like Gecko) Chrome/35.0.1916.114 Safari/537.36',\n  'accept-language': 'en-US,en;q=0.8',\n  cookie: 'optimizelyEndUserId=oeu1401283293102r0.7142860956955701; optimizelySegments=%7B%7D; optimizelyBuckets=%7B%7D; ajs_group_id=null; ajs_user_id=454074; _sio=e7449a94-4aba-4dac-8b11-7d5771915093----454074',\n  'x-forwarded-proto': 'http',\n  'x-region': 'usw',\n  'x-forwarded-for': '74.73.240.140, 23.251.148.106',\n  'x-forwarded-port': '80',\n  'x-request-start': 't=1401744323515897',\n  'x-client-ip': '23.251.148.106',\n  'x-forwarded-host': 'project-livec9c392e270cd.rhcloud.com',\n  'x-forwarded-server': 'localhost',\n  connection: 'Keep-Alive' } {} 1.1 GET /geocode/","timestamp":"2014-06-02T21:25:23.527Z"}
{"0":{"contentType":"application/json","result":{"results":[{"address_components":[{"long_name":"undefined","short_name":"undefined","types":["premise"]},{"long_name":"Carretera de Cádiz","short_name":"Ctra. de Cádiz","types":["sublocality","political"]},{"long_name":"Málaga","short_name":"Málaga","types":["locality","political"]},{"long_name":"Málaga","short_name":"Málaga","types":["administrative_area_level_2","political"]},{"long_name":"Andalusia","short_name":"AL","types":["administrative_area_level_1","political"]},{"long_name":"Spain","short_name":"ES","types":["country","political"]},{"long_name":"29004","short_name":"29004","types":["postal_code"]}],"formatted_address":"undefined, 29004 Málaga, Spain","geometry":{"bounds":{"northeast":{"lat":36.6931597,"lng":-4.4481677},"southwest":{"lat":36.6930736,"lng":-4.4482627}},"location":{"lat":36.6931146,"lng":-4.4482089},"location_type":"APPROXIMATE","viewport":{"northeast":{"lat":36.6944656302915,"lng":-4.446866219708498},"southwest":{"lat":36.6917676697085,"lng":-4.449564180291502}}},"types":["premise"]},{"address_components":[{"long_name":"undefined","short_name":"undefined","types":["premise"]},{"long_name":"Marbella","short_name":"Marbella","types":["locality","political"]},{"long_name":"Málaga","short_name":"Málaga","types":["administrative_area_level_2","political"]},{"long_name":"Andalusia","short_name":"AL","types":["administrative_area_level_1","political"]},{"long_name":"Spain","short_name":"ES","types":["country","political"]},{"long_name":"29604","short_name":"29604","types":["postal_code"]}],"formatted_address":"undefined, 29604 Marbella, Málaga, Spain","geometry":{"bounds":{"northeast":{"lat":36.4912635,"lng":-4.769028},"southwest":{"lat":36.4908935,"lng":-4.7694906}},"location":{"lat":36.491089,"lng":-4.7692799},"location_type":"APPROXIMATE","viewport":{"northeast":{"lat":36.4924274802915,"lng":-4.767910319708498},"southwest":{"lat":36.4897295197085,"lng":-4.770608280291502}}},"types":["premise"]},{"address_components":[{"long_name":"Undefined","short_name":"Undefined","types":["premise"]},{"long_name":"Torrelaguna","short_name":"Torrelaguna","types":["locality","political"]},{"long_name":"Madrid","short_name":"M","types":["administrative_area_level_2","political"]},{"long_name":"Community of Madrid","short_name":"Community of Madrid","types":["administrative_area_level_1","political"]},{"long_name":"Spain","short_name":"ES","types":["country","political"]},{"long_name":"28180","short_name":"28180","types":["postal_code"]}],"formatted_address":"Undefined, 28180 Torrelaguna, Madrid, Spain","geometry":{"bounds":{"northeast":{"lat":40.8216911,"lng":-3.5419108},"southwest":{"lat":40.8214779,"lng":-3.542348}},"location":{"lat":40.8215604,"lng":-3.5420949},"location_type":"APPROXIMATE","viewport":{"northeast":{"lat":40.8229334802915,"lng":-3.540780419708498},"southwest":{"lat":40.8202355197085,"lng":-3.543478380291502}}},"types":["premise"]},{"address_components":[{"long_name":"Undefined","short_name":"Undefined","types":["premise"]},{"long_name":"Huelva","short_name":"Huelva","types":["locality","political"]},{"long_name":"Huelva","short_name":"Huelva","types":["administrative_area_level_2","political"]},{"long_name":"Andalusia","short_name":"AL","types":["administrative_area_level_1","political"]},{"long_name":"Spain","short_name":"ES","types":["country","political"]},{"long_name":"21005","short_name":"21005","types":["postal_code"]}],"formatted_address":"Undefined, 21005 Huelva, Spain","geometry":{"bounds":{"northeast":{"lat":37.2718596,"lng":-6.929462},"southwest":{"lat":37.2717451,"lng":-6.929603999999999}},"location":{"lat":37.2718105,"lng":-6.9295408},"location_type":"APPROXIMATE","viewport":{"northeast":{"lat":37.2731513302915,"lng":-6.928184019708498},"southwest":{"lat":37.27045336970851,"lng":-6.930881980291502}}},"types":["premise"]}],"status":"OK"},"resOptions":{}},"level":"info","message":"Service(s) calling finished. undefined","timestamp":"2014-06-02T21:25:27.510Z"}
{"logger":{"file":"test.log","level":"info"},"level":"info","message":"connect-rest has been configured. ","timestamp":"2014-06-02T21:27:10.666Z"}
{"level":"info","message":"Incoming request. { host: 'project-livec9c392e270cd.rhcloud.com',\n  'cache-control': 'max-age=0',\n  accept: 'text/html,application/xhtml+xml,application/xml;q=0.9,image/webp,*/*;q=0.8',\n  'user-agent': 'Mozilla/5.0 (Macintosh; Intel Mac OS X 10_9_3) AppleWebKit/537.36 (KHTML, like Gecko) Chrome/35.0.1916.114 Safari/537.36',\n  'accept-language': 'en-US,en;q=0.8',\n  cookie: 'optimizelyEndUserId=oeu1401283293102r0.7142860956955701; optimizelySegments=%7B%7D; optimizelyBuckets=%7B%7D; ajs_group_id=null; ajs_user_id=454074; _sio=e7449a94-4aba-4dac-8b11-7d5771915093----454074',\n  'x-forwarded-proto': 'http',\n  'x-region': 'usw',\n  'x-forwarded-for': '74.73.240.140, 23.251.148.106',\n  'x-forwarded-port': '80',\n  'x-request-start': 't=1401744464747769',\n  'x-client-ip': '23.251.148.106',\n  'x-forwarded-host': 'project-livec9c392e270cd.rhcloud.com',\n  'x-forwarded-server': 'localhost',\n  connection: 'Keep-Alive' } {} 1.1 GET /geocode/","timestamp":"2014-06-02T21:27:44.756Z"}
{"logger":{"file":"test.log","level":"info"},"level":"info","message":"connect-rest has been configured. ","timestamp":"2014-06-02T21:28:53.446Z"}
{"level":"info","message":"Incoming request. { host: 'project-livec9c392e270cd.rhcloud.com',\n  'cache-control': 'max-age=0',\n  accept: 'text/html,application/xhtml+xml,application/xml;q=0.9,image/webp,*/*;q=0.8',\n  'user-agent': 'Mozilla/5.0 (Macintosh; Intel Mac OS X 10_9_3) AppleWebKit/537.36 (KHTML, like Gecko) Chrome/35.0.1916.114 Safari/537.36',\n  'accept-language': 'en-US,en;q=0.8',\n  cookie: 'optimizelyEndUserId=oeu1401283293102r0.7142860956955701; optimizelySegments=%7B%7D; optimizelyBuckets=%7B%7D; ajs_group_id=null; ajs_user_id=454074; _sio=e7449a94-4aba-4dac-8b11-7d5771915093----454074',\n  'x-forwarded-proto': 'http',\n  'x-region': 'usw',\n  'x-forwarded-for': '74.73.240.140, 23.251.148.106',\n  'x-forwarded-port': '80',\n  'x-request-start': 't=1401744539587406',\n  'x-client-ip': '23.251.148.106',\n  'x-forwarded-host': 'project-livec9c392e270cd.rhcloud.com',\n  'x-forwarded-server': 'localhost',\n  connection: 'Keep-Alive' } {} 1.1 GET /geocode/","timestamp":"2014-06-02T21:28:59.596Z"}
{"0":{"contentType":"application/json","result":{"results":[{"address_components":[{"long_name":"undefined","short_name":"undefined","types":["premise"]},{"long_name":"Carretera de Cádiz","short_name":"Ctra. de Cádiz","types":["sublocality","political"]},{"long_name":"Málaga","short_name":"Málaga","types":["locality","political"]},{"long_name":"Málaga","short_name":"Málaga","types":["administrative_area_level_2","political"]},{"long_name":"Andalusia","short_name":"AL","types":["administrative_area_level_1","political"]},{"long_name":"Spain","short_name":"ES","types":["country","political"]},{"long_name":"29004","short_name":"29004","types":["postal_code"]}],"formatted_address":"undefined, 29004 Málaga, Spain","geometry":{"bounds":{"northeast":{"lat":36.6931597,"lng":-4.4481677},"southwest":{"lat":36.6930736,"lng":-4.4482627}},"location":{"lat":36.6931146,"lng":-4.4482089},"location_type":"APPROXIMATE","viewport":{"northeast":{"lat":36.6944656302915,"lng":-4.446866219708498},"southwest":{"lat":36.6917676697085,"lng":-4.449564180291502}}},"types":["premise"]},{"address_components":[{"long_name":"undefined","short_name":"undefined","types":["premise"]},{"long_name":"Marbella","short_name":"Marbella","types":["locality","political"]},{"long_name":"Málaga","short_name":"Málaga","types":["administrative_area_level_2","political"]},{"long_name":"Andalusia","short_name":"AL","types":["administrative_area_level_1","political"]},{"long_name":"Spain","short_name":"ES","types":["country","political"]},{"long_name":"29604","short_name":"29604","types":["postal_code"]}],"formatted_address":"undefined, 29604 Marbella, Málaga, Spain","geometry":{"bounds":{"northeast":{"lat":36.4912635,"lng":-4.769028},"southwest":{"lat":36.4908935,"lng":-4.7694906}},"location":{"lat":36.491089,"lng":-4.7692799},"location_type":"APPROXIMATE","viewport":{"northeast":{"lat":36.4924274802915,"lng":-4.767910319708498},"southwest":{"lat":36.4897295197085,"lng":-4.770608280291502}}},"types":["premise"]},{"address_components":[{"long_name":"Undefined","short_name":"Undefined","types":["premise"]},{"long_name":"Torrelaguna","short_name":"Torrelaguna","types":["locality","political"]},{"long_name":"Madrid","short_name":"M","types":["administrative_area_level_2","political"]},{"long_name":"Community of Madrid","short_name":"Community of Madrid","types":["administrative_area_level_1","political"]},{"long_name":"Spain","short_name":"ES","types":["country","political"]},{"long_name":"28180","short_name":"28180","types":["postal_code"]}],"formatted_address":"Undefined, 28180 Torrelaguna, Madrid, Spain","geometry":{"bounds":{"northeast":{"lat":40.8216911,"lng":-3.5419108},"southwest":{"lat":40.8214779,"lng":-3.542348}},"location":{"lat":40.8215604,"lng":-3.5420949},"location_type":"APPROXIMATE","viewport":{"northeast":{"lat":40.8229334802915,"lng":-3.540780419708498},"southwest":{"lat":40.8202355197085,"lng":-3.543478380291502}}},"types":["premise"]},{"address_components":[{"long_name":"Undefined","short_name":"Undefined","types":["premise"]},{"long_name":"Huelva","short_name":"Huelva","types":["locality","political"]},{"long_name":"Huelva","short_name":"Huelva","types":["administrative_area_level_2","political"]},{"long_name":"Andalusia","short_name":"AL","types":["administrative_area_level_1","political"]},{"long_name":"Spain","short_name":"ES","types":["country","political"]},{"long_name":"21005","short_name":"21005","types":["postal_code"]}],"formatted_address":"Undefined, 21005 Huelva, Spain","geometry":{"bounds":{"northeast":{"lat":37.2718596,"lng":-6.929462},"southwest":{"lat":37.2717451,"lng":-6.929603999999999}},"location":{"lat":37.2718105,"lng":-6.9295408},"location_type":"APPROXIMATE","viewport":{"northeast":{"lat":37.2731513302915,"lng":-6.928184019708498},"southwest":{"lat":37.27045336970851,"lng":-6.930881980291502}}},"types":["premise"]}],"status":"OK"},"resOptions":{}},"level":"info","message":"Service(s) calling finished. undefined","timestamp":"2014-06-02T21:29:15.996Z"}
{"level":"info","message":"Incoming request. { host: 'project-livec9c392e270cd.rhcloud.com',\n  'cache-control': 'max-age=0',\n  accept: 'text/html,application/xhtml+xml,application/xml;q=0.9,image/webp,*/*;q=0.8',\n  'user-agent': 'Mozilla/5.0 (Macintosh; Intel Mac OS X 10_9_3) AppleWebKit/537.36 (KHTML, like Gecko) Chrome/35.0.1916.114 Safari/537.36',\n  'accept-language': 'en-US,en;q=0.8',\n  cookie: 'optimizelyEndUserId=oeu1401283293102r0.7142860956955701; optimizelySegments=%7B%7D; optimizelyBuckets=%7B%7D; ajs_group_id=null; ajs_user_id=454074; _sio=e7449a94-4aba-4dac-8b11-7d5771915093----454074',\n  'x-forwarded-proto': 'http',\n  'x-region': 'usw',\n  'x-forwarded-for': '74.73.240.140, 23.251.148.106',\n  'x-forwarded-port': '80',\n  'x-request-start': 't=1401744588466439',\n  'x-client-ip': '23.251.148.106',\n  'x-forwarded-host': 'project-livec9c392e270cd.rhcloud.com',\n  'x-forwarded-server': 'localhost',\n  connection: 'Keep-Alive' } {} 1.1 GET /geocode/","timestamp":"2014-06-02T21:29:48.469Z"}
{"logger":{"file":"test.log","level":"info"},"level":"info","message":"connect-rest has been configured. ","timestamp":"2014-06-02T21:31:45.352Z"}
{"level":"info","message":"Incoming request. { host: 'project-livec9c392e270cd.rhcloud.com',\n  'cache-control': 'max-age=0',\n  accept: 'text/html,application/xhtml+xml,application/xml;q=0.9,image/webp,*/*;q=0.8',\n  'user-agent': 'Mozilla/5.0 (Macintosh; Intel Mac OS X 10_9_3) AppleWebKit/537.36 (KHTML, like Gecko) Chrome/35.0.1916.114 Safari/537.36',\n  'accept-language': 'en-US,en;q=0.8',\n  cookie: 'optimizelyEndUserId=oeu1401283293102r0.7142860956955701; optimizelySegments=%7B%7D; optimizelyBuckets=%7B%7D; ajs_group_id=null; ajs_user_id=454074; _sio=e7449a94-4aba-4dac-8b11-7d5771915093----454074',\n  'x-forwarded-proto': 'http',\n  'x-region': 'usw',\n  'x-forwarded-for': '74.73.240.140, 23.251.148.106',\n  'x-forwarded-port': '80',\n  'x-request-start': 't=1401744709955821',\n  'x-client-ip': '23.251.148.106',\n  'x-forwarded-host': 'project-livec9c392e270cd.rhcloud.com',\n  'x-forwarded-server': 'localhost',\n  connection: 'Keep-Alive' } {} 1.1 GET /geocode/","timestamp":"2014-06-02T21:31:49.964Z"}
{"0":{"contentType":"application/json","result":{"results":[{"address_components":[{"long_name":"undefined","short_name":"undefined","types":["premise"]},{"long_name":"Carretera de Cádiz","short_name":"Ctra. de Cádiz","types":["sublocality","political"]},{"long_name":"Málaga","short_name":"Málaga","types":["locality","political"]},{"long_name":"Málaga","short_name":"Málaga","types":["administrative_area_level_2","political"]},{"long_name":"Andalusia","short_name":"AL","types":["administrative_area_level_1","political"]},{"long_name":"Spain","short_name":"ES","types":["country","political"]},{"long_name":"29004","short_name":"29004","types":["postal_code"]}],"formatted_address":"undefined, 29004 Málaga, Spain","geometry":{"bounds":{"northeast":{"lat":36.6931597,"lng":-4.4481677},"southwest":{"lat":36.6930736,"lng":-4.4482627}},"location":{"lat":36.6931146,"lng":-4.4482089},"location_type":"APPROXIMATE","viewport":{"northeast":{"lat":36.6944656302915,"lng":-4.446866219708498},"southwest":{"lat":36.6917676697085,"lng":-4.449564180291502}}},"types":["premise"]},{"address_components":[{"long_name":"undefined","short_name":"undefined","types":["premise"]},{"long_name":"Marbella","short_name":"Marbella","types":["locality","political"]},{"long_name":"Málaga","short_name":"Málaga","types":["administrative_area_level_2","political"]},{"long_name":"Andalusia","short_name":"AL","types":["administrative_area_level_1","political"]},{"long_name":"Spain","short_name":"ES","types":["country","political"]},{"long_name":"29604","short_name":"29604","types":["postal_code"]}],"formatted_address":"undefined, 29604 Marbella, Málaga, Spain","geometry":{"bounds":{"northeast":{"lat":36.4912635,"lng":-4.769028},"southwest":{"lat":36.4908935,"lng":-4.7694906}},"location":{"lat":36.491089,"lng":-4.7692799},"location_type":"APPROXIMATE","viewport":{"northeast":{"lat":36.4924274802915,"lng":-4.767910319708498},"southwest":{"lat":36.4897295197085,"lng":-4.770608280291502}}},"types":["premise"]},{"address_components":[{"long_name":"Undefined","short_name":"Undefined","types":["premise"]},{"long_name":"Torrelaguna","short_name":"Torrelaguna","types":["locality","political"]},{"long_name":"Madrid","short_name":"M","types":["administrative_area_level_2","political"]},{"long_name":"Community of Madrid","short_name":"Community of Madrid","types":["administrative_area_level_1","political"]},{"long_name":"Spain","short_name":"ES","types":["country","political"]},{"long_name":"28180","short_name":"28180","types":["postal_code"]}],"formatted_address":"Undefined, 28180 Torrelaguna, Madrid, Spain","geometry":{"bounds":{"northeast":{"lat":40.8216911,"lng":-3.5419108},"southwest":{"lat":40.8214779,"lng":-3.542348}},"location":{"lat":40.8215604,"lng":-3.5420949},"location_type":"APPROXIMATE","viewport":{"northeast":{"lat":40.8229334802915,"lng":-3.540780419708498},"southwest":{"lat":40.8202355197085,"lng":-3.543478380291502}}},"types":["premise"]},{"address_components":[{"long_name":"Undefined","short_name":"Undefined","types":["premise"]},{"long_name":"Huelva","short_name":"Huelva","types":["locality","political"]},{"long_name":"Huelva","short_name":"Huelva","types":["administrative_area_level_2","political"]},{"long_name":"Andalusia","short_name":"AL","types":["administrative_area_level_1","political"]},{"long_name":"Spain","short_name":"ES","types":["country","political"]},{"long_name":"21005","short_name":"21005","types":["postal_code"]}],"formatted_address":"Undefined, 21005 Huelva, Spain","geometry":{"bounds":{"northeast":{"lat":37.2718596,"lng":-6.929462},"southwest":{"lat":37.2717451,"lng":-6.929603999999999}},"location":{"lat":37.2718105,"lng":-6.9295408},"location_type":"APPROXIMATE","viewport":{"northeast":{"lat":37.2731513302915,"lng":-6.928184019708498},"southwest":{"lat":37.27045336970851,"lng":-6.930881980291502}}},"types":["premise"]}],"status":"OK"},"resOptions":{}},"level":"info","message":"Service(s) calling finished. undefined","timestamp":"2014-06-02T21:32:06.564Z"}
{"level":"info","message":"Incoming request. { host: 'project-livec9c392e270cd.rhcloud.com',\n  'cache-control': 'max-age=0',\n  accept: 'text/html,application/xhtml+xml,application/xml;q=0.9,image/webp,*/*;q=0.8',\n  'user-agent': 'Mozilla/5.0 (Macintosh; Intel Mac OS X 10_9_3) AppleWebKit/537.36 (KHTML, like Gecko) Chrome/35.0.1916.114 Safari/537.36',\n  'accept-language': 'en-US,en;q=0.8',\n  cookie: 'optimizelyEndUserId=oeu1401283293102r0.7142860956955701; optimizelySegments=%7B%7D; optimizelyBuckets=%7B%7D; ajs_group_id=null; ajs_user_id=454074; _sio=e7449a94-4aba-4dac-8b11-7d5771915093----454074',\n  'x-forwarded-proto': 'http',\n  'x-region': 'usw',\n  'x-forwarded-for': '74.73.240.140, 23.251.148.106',\n  'x-forwarded-port': '80',\n  'x-request-start': 't=1401744733502397',\n  'x-client-ip': '23.251.148.106',\n  'x-forwarded-host': 'project-livec9c392e270cd.rhcloud.com',\n  'x-forwarded-server': 'localhost',\n  connection: 'Keep-Alive' } {} 1.1 GET /geocode/","timestamp":"2014-06-02T21:32:13.505Z"}
{"logger":{"file":"test.log","level":"info"},"level":"info","message":"connect-rest has been configured. ","timestamp":"2014-06-02T21:33:35.104Z"}
{"level":"info","message":"Incoming request. { host: 'project-livec9c392e270cd.rhcloud.com',\n  'cache-control': 'max-age=0',\n  accept: 'text/html,application/xhtml+xml,application/xml;q=0.9,image/webp,*/*;q=0.8',\n  'user-agent': 'Mozilla/5.0 (Macintosh; Intel Mac OS X 10_9_3) AppleWebKit/537.36 (KHTML, like Gecko) Chrome/35.0.1916.114 Safari/537.36',\n  'accept-language': 'en-US,en;q=0.8',\n  cookie: 'optimizelyEndUserId=oeu1401283293102r0.7142860956955701; optimizelySegments=%7B%7D; optimizelyBuckets=%7B%7D; ajs_group_id=null; ajs_user_id=454074; _sio=e7449a94-4aba-4dac-8b11-7d5771915093----454074',\n  'x-forwarded-proto': 'http',\n  'x-region': 'usw',\n  'x-forwarded-for': '74.73.240.140, 23.251.148.106',\n  'x-forwarded-port': '80',\n  'x-request-start': 't=1401744818085791',\n  'x-client-ip': '23.251.148.106',\n  'x-forwarded-host': 'project-livec9c392e270cd.rhcloud.com',\n  'x-forwarded-server': 'localhost',\n  connection: 'Keep-Alive' } {} 1.1 GET /geocode/","timestamp":"2014-06-02T21:33:38.097Z"}
{"0":{"contentType":"application/json","result":{"results":[{"address_components":[{"long_name":"104","short_name":"104","types":["street_number"]},{"long_name":"Franklin Street","short_name":"Franklin St","types":["route"]},{"long_name":"Lower Manhattan","short_name":"Lower Manhattan","types":["neighborhood","political"]},{"long_name":"Manhattan","short_name":"Manhattan","types":["sublocality","political"]},{"long_name":"New York","short_name":"New York","types":["locality","political"]},{"long_name":"New York County","short_name":"New York County","types":["administrative_area_level_2","political"]},{"long_name":"New York","short_name":"NY","types":["administrative_area_level_1","political"]},{"long_name":"United States","short_name":"US","types":["country","political"]},{"long_name":"10013","short_name":"10013","types":["postal_code"]}],"formatted_address":"104 Franklin Street, New York, NY 10013, USA","geometry":{"location":{"lat":40.71863,"lng":-74.005584},"location_type":"ROOFTOP","viewport":{"northeast":{"lat":40.71997898029149,"lng":-74.00423501970849},"southwest":{"lat":40.71728101970849,"lng":-74.0069329802915}}},"types":["street_address"]}],"status":"OK"},"resOptions":{}},"level":"info","message":"Service(s) calling finished. undefined","timestamp":"2014-06-02T21:33:38.939Z"}
{"level":"info","message":"Incoming request. { host: 'project-livec9c392e270cd.rhcloud.com',\n  'cache-control': 'no-cache',\n  'user-agent': 'Mozilla/5.0 (Macintosh; Intel Mac OS X 10_9_3) AppleWebKit/537.36 (KHTML, like Gecko) Chrome/35.0.1916.114 Safari/537.36',\n  accept: '*/*',\n  'accept-language': 'en-US,en;q=0.8',\n  cookie: 'optimizelyEndUserId=oeu1401283293102r0.7142860956955701; optimizelySegments=%7B%7D; optimizelyBuckets=%7B%7D; ajs_group_id=null; ajs_user_id=454074; _sio=e7449a94-4aba-4dac-8b11-7d5771915093----454074',\n  'x-forwarded-proto': 'http',\n  'x-region': 'usw',\n  'x-forwarded-for': '74.73.240.140, 23.251.148.106',\n  'x-forwarded-port': '80',\n  'x-request-start': 't=1401744843613061',\n  'x-client-ip': '23.251.148.106',\n  'x-forwarded-host': 'project-livec9c392e270cd.rhcloud.com',\n  'x-forwarded-server': 'localhost',\n  connection: 'Keep-Alive' } {} 1.1 GET /geocode/","timestamp":"2014-06-02T21:34:03.615Z"}
{"0":{"contentType":"application/json","result":{"results":[{"address_components":[{"long_name":"104","short_name":"104","types":["street_number"]},{"long_name":"Franklin Street","short_name":"Franklin St","types":["route"]},{"long_name":"Lower Manhattan","short_name":"Lower Manhattan","types":["neighborhood","political"]},{"long_name":"Manhattan","short_name":"Manhattan","types":["sublocality","political"]},{"long_name":"New York","short_name":"New York","types":["locality","political"]},{"long_name":"New York County","short_name":"New York County","types":["administrative_area_level_2","political"]},{"long_name":"New York","short_name":"NY","types":["administrative_area_level_1","political"]},{"long_name":"United States","short_name":"US","types":["country","political"]},{"long_name":"10013","short_name":"10013","types":["postal_code"]}],"formatted_address":"104 Franklin Street, New York, NY 10013, USA","geometry":{"location":{"lat":40.71863,"lng":-74.005584},"location_type":"ROOFTOP","viewport":{"northeast":{"lat":40.71997898029149,"lng":-74.00423501970849},"southwest":{"lat":40.71728101970849,"lng":-74.0069329802915}}},"types":["street_address"]}],"status":"OK"},"resOptions":{}},"level":"info","message":"Service(s) calling finished. undefined","timestamp":"2014-06-02T21:34:03.621Z"}
{"logger":{"file":"test.log","level":"info"},"level":"info","message":"connect-rest has been configured. ","timestamp":"2014-06-02T22:18:00.352Z"}
{"level":"info","message":"Incoming request. { host: 'project-livec9c392e270cd.rhcloud.com',\n  'cache-control': 'max-age=0',\n  accept: 'text/html,application/xhtml+xml,application/xml;q=0.9,image/webp,*/*;q=0.8',\n  'user-agent': 'Mozilla/5.0 (Macintosh; Intel Mac OS X 10_9_3) AppleWebKit/537.36 (KHTML, like Gecko) Chrome/35.0.1916.114 Safari/537.36',\n  'accept-language': 'en-US,en;q=0.8',\n  cookie: 'optimizelyEndUserId=oeu1401283293102r0.7142860956955701; optimizelySegments=%7B%7D; optimizelyBuckets=%7B%7D; ajs_group_id=null; ajs_user_id=454074; _sio=e7449a94-4aba-4dac-8b11-7d5771915093----454074',\n  'x-forwarded-proto': 'http',\n  'x-region': 'usw',\n  'x-forwarded-for': '74.73.240.140, 23.251.148.106',\n  'x-forwarded-port': '80',\n  'x-request-start': 't=1401747489021961',\n  'x-client-ip': '23.251.148.106',\n  'x-forwarded-host': 'project-livec9c392e270cd.rhcloud.com',\n  'x-forwarded-server': 'localhost',\n  connection: 'Keep-Alive' } {} 1.1 GET /geocode/","timestamp":"2014-06-02T22:18:09.046Z"}
{"0":{"contentType":"application/json","result":{"results":[{"address_components":[{"long_name":"104","short_name":"104","types":["street_number"]},{"long_name":"Franklin Street","short_name":"Franklin St","types":["route"]},{"long_name":"Lower Manhattan","short_name":"Lower Manhattan","types":["neighborhood","political"]},{"long_name":"Manhattan","short_name":"Manhattan","types":["sublocality","political"]},{"long_name":"New York","short_name":"New York","types":["locality","political"]},{"long_name":"New York County","short_name":"New York County","types":["administrative_area_level_2","political"]},{"long_name":"New York","short_name":"NY","types":["administrative_area_level_1","political"]},{"long_name":"United States","short_name":"US","types":["country","political"]},{"long_name":"10013","short_name":"10013","types":["postal_code"]}],"formatted_address":"104 Franklin Street, New York, NY 10013, USA","geometry":{"location":{"lat":40.71863,"lng":-74.005584},"location_type":"ROOFTOP","viewport":{"northeast":{"lat":40.71997898029149,"lng":-74.00423501970849},"southwest":{"lat":40.71728101970849,"lng":-74.0069329802915}}},"types":["street_address"]}],"status":"OK"},"resOptions":{}},"level":"info","message":"Service(s) calling finished. undefined","timestamp":"2014-06-02T22:18:10.331Z"}
{"level":"info","message":"Incoming request. { host: 'project-livec9c392e270cd.rhcloud.com',\n  accept: 'text/html,application/xhtml+xml,application/xml;q=0.9,image/webp,*/*;q=0.8',\n  'user-agent': 'Mozilla/5.0 (Macintosh; Intel Mac OS X 10_9_3) AppleWebKit/537.36 (KHTML, like Gecko) Chrome/35.0.1916.114 Safari/537.36',\n  'accept-language': 'en-US,en;q=0.8',\n  cookie: 'optimizelyEndUserId=oeu1401283293102r0.7142860956955701; optimizelySegments=%7B%7D; optimizelyBuckets=%7B%7D; ajs_group_id=null; ajs_user_id=454074; _sio=e7449a94-4aba-4dac-8b11-7d5771915093----454074',\n  'x-forwarded-proto': 'http',\n  'x-region': 'usw',\n  'x-forwarded-for': '74.73.240.140, 23.251.148.106',\n  'x-forwarded-port': '80',\n  'x-request-start': 't=1401747515181735',\n  'x-client-ip': '23.251.148.106',\n  'x-forwarded-host': 'project-livec9c392e270cd.rhcloud.com',\n  'x-forwarded-server': 'localhost',\n  connection: 'Keep-Alive' } {} 1.1 GET /civic/","timestamp":"2014-06-02T22:18:35.191Z"}
{"0":{"contentType":"application/json","result":{"results":[{"address_components":[{"long_name":"104","short_name":"104","types":["street_number"]},{"long_name":"Franklin Street","short_name":"Franklin St","types":["route"]},{"long_name":"Lower Manhattan","short_name":"Lower Manhattan","types":["neighborhood","political"]},{"long_name":"Manhattan","short_name":"Manhattan","types":["sublocality","political"]},{"long_name":"New York","short_name":"New York","types":["locality","political"]},{"long_name":"New York County","short_name":"New York County","types":["administrative_area_level_2","political"]},{"long_name":"New York","short_name":"NY","types":["administrative_area_level_1","political"]},{"long_name":"United States","short_name":"US","types":["country","political"]},{"long_name":"10013","short_name":"10013","types":["postal_code"]}],"formatted_address":"104 Franklin Street, New York, NY 10013, USA","geometry":{"location":{"lat":40.71863,"lng":-74.005584},"location_type":"ROOFTOP","viewport":{"northeast":{"lat":40.71997898029149,"lng":-74.00423501970849},"southwest":{"lat":40.71728101970849,"lng":-74.0069329802915}}},"types":["street_address"]}],"status":"OK"},"resOptions":{}},"level":"info","message":"Service(s) calling finished. undefined","timestamp":"2014-06-02T22:18:35.196Z"}
{"level":"info","message":"Incoming request. { host: 'project-livec9c392e270cd.rhcloud.com',\n  'cache-control': 'max-age=0',\n  accept: 'text/html,application/xhtml+xml,application/xml;q=0.9,image/webp,*/*;q=0.8',\n  'user-agent': 'Mozilla/5.0 (Macintosh; Intel Mac OS X 10_9_3) AppleWebKit/537.36 (KHTML, like Gecko) Chrome/35.0.1916.114 Safari/537.36',\n  'accept-language': 'en-US,en;q=0.8',\n  cookie: 'optimizelyEndUserId=oeu1401283293102r0.7142860956955701; optimizelySegments=%7B%7D; optimizelyBuckets=%7B%7D; ajs_group_id=null; ajs_user_id=454074; _sio=e7449a94-4aba-4dac-8b11-7d5771915093----454074',\n  'x-forwarded-proto': 'http',\n  'x-region': 'usw',\n  'x-forwarded-for': '74.73.240.140, 23.251.148.106',\n  'x-forwarded-port': '80',\n  'x-request-start': 't=1401747538831749',\n  'x-client-ip': '23.251.148.106',\n  'x-forwarded-host': 'project-livec9c392e270cd.rhcloud.com',\n  'x-forwarded-server': 'localhost',\n  connection: 'Keep-Alive' } {} 1.1 GET /civic/","timestamp":"2014-06-02T22:18:58.872Z"}
{"0":{"contentType":"application/json","result":{"results":[{"address_components":[{"long_name":"104","short_name":"104","types":["street_number"]},{"long_name":"Franklin Street","short_name":"Franklin St","types":["route"]},{"long_name":"Lower Manhattan","short_name":"Lower Manhattan","types":["neighborhood","political"]},{"long_name":"Manhattan","short_name":"Manhattan","types":["sublocality","political"]},{"long_name":"New York","short_name":"New York","types":["locality","political"]},{"long_name":"New York County","short_name":"New York County","types":["administrative_area_level_2","political"]},{"long_name":"New York","short_name":"NY","types":["administrative_area_level_1","political"]},{"long_name":"United States","short_name":"US","types":["country","political"]},{"long_name":"10013","short_name":"10013","types":["postal_code"]}],"formatted_address":"104 Franklin Street, New York, NY 10013, USA","geometry":{"location":{"lat":40.71863,"lng":-74.005584},"location_type":"ROOFTOP","viewport":{"northeast":{"lat":40.71997898029149,"lng":-74.00423501970849},"southwest":{"lat":40.71728101970849,"lng":-74.0069329802915}}},"types":["street_address"]}],"status":"OK"},"resOptions":{}},"level":"info","message":"Service(s) calling finished. undefined","timestamp":"2014-06-02T22:18:58.878Z"}
{"logger":{"file":"test.log","level":"info"},"level":"info","message":"connect-rest has been configured. ","timestamp":"2014-06-02T22:20:52.153Z"}
{"level":"info","message":"Incoming request. { host: 'project-livec9c392e270cd.rhcloud.com',\n  'cache-control': 'max-age=0',\n  accept: 'text/html,application/xhtml+xml,application/xml;q=0.9,image/webp,*/*;q=0.8',\n  'user-agent': 'Mozilla/5.0 (Macintosh; Intel Mac OS X 10_9_3) AppleWebKit/537.36 (KHTML, like Gecko) Chrome/35.0.1916.114 Safari/537.36',\n  'accept-language': 'en-US,en;q=0.8',\n  cookie: 'optimizelyEndUserId=oeu1401283293102r0.7142860956955701; optimizelySegments=%7B%7D; optimizelyBuckets=%7B%7D; ajs_group_id=null; ajs_user_id=454074; _sio=e7449a94-4aba-4dac-8b11-7d5771915093----454074',\n  'x-forwarded-proto': 'http',\n  'x-region': 'usw',\n  'x-forwarded-for': '74.73.240.140, 23.251.148.106',\n  'x-forwarded-port': '80',\n  'x-request-start': 't=1401747655037543',\n  'x-client-ip': '23.251.148.106',\n  'x-forwarded-host': 'project-livec9c392e270cd.rhcloud.com',\n  'x-forwarded-server': 'localhost',\n  connection: 'Keep-Alive' } {} 1.1 GET /civic/","timestamp":"2014-06-02T22:20:55.047Z"}
{"logger":{"file":"test.log","level":"info"},"level":"info","message":"connect-rest has been configured. ","timestamp":"2014-06-02T22:32:10.966Z"}
{"level":"info","message":"Incoming request. { host: 'project-livec9c392e270cd.rhcloud.com',\n  'cache-control': 'max-age=0',\n  accept: 'text/html,application/xhtml+xml,application/xml;q=0.9,image/webp,*/*;q=0.8',\n  'user-agent': 'Mozilla/5.0 (Macintosh; Intel Mac OS X 10_9_3) AppleWebKit/537.36 (KHTML, like Gecko) Chrome/35.0.1916.114 Safari/537.36',\n  'accept-language': 'en-US,en;q=0.8',\n  cookie: 'optimizelyEndUserId=oeu1401283293102r0.7142860956955701; optimizelySegments=%7B%7D; optimizelyBuckets=%7B%7D; ajs_group_id=null; ajs_user_id=454074; _sio=e7449a94-4aba-4dac-8b11-7d5771915093----454074',\n  'x-forwarded-proto': 'http',\n  'x-region': 'usw',\n  'x-forwarded-for': '74.73.240.140, 23.251.148.106',\n  'x-forwarded-port': '80',\n  'x-request-start': 't=1401748333831546',\n  'x-client-ip': '23.251.148.106',\n  'x-forwarded-host': 'project-livec9c392e270cd.rhcloud.com',\n  'x-forwarded-server': 'localhost',\n  connection: 'Keep-Alive' } {} 1.1 GET /civic/","timestamp":"2014-06-02T22:32:13.843Z"}
{"0":{"contentType":"application/json","resOptions":{}},"level":"info","message":"Service(s) calling finished. Cannot call method 'get_Response' of undefined","timestamp":"2014-06-02T22:32:14.666Z"}
{"level":"error","message":"Cannot call method 'get_Response' of undefined","timestamp":"2014-06-02T22:32:14.667Z"}
{"logger":{"file":"test.log","level":"info"},"level":"info","message":"connect-rest has been configured. ","timestamp":"2014-06-02T22:33:30.769Z"}
{"level":"info","message":"Incoming request. { host: 'project-livec9c392e270cd.rhcloud.com',\n  'cache-control': 'max-age=0',\n  accept: 'text/html,application/xhtml+xml,application/xml;q=0.9,image/webp,*/*;q=0.8',\n  'user-agent': 'Mozilla/5.0 (Macintosh; Intel Mac OS X 10_9_3) AppleWebKit/537.36 (KHTML, like Gecko) Chrome/35.0.1916.114 Safari/537.36',\n  'accept-language': 'en-US,en;q=0.8',\n  cookie: 'optimizelyEndUserId=oeu1401283293102r0.7142860956955701; optimizelySegments=%7B%7D; optimizelyBuckets=%7B%7D; ajs_group_id=null; ajs_user_id=454074; _sio=e7449a94-4aba-4dac-8b11-7d5771915093----454074',\n  'x-forwarded-proto': 'http',\n  'x-region': 'usw',\n  'x-forwarded-for': '74.73.240.140, 23.251.148.106',\n  'x-forwarded-port': '80',\n  'x-request-start': 't=1401748413705133',\n  'x-client-ip': '23.251.148.106',\n  'x-forwarded-host': 'project-livec9c392e270cd.rhcloud.com',\n  'x-forwarded-server': 'localhost',\n  connection: 'Keep-Alive' } {} 1.1 GET /civic/","timestamp":"2014-06-02T22:33:33.729Z"}
{"0":{"contentType":"application/json","resOptions":{}},"level":"info","message":"Service(s) calling finished. Cannot call method 'get_Response' of undefined","timestamp":"2014-06-02T22:33:34.850Z"}
{"level":"error","message":"Cannot call method 'get_Response' of undefined","timestamp":"2014-06-02T22:33:34.851Z"}
{"logger":{"file":"test.log","level":"info"},"level":"info","message":"connect-rest has been configured. ","timestamp":"2014-06-02T22:38:53.851Z"}
{"level":"info","message":"Incoming request. { host: 'project-livec9c392e270cd.rhcloud.com',\n  'cache-control': 'max-age=0',\n  accept: 'text/html,application/xhtml+xml,application/xml;q=0.9,image/webp,*/*;q=0.8',\n  'user-agent': 'Mozilla/5.0 (Macintosh; Intel Mac OS X 10_9_3) AppleWebKit/537.36 (KHTML, like Gecko) Chrome/35.0.1916.114 Safari/537.36',\n  'accept-language': 'en-US,en;q=0.8',\n  cookie: 'optimizelyEndUserId=oeu1401283293102r0.7142860956955701; optimizelySegments=%7B%7D; optimizelyBuckets=%7B%7D; ajs_group_id=null; ajs_user_id=454074; _sio=e7449a94-4aba-4dac-8b11-7d5771915093----454074',\n  'x-forwarded-proto': 'http',\n  'x-region': 'usw',\n  'x-forwarded-for': '74.73.240.140, 23.251.148.106',\n  'x-forwarded-port': '80',\n  'x-request-start': 't=1401748737624496',\n  'x-client-ip': '23.251.148.106',\n  'x-forwarded-host': 'project-livec9c392e270cd.rhcloud.com',\n  'x-forwarded-server': 'localhost',\n  connection: 'Keep-Alive' } {} 1.1 GET /civic/","timestamp":"2014-06-02T22:38:57.654Z"}
{"0":{"contentType":"application/json","resOptions":{}},"level":"info","message":"Service(s) calling finished. Cannot call method 'get_Response' of undefined","timestamp":"2014-06-02T22:38:58.952Z"}
{"level":"error","message":"Cannot call method 'get_Response' of undefined","timestamp":"2014-06-02T22:38:58.954Z"}
{"logger":{"file":"test.log","level":"info"},"level":"info","message":"connect-rest has been configured. ","timestamp":"2014-06-02T22:39:44.756Z"}
{"level":"info","message":"Incoming request. { host: 'project-livec9c392e270cd.rhcloud.com',\n  'cache-control': 'max-age=0',\n  accept: 'text/html,application/xhtml+xml,application/xml;q=0.9,image/webp,*/*;q=0.8',\n  'user-agent': 'Mozilla/5.0 (Macintosh; Intel Mac OS X 10_9_3) AppleWebKit/537.36 (KHTML, like Gecko) Chrome/35.0.1916.114 Safari/537.36',\n  'accept-language': 'en-US,en;q=0.8',\n  cookie: 'optimizelyEndUserId=oeu1401283293102r0.7142860956955701; optimizelySegments=%7B%7D; optimizelyBuckets=%7B%7D; ajs_group_id=null; ajs_user_id=454074; _sio=e7449a94-4aba-4dac-8b11-7d5771915093----454074',\n  'x-forwarded-proto': 'http',\n  'x-region': 'usw',\n  'x-forwarded-for': '74.73.240.140, 23.251.148.106',\n  'x-forwarded-port': '80',\n  'x-request-start': 't=1401748787340950',\n  'x-client-ip': '23.251.148.106',\n  'x-forwarded-host': 'project-livec9c392e270cd.rhcloud.com',\n  'x-forwarded-server': 'localhost',\n  connection: 'Keep-Alive' } {} 1.1 GET /civic/","timestamp":"2014-06-02T22:39:47.369Z"}
{"0":{"contentType":"application/json","resOptions":{}},"level":"info","message":"Service(s) calling finished. Cannot call method 'get_Response' of undefined","timestamp":"2014-06-02T22:39:48.081Z"}
{"level":"error","message":"Cannot call method 'get_Response' of undefined","timestamp":"2014-06-02T22:39:48.082Z"}
{"logger":{"file":"test.log","level":"info"},"level":"info","message":"connect-rest has been configured. ","timestamp":"2014-06-02T23:55:32.546Z"}
{"level":"info","message":"Incoming request. { host: 'project-livec9c392e270cd.rhcloud.com',\n  accept: 'text/html,application/xhtml+xml,application/xml;q=0.9,image/webp,*/*;q=0.8',\n  'user-agent': 'Mozilla/5.0 (Macintosh; Intel Mac OS X 10_9_3) AppleWebKit/537.36 (KHTML, like Gecko) Chrome/35.0.1916.114 Safari/537.36',\n  'accept-language': 'en-US,en;q=0.8',\n  cookie: 'optimizelyEndUserId=oeu1401283293102r0.7142860956955701; optimizelySegments=%7B%7D; optimizelyBuckets=%7B%7D; ajs_group_id=null; ajs_user_id=454074; _sio=e7449a94-4aba-4dac-8b11-7d5771915093----454074',\n  'x-forwarded-proto': 'http',\n  'x-region': 'usw',\n  'x-forwarded-for': '74.73.240.140, 23.251.148.106',\n  'x-forwarded-port': '80',\n  'x-request-start': 't=1401753344461682',\n  'x-client-ip': '23.251.148.106',\n  'x-forwarded-host': 'project-livec9c392e270cd.rhcloud.com',\n  'x-forwarded-server': 'localhost',\n  connection: 'Keep-Alive' } {} 1.1 GET /civic/","timestamp":"2014-06-02T23:55:44.481Z"}
{"0":{"contentType":"application/json","resOptions":{}},"level":"info","message":"Service(s) calling finished. Cannot call method 'get_Response' of undefined","timestamp":"2014-06-02T23:55:45.246Z"}
{"level":"error","message":"Cannot call method 'get_Response' of undefined","timestamp":"2014-06-02T23:55:45.247Z"}
{"logger":{"file":"test.log","level":"info"},"level":"info","message":"connect-rest has been configured. ","timestamp":"2014-06-02T23:56:49.345Z"}
{"level":"info","message":"Incoming request. { host: 'project-livec9c392e270cd.rhcloud.com',\n  'cache-control': 'max-age=0',\n  accept: 'text/html,application/xhtml+xml,application/xml;q=0.9,image/webp,*/*;q=0.8',\n  'user-agent': 'Mozilla/5.0 (Macintosh; Intel Mac OS X 10_9_3) AppleWebKit/537.36 (KHTML, like Gecko) Chrome/35.0.1916.114 Safari/537.36',\n  'accept-language': 'en-US,en;q=0.8',\n  cookie: 'optimizelyEndUserId=oeu1401283293102r0.7142860956955701; optimizelySegments=%7B%7D; optimizelyBuckets=%7B%7D; ajs_group_id=null; ajs_user_id=454074; _sio=e7449a94-4aba-4dac-8b11-7d5771915093----454074',\n  'x-forwarded-proto': 'http',\n  'x-region': 'usw',\n  'x-forwarded-for': '74.73.240.140, 23.251.148.106',\n  'x-forwarded-port': '80',\n  'x-request-start': 't=1401753416045622',\n  'x-client-ip': '23.251.148.106',\n  'x-forwarded-host': 'project-livec9c392e270cd.rhcloud.com',\n  'x-forwarded-server': 'localhost',\n  connection: 'Keep-Alive' } {} 1.1 GET /civic/","timestamp":"2014-06-02T23:56:56.066Z"}
{"0":{"contentType":"application/json","resOptions":{}},"level":"info","message":"Service(s) calling finished. Cannot call method 'get_Response' of undefined","timestamp":"2014-06-02T23:56:56.779Z"}
{"level":"error","message":"Cannot call method 'get_Response' of undefined","timestamp":"2014-06-02T23:56:56.780Z"}
{"logger":{"file":"test.log","level":"info"},"level":"info","message":"connect-rest has been configured. ","timestamp":"2014-06-03T00:01:53.747Z"}
{"level":"info","message":"Incoming request. { host: 'project-livec9c392e270cd.rhcloud.com',\n  'cache-control': 'max-age=0',\n  accept: 'text/html,application/xhtml+xml,application/xml;q=0.9,image/webp,*/*;q=0.8',\n  'user-agent': 'Mozilla/5.0 (Macintosh; Intel Mac OS X 10_9_3) AppleWebKit/537.36 (KHTML, like Gecko) Chrome/35.0.1916.114 Safari/537.36',\n  'accept-language': 'en-US,en;q=0.8',\n  cookie: 'optimizelyEndUserId=oeu1401283293102r0.7142860956955701; optimizelySegments=%7B%7D; optimizelyBuckets=%7B%7D; ajs_group_id=null; ajs_user_id=454074; _sio=e7449a94-4aba-4dac-8b11-7d5771915093----454074',\n  'x-forwarded-proto': 'http',\n  'x-region': 'usw',\n  'x-forwarded-for': '74.73.240.140, 23.251.148.106',\n  'x-forwarded-port': '80',\n  'x-request-start': 't=1401753717286304',\n  'x-client-ip': '23.251.148.106',\n  'x-forwarded-host': 'project-livec9c392e270cd.rhcloud.com',\n  'x-forwarded-server': 'localhost',\n  connection: 'Keep-Alive' } {} 1.1 GET /civic/","timestamp":"2014-06-03T00:01:57.296Z"}
{"0":{"contentType":"application/json","resOptions":{}},"level":"info","message":"Service(s) calling finished. Object function (result) {\n\n    // Set inputs\n    civicInputs.set_Latitude(result.get_Latitude());\n    civicInputs.set_Longitude(result.get_Longitude());\n    civicInputs.set_APICredentials(JSON.stringify({\"SunlightLabs\":{\"APIKey\": \"4b9e4206a2804fe7ad7f33dfad4735c7\"}}));\n    \n    // Run the choreo, specifying success and error callback handlers\n    //civicChoreo.execute(civicInputs, deferred.resolve, deferred.reject);\n    civicChoreo.execute(civicInputs, deferred.resolve, deferred.reject);\n    \n    return deferred.promise;\n} has no method 'get_Response'","timestamp":"2014-06-03T00:01:58.095Z"}
{"level":"error","message":"Object function (result) {\n\n    // Set inputs\n    civicInputs.set_Latitude(result.get_Latitude());\n    civicInputs.set_Longitude(result.get_Longitude());\n    civicInputs.set_APICredentials(JSON.stringify({\"SunlightLabs\":{\"APIKey\": \"4b9e4206a2804fe7ad7f33dfad4735c7\"}}));\n    \n    // Run the choreo, specifying success and error callback handlers\n    //civicChoreo.execute(civicInputs, deferred.resolve, deferred.reject);\n    civicChoreo.execute(civicInputs, deferred.resolve, deferred.reject);\n    \n    return deferred.promise;\n} has no method 'get_Response'","timestamp":"2014-06-03T00:01:58.096Z"}
{"logger":{"file":"test.log","level":"info"},"level":"info","message":"connect-rest has been configured. ","timestamp":"2014-06-03T00:04:57.157Z"}
{"level":"info","message":"Incoming request. { host: 'project-livec9c392e270cd.rhcloud.com',\n  'cache-control': 'max-age=0',\n  accept: 'text/html,application/xhtml+xml,application/xml;q=0.9,image/webp,*/*;q=0.8',\n  'user-agent': 'Mozilla/5.0 (Macintosh; Intel Mac OS X 10_9_3) AppleWebKit/537.36 (KHTML, like Gecko) Chrome/35.0.1916.114 Safari/537.36',\n  'accept-language': 'en-US,en;q=0.8',\n  cookie: 'optimizelyEndUserId=oeu1401283293102r0.7142860956955701; optimizelySegments=%7B%7D; optimizelyBuckets=%7B%7D; ajs_group_id=null; ajs_user_id=454074; _sio=e7449a94-4aba-4dac-8b11-7d5771915093----454074',\n  'x-forwarded-proto': 'http',\n  'x-region': 'usw',\n  'x-forwarded-for': '74.73.240.140, 23.251.148.106',\n  'x-forwarded-port': '80',\n  'x-request-start': 't=1401753901052915',\n  'x-client-ip': '23.251.148.106',\n  'x-forwarded-host': 'project-livec9c392e270cd.rhcloud.com',\n  'x-forwarded-server': 'localhost',\n  connection: 'Keep-Alive' } {} 1.1 GET /civic/","timestamp":"2014-06-03T00:05:01.065Z"}
{"0":{"contentType":"application/json","resOptions":{}},"level":"info","message":"Service(s) calling finished. Cannot call method 'get_Response' of undefined","timestamp":"2014-06-03T00:05:05.147Z"}
{"level":"error","message":"Cannot call method 'get_Response' of undefined","timestamp":"2014-06-03T00:05:05.148Z"}
{"logger":{"file":"test.log","level":"info"},"level":"info","message":"connect-rest has been configured. ","timestamp":"2014-06-03T00:14:10.345Z"}
{"level":"info","message":"Incoming request. { host: 'project-livec9c392e270cd.rhcloud.com',\n  'cache-control': 'max-age=0',\n  accept: 'text/html,application/xhtml+xml,application/xml;q=0.9,image/webp,*/*;q=0.8',\n  'user-agent': 'Mozilla/5.0 (Macintosh; Intel Mac OS X 10_9_3) AppleWebKit/537.36 (KHTML, like Gecko) Chrome/35.0.1916.114 Safari/537.36',\n  'accept-language': 'en-US,en;q=0.8',\n  cookie: 'optimizelyEndUserId=oeu1401283293102r0.7142860956955701; optimizelySegments=%7B%7D; optimizelyBuckets=%7B%7D; ajs_group_id=null; ajs_user_id=454074; _sio=e7449a94-4aba-4dac-8b11-7d5771915093----454074',\n  'x-forwarded-proto': 'http',\n  'x-region': 'usw',\n  'x-forwarded-for': '74.73.240.140, 23.251.148.106',\n  'x-forwarded-port': '80',\n  'x-request-start': 't=1401754453577207',\n  'x-client-ip': '23.251.148.106',\n  'x-forwarded-host': 'project-livec9c392e270cd.rhcloud.com',\n  'x-forwarded-server': 'localhost',\n  connection: 'Keep-Alive' } {} 1.1 GET /civic/","timestamp":"2014-06-03T00:14:13.603Z"}
{"0":{"contentType":"application/json","resOptions":{}},"level":"info","message":"Service(s) calling finished. Cannot call method 'get_Response' of undefined","timestamp":"2014-06-03T00:14:14.717Z"}
{"level":"error","message":"Cannot call method 'get_Response' of undefined","timestamp":"2014-06-03T00:14:14.718Z"}
{"logger":{"file":"test.log","level":"info"},"level":"info","message":"connect-rest has been configured. ","timestamp":"2014-06-03T00:15:11.610Z"}
{"level":"info","message":"Incoming request. { host: 'project-livec9c392e270cd.rhcloud.com',\n  'cache-control': 'max-age=0',\n  accept: 'text/html,application/xhtml+xml,application/xml;q=0.9,image/webp,*/*;q=0.8',\n  'user-agent': 'Mozilla/5.0 (Macintosh; Intel Mac OS X 10_9_3) AppleWebKit/537.36 (KHTML, like Gecko) Chrome/35.0.1916.114 Safari/537.36',\n  'accept-language': 'en-US,en;q=0.8',\n  cookie: 'optimizelyEndUserId=oeu1401283293102r0.7142860956955701; optimizelySegments=%7B%7D; optimizelyBuckets=%7B%7D; ajs_group_id=null; ajs_user_id=454074; _sio=e7449a94-4aba-4dac-8b11-7d5771915093----454074',\n  'x-forwarded-proto': 'http',\n  'x-region': 'usw',\n  'x-forwarded-for': '74.73.240.140, 23.251.148.106',\n  'x-forwarded-port': '80',\n  'x-request-start': 't=1401754514673095',\n  'x-client-ip': '23.251.148.106',\n  'x-forwarded-host': 'project-livec9c392e270cd.rhcloud.com',\n  'x-forwarded-server': 'localhost',\n  connection: 'Keep-Alive' } {} 1.1 GET /civic/","timestamp":"2014-06-03T00:15:14.774Z"}
{"0":{"contentType":"application/json","resOptions":{}},"level":"info","message":"Service(s) calling finished. Cannot call method 'get_Response' of undefined","timestamp":"2014-06-03T00:15:16.927Z"}
{"level":"error","message":"Cannot call method 'get_Response' of undefined","timestamp":"2014-06-03T00:15:16.935Z"}
{"logger":{"file":"test.log","level":"info"},"level":"info","message":"connect-rest has been configured. ","timestamp":"2014-06-03T02:33:33.889Z"}
{"level":"info","message":"Incoming request. { host: 'project-livec9c392e270cd.rhcloud.com',\n  'cache-control': 'max-age=0',\n  accept: 'text/html,application/xhtml+xml,application/xml;q=0.9,image/webp,*/*;q=0.8',\n  'user-agent': 'Mozilla/5.0 (Macintosh; Intel Mac OS X 10_9_3) AppleWebKit/537.36 (KHTML, like Gecko) Chrome/35.0.1916.114 Safari/537.36',\n  'accept-language': 'en-US,en;q=0.8',\n  cookie: 'optimizelyEndUserId=oeu1401283293102r0.7142860956955701; optimizelySegments=%7B%7D; optimizelyBuckets=%7B%7D; ajs_group_id=null; ajs_user_id=454074; _sio=e7449a94-4aba-4dac-8b11-7d5771915093----454074',\n  'x-forwarded-proto': 'http',\n  'x-region': 'usw',\n  'x-forwarded-for': '74.73.240.140, 23.251.148.106',\n  'x-forwarded-port': '80',\n  'x-request-start': 't=1401762817128548',\n  'x-client-ip': '23.251.148.106',\n  'x-forwarded-host': 'project-livec9c392e270cd.rhcloud.com',\n  'x-forwarded-server': 'localhost',\n  connection: 'Keep-Alive' } {} 1.1 GET /civic/","timestamp":"2014-06-03T02:33:37.140Z"}
{"0":{"contentType":"application/json","resOptions":{}},"level":"info","message":"Service(s) calling finished. Cannot call method 'get_Response' of undefined","timestamp":"2014-06-03T02:33:37.833Z"}
{"level":"error","message":"Cannot call method 'get_Response' of undefined","timestamp":"2014-06-03T02:33:37.834Z"}
{"logger":{"file":"test.log","level":"info"},"level":"info","message":"connect-rest has been configured. ","timestamp":"2014-06-03T02:35:17.189Z"}
{"level":"info","message":"Incoming request. { host: 'project-livec9c392e270cd.rhcloud.com',\n  'cache-control': 'max-age=0',\n  accept: 'text/html,application/xhtml+xml,application/xml;q=0.9,image/webp,*/*;q=0.8',\n  'user-agent': 'Mozilla/5.0 (Macintosh; Intel Mac OS X 10_9_3) AppleWebKit/537.36 (KHTML, like Gecko) Chrome/35.0.1916.114 Safari/537.36',\n  'accept-language': 'en-US,en;q=0.8',\n  cookie: 'optimizelyEndUserId=oeu1401283293102r0.7142860956955701; optimizelySegments=%7B%7D; optimizelyBuckets=%7B%7D; ajs_group_id=null; ajs_user_id=454074; _sio=e7449a94-4aba-4dac-8b11-7d5771915093----454074',\n  'x-forwarded-proto': 'http',\n  'x-region': 'usw',\n  'x-forwarded-for': '74.73.240.140, 23.251.148.106',\n  'x-forwarded-port': '80',\n  'x-request-start': 't=1401762919296699',\n  'x-client-ip': '23.251.148.106',\n  'x-forwarded-host': 'project-livec9c392e270cd.rhcloud.com',\n  'x-forwarded-server': 'localhost',\n  connection: 'Keep-Alive' } {} 1.1 GET /civic/","timestamp":"2014-06-03T02:35:19.308Z"}
{"0":{"contentType":"application/json","resOptions":{}},"level":"info","message":"Service(s) calling finished. Cannot call method 'get_Response' of undefined","timestamp":"2014-06-03T02:35:20.148Z"}
{"level":"error","message":"Cannot call method 'get_Response' of undefined","timestamp":"2014-06-03T02:35:20.149Z"}
{"logger":{"file":"test.log","level":"info"},"level":"info","message":"connect-rest has been configured. ","timestamp":"2014-06-03T02:41:30.591Z"}
{"logger":{"file":"test.log","level":"info"},"level":"info","message":"connect-rest has been configured. ","timestamp":"2014-06-03T02:42:02.085Z"}
{"level":"info","message":"Incoming request. { host: 'project-livec9c392e270cd.rhcloud.com',\n  'cache-control': 'max-age=0',\n  accept: 'text/html,application/xhtml+xml,application/xml;q=0.9,image/webp,*/*;q=0.8',\n  'user-agent': 'Mozilla/5.0 (Macintosh; Intel Mac OS X 10_9_3) AppleWebKit/537.36 (KHTML, like Gecko) Chrome/35.0.1916.114 Safari/537.36',\n  'accept-language': 'en-US,en;q=0.8',\n  cookie: 'optimizelyEndUserId=oeu1401283293102r0.7142860956955701; optimizelySegments=%7B%7D; optimizelyBuckets=%7B%7D; ajs_group_id=null; ajs_user_id=454074; _sio=e7449a94-4aba-4dac-8b11-7d5771915093----454074',\n  'x-forwarded-proto': 'http',\n  'x-region': 'usw',\n  'x-forwarded-for': '74.73.240.140, 23.251.148.106',\n  'x-forwarded-port': '80',\n  'x-request-start': 't=1401763324567764',\n  'x-client-ip': '23.251.148.106',\n  'x-forwarded-host': 'project-livec9c392e270cd.rhcloud.com',\n  'x-forwarded-server': 'localhost',\n  connection: 'Keep-Alive' } {} 1.1 GET /civic/","timestamp":"2014-06-03T02:42:04.579Z"}
{"0":{"contentType":"application/json","result":{"results":[{"address_components":[{"long_name":"104","short_name":"104","types":["street_number"]},{"long_name":"Franklin Street","short_name":"Franklin St","types":["route"]},{"long_name":"Lower Manhattan","short_name":"Lower Manhattan","types":["neighborhood","political"]},{"long_name":"Manhattan","short_name":"Manhattan","types":["sublocality","political"]},{"long_name":"New York","short_name":"New York","types":["locality","political"]},{"long_name":"New York County","short_name":"New York County","types":["administrative_area_level_2","political"]},{"long_name":"New York","short_name":"NY","types":["administrative_area_level_1","political"]},{"long_name":"United States","short_name":"US","types":["country","political"]},{"long_name":"10013","short_name":"10013","types":["postal_code"]}],"formatted_address":"104 Franklin Street, New York, NY 10013, USA","geometry":{"location":{"lat":40.71863,"lng":-74.005584},"location_type":"ROOFTOP","viewport":{"northeast":{"lat":40.71997898029149,"lng":-74.00423501970849},"southwest":{"lat":40.71728101970849,"lng":-74.0069329802915}}},"types":["street_address"]}],"status":"OK"},"resOptions":{}},"level":"info","message":"Service(s) calling finished. undefined","timestamp":"2014-06-03T02:42:05.622Z"}
{"logger":{"file":"test.log","level":"info"},"level":"info","message":"connect-rest has been configured. ","timestamp":"2014-06-03T02:46:32.803Z"}
{"level":"info","message":"Incoming request. { host: 'project-livec9c392e270cd.rhcloud.com',\n  'cache-control': 'max-age=0',\n  accept: 'text/html,application/xhtml+xml,application/xml;q=0.9,image/webp,*/*;q=0.8',\n  'user-agent': 'Mozilla/5.0 (Macintosh; Intel Mac OS X 10_9_3) AppleWebKit/537.36 (KHTML, like Gecko) Chrome/35.0.1916.114 Safari/537.36',\n  'accept-language': 'en-US,en;q=0.8',\n  cookie: 'optimizelyEndUserId=oeu1401283293102r0.7142860956955701; optimizelySegments=%7B%7D; optimizelyBuckets=%7B%7D; ajs_group_id=null; ajs_user_id=454074; _sio=e7449a94-4aba-4dac-8b11-7d5771915093----454074',\n  'x-forwarded-proto': 'http',\n  'x-region': 'usw',\n  'x-forwarded-for': '74.73.240.140, 23.251.148.106',\n  'x-forwarded-port': '80',\n  'x-request-start': 't=1401763594453356',\n  'x-client-ip': '23.251.148.106',\n  'x-forwarded-host': 'project-livec9c392e270cd.rhcloud.com',\n  'x-forwarded-server': 'localhost',\n  connection: 'Keep-Alive' } {} 1.1 GET /civic/","timestamp":"2014-06-03T02:46:34.463Z"}
{"0":{"contentType":"application/json","result":{},"resOptions":{}},"level":"info","message":"Service(s) calling finished. undefined","timestamp":"2014-06-03T02:46:34.494Z"}
{"logger":{"file":"test.log","level":"info"},"level":"info","message":"connect-rest has been configured. ","timestamp":"2014-06-03T03:06:18.402Z"}
{"level":"info","message":"Incoming request. { host: 'project-livec9c392e270cd.rhcloud.com',\n  accept: 'text/html,application/xhtml+xml,application/xml;q=0.9,image/webp,*/*;q=0.8',\n  'user-agent': 'Mozilla/5.0 (Macintosh; Intel Mac OS X 10_9_3) AppleWebKit/537.36 (KHTML, like Gecko) Chrome/35.0.1916.114 Safari/537.36',\n  'accept-language': 'en-US,en;q=0.8',\n  cookie: 'optimizelyEndUserId=oeu1401283293102r0.7142860956955701; optimizelySegments=%7B%7D; optimizelyBuckets=%7B%7D; ajs_group_id=null; ajs_user_id=454074; _sio=e7449a94-4aba-4dac-8b11-7d5771915093----454074',\n  'x-forwarded-proto': 'http',\n  'x-region': 'usw',\n  'x-forwarded-for': '74.73.240.140, 23.251.148.106',\n  'x-forwarded-port': '80',\n  'x-request-start': 't=1401764785072236',\n  'x-client-ip': '23.251.148.106',\n  'x-forwarded-host': 'project-livec9c392e270cd.rhcloud.com',\n  'x-forwarded-server': 'localhost',\n  connection: 'Keep-Alive' } {} 1.1 GET /civic2/","timestamp":"2014-06-03T03:06:25.083Z"}
{"logger":{"file":"test.log","level":"info"},"level":"info","message":"connect-rest has been configured. ","timestamp":"2014-06-03T03:07:40.902Z"}
{"level":"info","message":"Incoming request. { host: 'project-livec9c392e270cd.rhcloud.com',\n  'cache-control': 'max-age=0',\n  accept: 'text/html,application/xhtml+xml,application/xml;q=0.9,image/webp,*/*;q=0.8',\n  'user-agent': 'Mozilla/5.0 (Macintosh; Intel Mac OS X 10_9_3) AppleWebKit/537.36 (KHTML, like Gecko) Chrome/35.0.1916.114 Safari/537.36',\n  'accept-language': 'en-US,en;q=0.8',\n  cookie: 'optimizelyEndUserId=oeu1401283293102r0.7142860956955701; optimizelySegments=%7B%7D; optimizelyBuckets=%7B%7D; ajs_group_id=null; ajs_user_id=454074; _sio=e7449a94-4aba-4dac-8b11-7d5771915093----454074',\n  'x-forwarded-proto': 'http',\n  'x-region': 'usw',\n  'x-forwarded-for': '74.73.240.140, 23.251.148.106',\n  'x-forwarded-port': '80',\n  'x-request-start': 't=1401764863321208',\n  'x-client-ip': '23.251.148.106',\n  'x-forwarded-host': 'project-livec9c392e270cd.rhcloud.com',\n  'x-forwarded-server': 'localhost',\n  connection: 'Keep-Alive' } {} 1.1 GET /civic2/","timestamp":"2014-06-03T03:07:43.333Z"}
{"logger":{"file":"test.log","level":"info"},"level":"info","message":"connect-rest has been configured. ","timestamp":"2014-06-03T03:09:11.693Z"}
{"level":"info","message":"Incoming request. { host: 'project-livec9c392e270cd.rhcloud.com',\n  'cache-control': 'max-age=0',\n  accept: 'text/html,application/xhtml+xml,application/xml;q=0.9,image/webp,*/*;q=0.8',\n  'user-agent': 'Mozilla/5.0 (Macintosh; Intel Mac OS X 10_9_3) AppleWebKit/537.36 (KHTML, like Gecko) Chrome/35.0.1916.114 Safari/537.36',\n  'accept-language': 'en-US,en;q=0.8',\n  cookie: 'optimizelyEndUserId=oeu1401283293102r0.7142860956955701; optimizelySegments=%7B%7D; optimizelyBuckets=%7B%7D; ajs_group_id=null; ajs_user_id=454074; _sio=e7449a94-4aba-4dac-8b11-7d5771915093----454074',\n  'x-forwarded-proto': 'http',\n  'x-region': 'usw',\n  'x-forwarded-for': '74.73.240.140, 23.251.148.106',\n  'x-forwarded-port': '80',\n  'x-request-start': 't=1401764953602523',\n  'x-client-ip': '23.251.148.106',\n  'x-forwarded-host': 'project-livec9c392e270cd.rhcloud.com',\n  'x-forwarded-server': 'localhost',\n  connection: 'Keep-Alive' } {} 1.1 GET /civic2/","timestamp":"2014-06-03T03:09:13.621Z"}
{"logger":{"file":"test.log","level":"info"},"level":"info","message":"connect-rest has been configured. ","timestamp":"2014-06-03T03:11:04.785Z"}
{"level":"info","message":"Incoming request. { host: 'project-livec9c392e270cd.rhcloud.com',\n  'cache-control': 'max-age=0',\n  accept: 'text/html,application/xhtml+xml,application/xml;q=0.9,image/webp,*/*;q=0.8',\n  'user-agent': 'Mozilla/5.0 (Macintosh; Intel Mac OS X 10_9_3) AppleWebKit/537.36 (KHTML, like Gecko) Chrome/35.0.1916.114 Safari/537.36',\n  'accept-language': 'en-US,en;q=0.8',\n  cookie: 'optimizelyEndUserId=oeu1401283293102r0.7142860956955701; optimizelySegments=%7B%7D; optimizelyBuckets=%7B%7D; ajs_group_id=null; ajs_user_id=454074; _sio=e7449a94-4aba-4dac-8b11-7d5771915093----454074',\n  'x-forwarded-proto': 'http',\n  'x-region': 'usw',\n  'x-forwarded-for': '74.73.240.140, 23.251.148.106',\n  'x-forwarded-port': '80',\n  'x-request-start': 't=1401765066904557',\n  'x-client-ip': '23.251.148.106',\n  'x-forwarded-host': 'project-livec9c392e270cd.rhcloud.com',\n  'x-forwarded-server': 'localhost',\n  connection: 'Keep-Alive' } {} 1.1 GET /civic2/","timestamp":"2014-06-03T03:11:06.928Z"}
{"0":{"contentType":"application/json","resOptions":{}},"level":"info","message":"Service(s) calling finished. Cannot call method 'get_Response' of undefined","timestamp":"2014-06-03T03:11:08.047Z"}
{"level":"error","message":"Cannot call method 'get_Response' of undefined","timestamp":"2014-06-03T03:11:08.048Z"}
{"logger":{"file":"test.log","level":"info"},"level":"info","message":"connect-rest has been configured. ","timestamp":"2014-06-03T03:11:51.106Z"}
{"level":"info","message":"Incoming request. { host: 'project-livec9c392e270cd.rhcloud.com',\n  'cache-control': 'max-age=0',\n  accept: 'text/html,application/xhtml+xml,application/xml;q=0.9,image/webp,*/*;q=0.8',\n  'user-agent': 'Mozilla/5.0 (Macintosh; Intel Mac OS X 10_9_3) AppleWebKit/537.36 (KHTML, like Gecko) Chrome/35.0.1916.114 Safari/537.36',\n  'accept-language': 'en-US,en;q=0.8',\n  cookie: 'optimizelyEndUserId=oeu1401283293102r0.7142860956955701; optimizelySegments=%7B%7D; optimizelyBuckets=%7B%7D; ajs_group_id=null; ajs_user_id=454074; _sio=e7449a94-4aba-4dac-8b11-7d5771915093----454074',\n  'x-forwarded-proto': 'http',\n  'x-region': 'usw',\n  'x-forwarded-for': '74.73.240.140, 23.251.148.106',\n  'x-forwarded-port': '80',\n  'x-request-start': 't=1401765113166370',\n  'x-client-ip': '23.251.148.106',\n  'x-forwarded-host': 'project-livec9c392e270cd.rhcloud.com',\n  'x-forwarded-server': 'localhost',\n  connection: 'Keep-Alive' } {} 1.1 GET /civic2/","timestamp":"2014-06-03T03:11:53.176Z"}
{"0":{"contentType":"application/json","result":{"results":[{"address_components":[{"long_name":"104","short_name":"104","types":["street_number"]},{"long_name":"Franklin Street","short_name":"Franklin St","types":["route"]},{"long_name":"Lower Manhattan","short_name":"Lower Manhattan","types":["neighborhood","political"]},{"long_name":"Manhattan","short_name":"Manhattan","types":["sublocality","political"]},{"long_name":"New York","short_name":"New York","types":["locality","political"]},{"long_name":"New York County","short_name":"New York County","types":["administrative_area_level_2","political"]},{"long_name":"New York","short_name":"NY","types":["administrative_area_level_1","political"]},{"long_name":"United States","short_name":"US","types":["country","political"]},{"long_name":"10013","short_name":"10013","types":["postal_code"]}],"formatted_address":"104 Franklin Street, New York, NY 10013, USA","geometry":{"location":{"lat":40.71863,"lng":-74.005584},"location_type":"ROOFTOP","viewport":{"northeast":{"lat":40.71997898029149,"lng":-74.00423501970849},"southwest":{"lat":40.71728101970849,"lng":-74.0069329802915}}},"types":["street_address"]}],"status":"OK"},"resOptions":{}},"level":"info","message":"Service(s) calling finished. undefined","timestamp":"2014-06-03T03:11:54.168Z"}
{"logger":{"file":"test.log","level":"info"},"level":"info","message":"connect-rest has been configured. ","timestamp":"2014-06-03T03:17:21.590Z"}
{"level":"info","message":"Incoming request. { host: 'project-livec9c392e270cd.rhcloud.com',\n  'cache-control': 'max-age=0',\n  accept: 'text/html,application/xhtml+xml,application/xml;q=0.9,image/webp,*/*;q=0.8',\n  'user-agent': 'Mozilla/5.0 (Macintosh; Intel Mac OS X 10_9_3) AppleWebKit/537.36 (KHTML, like Gecko) Chrome/35.0.1916.114 Safari/537.36',\n  'accept-language': 'en-US,en;q=0.8',\n  cookie: 'optimizelyEndUserId=oeu1401283293102r0.7142860956955701; optimizelySegments=%7B%7D; optimizelyBuckets=%7B%7D; ajs_group_id=null; ajs_user_id=454074; _sio=e7449a94-4aba-4dac-8b11-7d5771915093----454074',\n  'x-forwarded-proto': 'http',\n  'x-region': 'usw',\n  'x-forwarded-for': '74.73.240.140, 23.251.148.106',\n  'x-forwarded-port': '80',\n  'x-request-start': 't=1401765444707318',\n  'x-client-ip': '23.251.148.106',\n  'x-forwarded-host': 'project-livec9c392e270cd.rhcloud.com',\n  'x-forwarded-server': 'localhost',\n  connection: 'Keep-Alive' } {} 1.1 GET /civic2/","timestamp":"2014-06-03T03:17:24.720Z"}
{"0":{"contentType":"application/json","result":{"results":[{"address_components":[{"long_name":"104","short_name":"104","types":["street_number"]},{"long_name":"Franklin Street","short_name":"Franklin St","types":["route"]},{"long_name":"Lower Manhattan","short_name":"Lower Manhattan","types":["neighborhood","political"]},{"long_name":"Manhattan","short_name":"Manhattan","types":["sublocality","political"]},{"long_name":"New York","short_name":"New York","types":["locality","political"]},{"long_name":"New York County","short_name":"New York County","types":["administrative_area_level_2","political"]},{"long_name":"New York","short_name":"NY","types":["administrative_area_level_1","political"]},{"long_name":"United States","short_name":"US","types":["country","political"]},{"long_name":"10013","short_name":"10013","types":["postal_code"]}],"formatted_address":"104 Franklin Street, New York, NY 10013, USA","geometry":{"location":{"lat":40.71863,"lng":-74.005584},"location_type":"ROOFTOP","viewport":{"northeast":{"lat":40.71997898029149,"lng":-74.00423501970849},"southwest":{"lat":40.71728101970849,"lng":-74.0069329802915}}},"types":["street_address"]}],"status":"OK"},"resOptions":{}},"level":"info","message":"Service(s) calling finished. undefined","timestamp":"2014-06-03T03:17:25.729Z"}
{"logger":{"file":"test.log","level":"info"},"level":"info","message":"connect-rest has been configured. ","timestamp":"2014-06-03T03:28:26.815Z"}
{"level":"info","message":"Incoming request. { host: 'project-livec9c392e270cd.rhcloud.com',\n  'cache-control': 'max-age=0',\n  accept: 'text/html,application/xhtml+xml,application/xml;q=0.9,image/webp,*/*;q=0.8',\n  'user-agent': 'Mozilla/5.0 (Macintosh; Intel Mac OS X 10_9_3) AppleWebKit/537.36 (KHTML, like Gecko) Chrome/35.0.1916.114 Safari/537.36',\n  'accept-language': 'en-US,en;q=0.8',\n  cookie: 'optimizelyEndUserId=oeu1401283293102r0.7142860956955701; optimizelySegments=%7B%7D; optimizelyBuckets=%7B%7D; ajs_group_id=null; ajs_user_id=454074; _sio=e7449a94-4aba-4dac-8b11-7d5771915093----454074',\n  'x-forwarded-proto': 'http',\n  'x-region': 'usw',\n  'x-forwarded-for': '74.73.240.140, 23.251.148.106',\n  'x-forwarded-port': '80',\n  'x-request-start': 't=1401766109621641',\n  'x-client-ip': '23.251.148.106',\n  'x-forwarded-host': 'project-livec9c392e270cd.rhcloud.com',\n  'x-forwarded-server': 'localhost',\n  connection: 'Keep-Alive' } {} 1.1 GET /civic2/","timestamp":"2014-06-03T03:28:29.632Z"}
{"0":{"contentType":"application/json","resOptions":{}},"level":"info","message":"Service(s) calling finished. Cannot call method 'get_Response' of undefined","timestamp":"2014-06-03T03:28:30.151Z"}
{"level":"error","message":"Cannot call method 'get_Response' of undefined","timestamp":"2014-06-03T03:28:30.151Z"}
{"logger":{"file":"test.log","level":"info"},"level":"info","message":"connect-rest has been configured. ","timestamp":"2014-06-03T03:29:49.886Z"}
{"level":"info","message":"Incoming request. { host: 'project-livec9c392e270cd.rhcloud.com',\n  'cache-control': 'max-age=0',\n  accept: 'text/html,application/xhtml+xml,application/xml;q=0.9,image/webp,*/*;q=0.8',\n  'user-agent': 'Mozilla/5.0 (Macintosh; Intel Mac OS X 10_9_3) AppleWebKit/537.36 (KHTML, like Gecko) Chrome/35.0.1916.114 Safari/537.36',\n  'accept-language': 'en-US,en;q=0.8',\n  cookie: 'optimizelyEndUserId=oeu1401283293102r0.7142860956955701; optimizelySegments=%7B%7D; optimizelyBuckets=%7B%7D; ajs_group_id=null; ajs_user_id=454074; _sio=e7449a94-4aba-4dac-8b11-7d5771915093----454074',\n  'x-forwarded-proto': 'http',\n  'x-region': 'usw',\n  'x-forwarded-for': '74.73.240.140, 23.251.148.106',\n  'x-forwarded-port': '80',\n  'x-request-start': 't=1401766192171314',\n  'x-client-ip': '23.251.148.106',\n  'x-forwarded-host': 'project-livec9c392e270cd.rhcloud.com',\n  'x-forwarded-server': 'localhost',\n  connection: 'Keep-Alive' } {} 1.1 GET /civic2/","timestamp":"2014-06-03T03:29:52.182Z"}
{"0":{"contentType":"application/json","resOptions":{}},"level":"info","message":"Service(s) calling finished. Cannot call method 'get_Response' of undefined","timestamp":"2014-06-03T03:29:53.012Z"}
{"level":"error","message":"Cannot call method 'get_Response' of undefined","timestamp":"2014-06-03T03:29:53.013Z"}
{"logger":{"file":"test.log","level":"info"},"level":"info","message":"connect-rest has been configured. ","timestamp":"2014-06-03T03:38:10.090Z"}
{"level":"info","message":"Incoming request. { host: 'project-livec9c392e270cd.rhcloud.com',\n  'cache-control': 'max-age=0',\n  accept: 'text/html,application/xhtml+xml,application/xml;q=0.9,image/webp,*/*;q=0.8',\n  'user-agent': 'Mozilla/5.0 (Macintosh; Intel Mac OS X 10_9_3) AppleWebKit/537.36 (KHTML, like Gecko) Chrome/35.0.1916.114 Safari/537.36',\n  'accept-language': 'en-US,en;q=0.8',\n  cookie: 'optimizelyEndUserId=oeu1401283293102r0.7142860956955701; optimizelySegments=%7B%7D; optimizelyBuckets=%7B%7D; ajs_group_id=null; ajs_user_id=454074; _sio=e7449a94-4aba-4dac-8b11-7d5771915093----454074',\n  'x-forwarded-proto': 'http',\n  'x-region': 'usw',\n  'x-forwarded-for': '74.73.240.140, 23.251.148.106',\n  'x-forwarded-port': '80',\n  'x-request-start': 't=1401766692505608',\n  'x-client-ip': '23.251.148.106',\n  'x-forwarded-host': 'project-livec9c392e270cd.rhcloud.com',\n  'x-forwarded-server': 'localhost',\n  connection: 'Keep-Alive' } {} 1.1 GET /civic2/","timestamp":"2014-06-03T03:38:12.516Z"}
{"logger":{"file":"test.log","level":"info"},"level":"info","message":"connect-rest has been configured. ","timestamp":"2014-06-03T03:39:31.399Z"}
{"level":"info","message":"Incoming request. { host: 'project-livec9c392e270cd.rhcloud.com',\n  'cache-control': 'max-age=0',\n  accept: 'text/html,application/xhtml+xml,application/xml;q=0.9,image/webp,*/*;q=0.8',\n  'user-agent': 'Mozilla/5.0 (Macintosh; Intel Mac OS X 10_9_3) AppleWebKit/537.36 (KHTML, like Gecko) Chrome/35.0.1916.114 Safari/537.36',\n  'accept-language': 'en-US,en;q=0.8',\n  cookie: 'optimizelyEndUserId=oeu1401283293102r0.7142860956955701; optimizelySegments=%7B%7D; optimizelyBuckets=%7B%7D; ajs_group_id=null; ajs_user_id=454074; _sio=e7449a94-4aba-4dac-8b11-7d5771915093----454074',\n  'x-forwarded-proto': 'http',\n  'x-region': 'usw',\n  'x-forwarded-for': '74.73.240.140, 23.251.148.106',\n  'x-forwarded-port': '80',\n  'x-request-start': 't=1401766772759932',\n  'x-client-ip': '23.251.148.106',\n  'x-forwarded-host': 'project-livec9c392e270cd.rhcloud.com',\n  'x-forwarded-server': 'localhost',\n  connection: 'Keep-Alive' } {} 1.1 GET /civic2/","timestamp":"2014-06-03T03:39:32.771Z"}
{"logger":{"file":"test.log","level":"info"},"level":"info","message":"connect-rest has been configured. ","timestamp":"2014-06-03T03:41:46.003Z"}
{"level":"info","message":"Incoming request. { host: 'project-livec9c392e270cd.rhcloud.com',\n  'cache-control': 'max-age=0',\n  accept: 'text/html,application/xhtml+xml,application/xml;q=0.9,image/webp,*/*;q=0.8',\n  'user-agent': 'Mozilla/5.0 (Macintosh; Intel Mac OS X 10_9_3) AppleWebKit/537.36 (KHTML, like Gecko) Chrome/35.0.1916.114 Safari/537.36',\n  'accept-language': 'en-US,en;q=0.8',\n  cookie: 'optimizelyEndUserId=oeu1401283293102r0.7142860956955701; optimizelySegments=%7B%7D; optimizelyBuckets=%7B%7D; ajs_group_id=null; ajs_user_id=454074; _sio=e7449a94-4aba-4dac-8b11-7d5771915093----454074',\n  'x-forwarded-proto': 'http',\n  'x-region': 'usw',\n  'x-forwarded-for': '74.73.240.140, 23.251.148.106',\n  'x-forwarded-port': '80',\n  'x-request-start': 't=1401766907816531',\n  'x-client-ip': '23.251.148.106',\n  'x-forwarded-host': 'project-livec9c392e270cd.rhcloud.com',\n  'x-forwarded-server': 'localhost',\n  connection: 'Keep-Alive' } {} 1.1 GET /civic2/","timestamp":"2014-06-03T03:41:47.827Z"}
{"level":"info","message":"Incoming request. { host: 'project-livec9c392e270cd.rhcloud.com',\n  'cache-control': 'max-age=0',\n  accept: 'text/html,application/xhtml+xml,application/xml;q=0.9,image/webp,*/*;q=0.8',\n  'user-agent': 'Mozilla/5.0 (Macintosh; Intel Mac OS X 10_9_3) AppleWebKit/537.36 (KHTML, like Gecko) Chrome/35.0.1916.114 Safari/537.36',\n  'accept-language': 'en-US,en;q=0.8',\n  cookie: 'optimizelyEndUserId=oeu1401283293102r0.7142860956955701; optimizelySegments=%7B%7D; optimizelyBuckets=%7B%7D; ajs_group_id=null; ajs_user_id=454074; _sio=e7449a94-4aba-4dac-8b11-7d5771915093----454074',\n  'x-forwarded-proto': 'http',\n  'x-region': 'usw',\n  'x-forwarded-for': '74.73.240.140, 23.251.148.106',\n  'x-forwarded-port': '80',\n  'x-request-start': 't=1401766942072418',\n  'x-client-ip': '23.251.148.106',\n  'x-forwarded-host': 'project-livec9c392e270cd.rhcloud.com',\n  'x-forwarded-server': 'localhost',\n  connection: 'Keep-Alive' } {} 1.1 GET /civic2/","timestamp":"2014-06-03T03:42:22.074Z"}
{"logger":{"file":"test.log","level":"info"},"level":"info","message":"connect-rest has been configured. ","timestamp":"2014-06-03T03:42:36.409Z"}
{"level":"info","message":"Incoming request. { host: 'project-livec9c392e270cd.rhcloud.com',\n  'cache-control': 'max-age=0',\n  accept: 'text/html,application/xhtml+xml,application/xml;q=0.9,image/webp,*/*;q=0.8',\n  'user-agent': 'Mozilla/5.0 (Macintosh; Intel Mac OS X 10_9_3) AppleWebKit/537.36 (KHTML, like Gecko) Chrome/35.0.1916.114 Safari/537.36',\n  'accept-language': 'en-US,en;q=0.8',\n  cookie: 'optimizelyEndUserId=oeu1401283293102r0.7142860956955701; optimizelySegments=%7B%7D; optimizelyBuckets=%7B%7D; ajs_group_id=null; ajs_user_id=454074; _sio=e7449a94-4aba-4dac-8b11-7d5771915093----454074',\n  'x-forwarded-proto': 'http',\n  'x-region': 'usw',\n  'x-forwarded-for': '74.73.240.140, 23.251.148.106',\n  'x-forwarded-port': '80',\n  'x-request-start': 't=1401766958465189',\n  'x-client-ip': '23.251.148.106',\n  'x-forwarded-host': 'project-livec9c392e270cd.rhcloud.com',\n  'x-forwarded-server': 'localhost',\n  connection: 'Keep-Alive' } {} 1.1 GET /civic2/","timestamp":"2014-06-03T03:42:38.474Z"}
{"level":"info","message":"Incoming request. { host: 'project-livec9c392e270cd.rhcloud.com',\n  'cache-control': 'max-age=0',\n  accept: 'text/html,application/xhtml+xml,application/xml;q=0.9,image/webp,*/*;q=0.8',\n  'user-agent': 'Mozilla/5.0 (Macintosh; Intel Mac OS X 10_9_3) AppleWebKit/537.36 (KHTML, like Gecko) Chrome/35.0.1916.114 Safari/537.36',\n  'accept-language': 'en-US,en;q=0.8',\n  cookie: 'optimizelyEndUserId=oeu1401283293102r0.7142860956955701; optimizelySegments=%7B%7D; optimizelyBuckets=%7B%7D; ajs_group_id=null; ajs_user_id=454074; _sio=e7449a94-4aba-4dac-8b11-7d5771915093----454074',\n  'x-forwarded-proto': 'http',\n  'x-region': 'usw',\n  'x-forwarded-for': '74.73.240.140, 23.251.148.106',\n  'x-forwarded-port': '80',\n  'x-request-start': 't=1401767078954845',\n  'x-client-ip': '23.251.148.106',\n  'x-forwarded-host': 'project-livec9c392e270cd.rhcloud.com',\n  'x-forwarded-server': 'localhost',\n  connection: 'Keep-Alive' } {} 1.1 GET /civic2/","timestamp":"2014-06-03T03:44:38.957Z"}
{"logger":{"file":"test.log","level":"info"},"level":"info","message":"connect-rest has been configured. ","timestamp":"2014-06-03T03:46:06.199Z"}
{"level":"info","message":"Incoming request. { host: 'project-livec9c392e270cd.rhcloud.com',\n  'cache-control': 'max-age=0',\n  accept: 'text/html,application/xhtml+xml,application/xml;q=0.9,image/webp,*/*;q=0.8',\n  'user-agent': 'Mozilla/5.0 (Macintosh; Intel Mac OS X 10_9_3) AppleWebKit/537.36 (KHTML, like Gecko) Chrome/35.0.1916.114 Safari/537.36',\n  'accept-language': 'en-US,en;q=0.8',\n  cookie: 'optimizelyEndUserId=oeu1401283293102r0.7142860956955701; optimizelySegments=%7B%7D; optimizelyBuckets=%7B%7D; ajs_group_id=null; ajs_user_id=454074; _sio=e7449a94-4aba-4dac-8b11-7d5771915093----454074',\n  'x-forwarded-proto': 'http',\n  'x-region': 'usw',\n  'x-forwarded-for': '74.73.240.140, 23.251.148.106',\n  'x-forwarded-port': '80',\n  'x-request-start': 't=1401767169403597',\n  'x-client-ip': '23.251.148.106',\n  'x-forwarded-host': 'project-livec9c392e270cd.rhcloud.com',\n  'x-forwarded-server': 'localhost',\n  connection: 'Keep-Alive' } {} 1.1 GET /civic2/","timestamp":"2014-06-03T03:46:09.413Z"}
{"logger":{"file":"test.log","level":"info"},"level":"info","message":"connect-rest has been configured. ","timestamp":"2014-06-03T03:55:02.191Z"}
{"level":"info","message":"Incoming request. { host: 'project-livec9c392e270cd.rhcloud.com',\n  'cache-control': 'max-age=0',\n  accept: 'text/html,application/xhtml+xml,application/xml;q=0.9,image/webp,*/*;q=0.8',\n  'user-agent': 'Mozilla/5.0 (Macintosh; Intel Mac OS X 10_9_3) AppleWebKit/537.36 (KHTML, like Gecko) Chrome/35.0.1916.114 Safari/537.36',\n  'accept-language': 'en-US,en;q=0.8',\n  cookie: 'optimizelyEndUserId=oeu1401283293102r0.7142860956955701; optimizelySegments=%7B%7D; optimizelyBuckets=%7B%7D; ajs_group_id=null; ajs_user_id=454074; _sio=e7449a94-4aba-4dac-8b11-7d5771915093----454074',\n  'x-forwarded-proto': 'http',\n  'x-region': 'usw',\n  'x-forwarded-for': '74.73.240.140, 23.251.148.106',\n  'x-forwarded-port': '80',\n  'x-request-start': 't=1401767704838432',\n  'x-client-ip': '23.251.148.106',\n  'x-forwarded-host': 'project-livec9c392e270cd.rhcloud.com',\n  'x-forwarded-server': 'localhost',\n  connection: 'Keep-Alive' } {} 1.1 GET /civic2/","timestamp":"2014-06-03T03:55:04.950Z"}
{"logger":{"file":"test.log","level":"info"},"level":"info","message":"connect-rest has been configured. ","timestamp":"2014-06-03T04:10:35.907Z"}
{"level":"info","message":"Incoming request. { host: 'project-livec9c392e270cd.rhcloud.com',\n  'cache-control': 'max-age=0',\n  accept: 'text/html,application/xhtml+xml,application/xml;q=0.9,image/webp,*/*;q=0.8',\n  'user-agent': 'Mozilla/5.0 (Macintosh; Intel Mac OS X 10_9_3) AppleWebKit/537.36 (KHTML, like Gecko) Chrome/35.0.1916.114 Safari/537.36',\n  'accept-language': 'en-US,en;q=0.8',\n  cookie: 'optimizelyEndUserId=oeu1401283293102r0.7142860956955701; optimizelySegments=%7B%7D; optimizelyBuckets=%7B%7D; ajs_group_id=null; ajs_user_id=454074; _sio=e7449a94-4aba-4dac-8b11-7d5771915093----454074',\n  'x-forwarded-proto': 'http',\n  'x-region': 'usw',\n  'x-forwarded-for': '74.73.240.140, 23.251.148.106',\n  'x-forwarded-port': '80',\n  'x-request-start': 't=1401768642330225',\n  'x-client-ip': '23.251.148.106',\n  'x-forwarded-host': 'project-livec9c392e270cd.rhcloud.com',\n  'x-forwarded-server': 'localhost',\n  connection: 'Keep-Alive' } {} 1.1 GET /civic2/","timestamp":"2014-06-03T04:10:42.344Z"}
{"logger":{"file":"test.log","level":"info"},"level":"info","message":"connect-rest has been configured. ","timestamp":"2014-06-03T04:16:55.608Z"}
{"level":"info","message":"Incoming request. { host: 'project-livec9c392e270cd.rhcloud.com',\n  'cache-control': 'max-age=0',\n  accept: 'text/html,application/xhtml+xml,application/xml;q=0.9,image/webp,*/*;q=0.8',\n  'user-agent': 'Mozilla/5.0 (Macintosh; Intel Mac OS X 10_9_3) AppleWebKit/537.36 (KHTML, like Gecko) Chrome/35.0.1916.114 Safari/537.36',\n  'accept-language': 'en-US,en;q=0.8',\n  cookie: 'optimizelyEndUserId=oeu1401283293102r0.7142860956955701; optimizelySegments=%7B%7D; optimizelyBuckets=%7B%7D; ajs_group_id=null; ajs_user_id=454074; _sio=e7449a94-4aba-4dac-8b11-7d5771915093----454074',\n  'x-forwarded-proto': 'http',\n  'x-region': 'usw',\n  'x-forwarded-for': '74.73.240.140, 23.251.148.106',\n  'x-forwarded-port': '80',\n  'x-request-start': 't=1401769019533287',\n  'x-client-ip': '23.251.148.106',\n  'x-forwarded-host': 'project-livec9c392e270cd.rhcloud.com',\n  'x-forwarded-server': 'localhost',\n  connection: 'Keep-Alive' } {} 1.1 GET /civic2/","timestamp":"2014-06-03T04:16:59.543Z"}
{"0":{"contentType":"application/json","result":{"demographics":[],"legislators":[{"website":"http://www.gillibrand.senate.gov","fax":"202-225-1168","govtrack_id":"412223","firstname":"Kirsten","chamber":"senate","middlename":"E.","lastname":"Gillibrand","congress_office":"478 Russell Senate Office Building","eventful_id":[],"phone":"202-224-4451","webform":"http://www.gillibrand.senate.gov/contact/","youtube_url":"http://youtube.com/KirstenEGillibrand","nickname":[],"gender":"F","district":"Junior Seat","title":"Sen","congresspedia_url":"http://www.opencongress.org/wiki/Kirsten_Gillibrand","in_office":"True","senate_class":"I","name_suffix":[],"twitter_id":[],"birthdate":"1966-12-09","bioguide_id":"G000555","fec_id":"H6NY20167","state":"NY","crp_id":"N00027658","official_rss":[],"facebook_id":[],"party":"D","email":[],"votesmart_id":"65147","votes":{"objects":[{"created":"2007-01-04T12:32:00","id":"25355613","option":{"id":"374115","key":"P","value":"Present","vote":"55432"},"person":{"bioguideid":"G000555","birthday":"1966-12-09","cspanid":"1022862","firstname":"Kirsten","gender":"female","gender_label":"Female","id":"412223","lastname":"Gillibrand","link":"https://www.govtrack.us/congress/members/kirsten_gillibrand/412223","middlename":"E.","name":"Sen. Kirsten Gillibrand [D-NY]","namemod":[],"nickname":[],"osid":"N00027658","pvsid":"65147","sortname":"Gillibrand, Kirsten (Sen.) [D-NY]","twitterid":null,"youtubeid":"KirstenEGillibrand"},"vote":{"category":"unknown","category_label":"Unknown Category","chamber":"house","chamber_label":"House","congress":"110","created":"2007-01-04T12:32:00","id":"55432","link":"https://www.govtrack.us/congress/votes/110-2007/h1","missing_data":"False","number":"1","question":"Call by States: QUORUM","question_details":null,"related_amendment":null,"related_bill":null,"required":"QUORUM","result":"Passed","session":"2007","source":"house","source_label":"house.gov","total_minus":"0","total_other":"435","total_plus":"0","vote_type":"Call by States"},"voter_type":"member","voter_type_label":"Member of Congress"},{"created":"2007-01-04T13:44:00","id":"25169218","option":{"id":"371926","key":"Pelosi","value":"Pelosi","vote":"55121"},"person":{"bioguideid":"G000555","birthday":"1966-12-09","cspanid":"1022862","firstname":"Kirsten","gender":"female","gender_label":"Female","id":"412223","lastname":"Gillibrand","link":"https://www.govtrack.us/congress/members/kirsten_gillibrand/412223","middlename":"E.","name":"Sen. Kirsten Gillibrand [D-NY]","namemod":[],"nickname":[],"osid":"N00027658","pvsid":"65147","sortname":"Gillibrand, Kirsten (Sen.) [D-NY]","twitterid":null,"youtubeid":"KirstenEGillibrand"},"vote":{"category":"procedural","category_label":"Procedural","chamber":"house","chamber_label":"House","congress":"110","created":"2007-01-04T13:44:00","id":"55121","link":"https://www.govtrack.us/congress/votes/110-2007/h2","missing_data":"False","number":"2","question":"Election of the Speaker","question_details":null,"related_amendment":null,"related_bill":null,"required":"1/2","result":"Pelosi","session":"2007","source":"house","source_label":"house.gov","total_minus":"0","total_other":"435","total_plus":"0","vote_type":"Election of the Speaker"},"voter_type":"member","voter_type_label":"Member of Congress"},{"created":"2007-01-04T16:30:00","id":"25046833","option":{"id":"370509","key":"+","value":"Yea","vote":"54914"},"person":{"bioguideid":"G000555","birthday":"1966-12-09","cspanid":"1022862","firstname":"Kirsten","gender":"female","gender_label":"Female","id":"412223","lastname":"Gillibrand","link":"https://www.govtrack.us/congress/members/kirsten_gillibrand/412223","middlename":"E.","name":"Sen. Kirsten Gillibrand [D-NY]","namemod":[],"nickname":[],"osid":"N00027658","pvsid":"65147","sortname":"Gillibrand, Kirsten (Sen.) [D-NY]","twitterid":null,"youtubeid":"KirstenEGillibrand"},"vote":{"category":"procedural","category_label":"Procedural","chamber":"house","chamber_label":"House","congress":"110","created":"2007-01-04T16:30:00","id":"54914","link":"https://www.govtrack.us/congress/votes/110-2007/h3","missing_data":"False","number":"3","question":"On Ordering the Previous Question: H RES 5 Providing for the consideration of H. Res. 6, adopting the Rules of the House of Representatives for the One Hundred Tenth Congress","question_details":null,"related_amendment":null,"related_bill":"145434","required":"1/2","result":"Passed","session":"2007","source":"house","source_label":"house.gov","total_minus":"197","total_other":"16","total_plus":"222","vote_type":"On Ordering the Previous Question"},"voter_type":"member","voter_type_label":"Member of Congress"},{"created":"2007-01-04T16:50:00","id":"25022440","option":{"id":"370222","key":"-","value":"Nay","vote":"54862"},"person":{"bioguideid":"G000555","birthday":"1966-12-09","cspanid":"1022862","firstname":"Kirsten","gender":"female","gender_label":"Female","id":"412223","lastname":"Gillibrand","link":"https://www.govtrack.us/congress/members/kirsten_gillibrand/412223","middlename":"E.","name":"Sen. Kirsten Gillibrand [D-NY]","namemod":[],"nickname":[],"osid":"N00027658","pvsid":"65147","sortname":"Gillibrand, Kirsten (Sen.) [D-NY]","twitterid":null,"youtubeid":"KirstenEGillibrand"},"vote":{"category":"procedural","category_label":"Procedural","chamber":"house","chamber_label":"House","congress":"110","created":"2007-01-04T16:50:00","id":"54862","link":"https://www.govtrack.us/congress/votes/110-2007/h4","missing_data":"False","number":"4","question":"On Motion to Commit with Instructions: H RES 5 Providing for the consideration of H. Res. 6, adopting the Rules of the House of Representatives for the One Hundred Tenth Congress","question_details":null,"related_amendment":null,"related_bill":"145434","required":"1/2","result":"Failed","session":"2007","source":"house","source_label":"house.gov","total_minus":"232","total_other":"3","total_plus":"199","vote_type":"On Motion to Commit"},"voter_type":"member","voter_type_label":"Member of Congress"},{"created":"2007-01-04T17:10:00","id":"25172161","option":{"id":"371957","key":"+","value":"Yea","vote":"55130"},"person":{"bioguideid":"G000555","birthday":"1966-12-09","cspanid":"1022862","firstname":"Kirsten","gender":"female","gender_label":"Female","id":"412223","lastname":"Gillibrand","link":"https://www.govtrack.us/congress/members/kirsten_gillibrand/412223","middlename":"E.","name":"Sen. Kirsten Gillibrand [D-NY]","namemod":[],"nickname":[],"osid":"N00027658","pvsid":"65147","sortname":"Gillibrand, Kirsten (Sen.) [D-NY]","twitterid":null,"youtubeid":"KirstenEGillibrand"},"vote":{"category":"passage","category_label":"Passage","chamber":"house","chamber_label":"House","congress":"110","created":"2007-01-04T17:10:00","id":"55130","link":"https://www.govtrack.us/congress/votes/110-2007/h5","missing_data":"False","number":"5","question":"H.Res. 5 (110th): Providing for the consideration of the resolution (H. Res. ... (On the Resolution)","question_details":null,"related_amendment":null,"related_bill":"145434","required":"1/2","result":"Passed","session":"2007","source":"house","source_label":"house.gov","total_minus":"195","total_other":"4","total_plus":"235","vote_type":"On the Resolution"},"voter_type":"member","voter_type_label":"Member of Congress"}]},"bills":[],"words":{"response":[{"tfidf":"0.00164044506709","count":"22","ngram":"sojourner"},{"tfidf":"0.00150617435333","count":"28","ngram":"upstate"},{"tfidf":"0.0014161771038","count":"9","ngram":"oetken"},{"tfidf":"0.00125093548069","count":"14","ngram":"placid"},{"tfidf":"0.00108625024603","count":"16","ngram":"chin"},{"tfidf":"0.000834829545888","count":"11","ngram":"haiti's"},{"tfidf":"0.00078345550163","count":"7","ngram":"adirondack"},{"tfidf":"0.000722629256208","count":"7","ngram":"3407"},{"tfidf":"0.000720731297076","count":"10","ngram":"sotomayor"},{"tfidf":"0.000681742063356","count":"14","ngram":"mikulski"},{"tfidf":"0.00064850515203","count":"8","ngram":"sotomayor's"},{"tfidf":"0.000588356753431","count":"16","ngram":"york's"},{"tfidf":"0.000585391827068","count":"16","ngram":"reproductive"},{"tfidf":"0.000559927249602","count":"10","ngram":"yorkers"},{"tfidf":"0.000555720112702","count":"12","ngram":"autism"},{"tfidf":"0.000538994411479","count":"8","ngram":"kagan"},{"tfidf":"0.000533644294353","count":"7","ngram":"gillibrand"},{"tfidf":"0.000506471946992","count":"8","ngram":"elena"},{"tfidf":"0.000427134090602","count":"6","ngram":"fordham"},{"tfidf":"0.000400107192165","count":"9","ngram":"solicitor"},{"tfidf":"0.000393960141031","count":"18","ngram":"gender"},{"tfidf":"0.00038775366424","count":"17","ngram":"nomination"},{"tfidf":"0.000387370144212","count":"8","ngram":"toxins"},{"tfidf":"0.000385906534142","count":"146","ngram":"york"},{"tfidf":"0.000367044150194","count":"18","ngram":"ray"},{"tfidf":"0.000365657836777","count":"6","ngram":"yorker"},{"tfidf":"0.000364028112274","count":"10","ngram":"hudson"},{"tfidf":"0.000358735403012","count":"17","ngram":"olympic"},{"tfidf":"0.000346547270305","count":"15","ngram":"warren"},{"tfidf":"0.000345696454755","count":"6","ngram":"bullying"},{"tfidf":"0.000334002925193","count":"44","ngram":"judge"},{"tfidf":"0.000333471673324","count":"9","ngram":"eleanor"},{"tfidf":"0.000325714610504","count":"6","ngram":"mcnulty"},{"tfidf":"0.000322092435573","count":"10","ngram":"buffalo"},{"tfidf":"0.000316136917996","count":"12","ngram":"haiti"},{"tfidf":"0.000309525803114","count":"8","ngram":"amt"},{"tfidf":"0.000302457649012","count":"14","ngram":"kevin"},{"tfidf":"0.000282633271917","count":"23","ngram":"lake"},{"tfidf":"0.000279395917708","count":"6","ngram":"desiring"},{"tfidf":"0.000275581453736","count":"8","ngram":"rescinded"},{"tfidf":"0.000275116086609","count":"12","ngram":"hunting"},{"tfidf":"0.000274826838175","count":"6","ngram":"conceal"},{"tfidf":"0.000269378322256","count":"18","ngram":"equality"},{"tfidf":"0.000260590216501","count":"17","ngram":"quorum"},{"tfidf":"0.000255477643044","count":"9","ngram":"ny"},{"tfidf":"0.000252900431089","count":"7","ngram":"vernon"},{"tfidf":"0.000240848541162","count":"26","ngram":"women's"},{"tfidf":"0.000239334308833","count":"7","ngram":"stupak"},{"tfidf":"0.000232285801211","count":"7","ngram":"gay"},{"tfidf":"0.000226821572324","count":"24","ngram":"engineering"},{"tfidf":"0.000226645790335","count":"9","ngram":"discriminatory"},{"tfidf":"0.000225967325814","count":"8","ngram":"orientation"},{"tfidf":"0.00022311156744","count":"16","ngram":"yea"},{"tfidf":"0.000222878152464","count":"6","ngram":"rider"},{"tfidf":"0.000219877546136","count":"8","ngram":"confirmation"},{"tfidf":"0.000210472867811","count":"124","ngram":"women"},{"tfidf":"0.0002036651769","count":"12","ngram":"circuit"},{"tfidf":"0.000201896987021","count":"11","ngram":"obama"},{"tfidf":"0.000198610058142","count":"18","ngram":"girls"},{"tfidf":"0.000198607625097","count":"6","ngram":"justices"},{"tfidf":"0.000193391361952","count":"153","ngram":"health"},{"tfidf":"0.000189070563334","count":"7","ngram":"harassment"},{"tfidf":"0.000186836796669","count":"44","ngram":"insurance"},{"tfidf":"0.000180711121438","count":"13","ngram":"roosevelt"},{"tfidf":"0.000174280805463","count":"39","ngram":"court"},{"tfidf":"0.000173729928122","count":"6","ngram":"simpson"},{"tfidf":"0.000170741370675","count":"6","ngram":"dairy"},{"tfidf":"0.000164638459479","count":"7","ngram":"chemicals"},{"tfidf":"0.000163984654355","count":"27","ngram":"coverage"},{"tfidf":"0.000162967022727","count":"7","ngram":"cleaner"},{"tfidf":"0.000157875307858","count":"52","ngram":"rights"},{"tfidf":"0.000156676203689","count":"15","ngram":"missing"},{"tfidf":"0.000156497732197","count":"12","ngram":"hate"},{"tfidf":"0.00015396480008","count":"12","ngram":"harbor"},{"tfidf":"0.000152502654267","count":"5","ngram":"1932"},{"tfidf":"0.000152035175773","count":"15","ngram":"senators"},{"tfidf":"0.000150306973848","count":"15","ngram":"blood"},{"tfidf":"0.000149412211104","count":"16","ngram":"roll"},{"tfidf":"0.000148082894457","count":"6","ngram":"faa"},{"tfidf":"0.000145907381064","count":"23","ngram":"truth"},{"tfidf":"0.000145888055862","count":"9","ngram":"fishing"},{"tfidf":"0.0001454037826","count":"7","ngram":"preventive"},{"tfidf":"0.000142826771403","count":"8","ngram":"abortion"},{"tfidf":"0.000142328063946","count":"15","ngram":"crimes"},{"tfidf":"0.000137547473708","count":"19","ngram":"objection"},{"tfidf":"0.000136153148242","count":"6","ngram":"inspectors"},{"tfidf":"0.000135365766355","count":"18","ngram":"ordered"},{"tfidf":"0.000134577704308","count":"7","ngram":"russian"},{"tfidf":"0.000131859513524","count":"9","ngram":"p.m."},{"tfidf":"0.00013110247649","count":"25","ngram":"products"},{"tfidf":"0.000126719394007","count":"7","ngram":"mount"},{"tfidf":"0.000126706592677","count":"27","ngram":"woman"},{"tfidf":"0.000126612495181","count":"6","ngram":"transform"},{"tfidf":"0.000125321467275","count":"7","ngram":"responders"},{"tfidf":"0.000124874774963","count":"12","ngram":"2007"},{"tfidf":"0.000124625954648","count":"7","ngram":"clinics"},{"tfidf":"0.000123646073976","count":"37","ngram":"unanimous"},{"tfidf":"0.000123408537643","count":"116","ngram":"care"},{"tfidf":"0.000120092707379","count":"6","ngram":"recruiting"},{"tfidf":"0.000120085165925","count":"8","ngram":"sexual"}]}},{"website":"http://www.schumer.senate.gov","fax":"202-228-3027","govtrack_id":"300087","firstname":"Charles","chamber":"senate","middlename":"E.","lastname":"Schumer","congress_office":"322 Hart Senate Office Building","eventful_id":[],"phone":"202-224-6542","webform":"http://www.schumer.senate.gov/Contact/contact_chuck.cfm","youtube_url":"http://youtube.com/SenatorSchumer","nickname":"Chuck","gender":"M","district":"Senior Seat","title":"Sen","congresspedia_url":"http://www.opencongress.org/wiki/Charles_Schumer","in_office":"True","senate_class":"III","name_suffix":[],"twitter_id":"ChuckSchumer","birthdate":"1950-11-23","bioguide_id":"S000148","fec_id":"S8NY00082","state":"NY","crp_id":"N00001093","official_rss":[],"facebook_id":"15771239406","party":"D","email":[],"votesmart_id":"26976","votes":{"objects":[{"created":"2011-04-14T17:28:00","id":"28928451","option":{"id":"426374","key":"+","value":"Yea","vote":"3"},"person":{"bioguideid":"S000148","birthday":"1950-11-23","cspanid":"5929","firstname":"Charles","gender":"male","gender_label":"Male","id":"300087","lastname":"Schumer","link":"https://www.govtrack.us/congress/members/charles_schumer/300087","middlename":"E.","name":"Sen. Charles “Chuck” Schumer [D-NY]","namemod":[],"nickname":"Chuck","osid":"N00001093","pvsid":"26976","sortname":"Schumer, Charles “Chuck” (Sen.) [D-NY]","twitterid":"ChuckSchumer","youtubeid":"SenatorSchumer"},"vote":{"category":"passage","category_label":"Passage","chamber":"senate","chamber_label":"Senate","congress":"112","created":"2011-04-14T17:28:00","id":"3","link":"https://www.govtrack.us/congress/votes/112-2011/s61","missing_data":"False","number":"61","question":"H.R. 1473 (112th): Department of Defense and Full-Year Continuing Appropriations Act, 2011 (On Passage of the Bill)","question_details":null,"related_amendment":null,"related_bill":"73164","required":"3/5","result":"Bill Passed","session":"2011","source":"senate","source_label":"senate.gov","total_minus":"19","total_other":"0","total_plus":"81","vote_type":"On Passage of the Bill"},"voter_type":"member","voter_type_label":"Member of Congress"},{"created":"2011-05-23T17:01:00","id":"28935120","option":{"id":"426442","key":"+","value":"Yea","vote":"15"},"person":{"bioguideid":"S000148","birthday":"1950-11-23","cspanid":"5929","firstname":"Charles","gender":"male","gender_label":"Male","id":"300087","lastname":"Schumer","link":"https://www.govtrack.us/congress/members/charles_schumer/300087","middlename":"E.","name":"Sen. Charles “Chuck” Schumer [D-NY]","namemod":[],"nickname":"Chuck","osid":"N00001093","pvsid":"26976","sortname":"Schumer, Charles “Chuck” (Sen.) [D-NY]","twitterid":"ChuckSchumer","youtubeid":"SenatorSchumer"},"vote":{"category":"cloture","category_label":"Cloture","chamber":"senate","chamber_label":"Senate","congress":"112","created":"2011-05-23T17:01:00","id":"15","link":"https://www.govtrack.us/congress/votes/112-2011/s75","missing_data":"False","number":"75","question":"On Cloture on the Motion to Proceed S. 1038","question_details":null,"related_amendment":null,"related_bill":"75973","required":"3/5","result":"Cloture on the Motion to Proceed Agreed to","session":"2011","source":"senate","source_label":"senate.gov","total_minus":"8","total_other":"18","total_plus":"74","vote_type":"On the Cloture Motion"},"voter_type":"member","voter_type_label":"Member of Congress"},{"created":"2011-02-02T18:05:00","id":"28935248","option":{"id":"426447","key":"-","value":"Nay","vote":"16"},"person":{"bioguideid":"S000148","birthday":"1950-11-23","cspanid":"5929","firstname":"Charles","gender":"male","gender_label":"Male","id":"300087","lastname":"Schumer","link":"https://www.govtrack.us/congress/members/charles_schumer/300087","middlename":"E.","name":"Sen. Charles “Chuck” Schumer [D-NY]","namemod":[],"nickname":"Chuck","osid":"N00001093","pvsid":"26976","sortname":"Schumer, Charles “Chuck” (Sen.) [D-NY]","twitterid":"ChuckSchumer","youtubeid":"SenatorSchumer"},"vote":{"category":"procedural","category_label":"Procedural","chamber":"senate","chamber_label":"Senate","congress":"112","created":"2011-02-02T18:05:00","id":"16","link":"https://www.govtrack.us/congress/votes/112-2011/s9","missing_data":"False","number":"9","question":"On the Motion (Motion to Waive All Applicable Budgetary Discipline Re: McConnell Amdt. No. 13)","question_details":null,"related_amendment":null,"related_bill":"71462","required":"3/5","result":"Motion Rejected","session":"2011","source":"senate","source_label":"senate.gov","total_minus":"51","total_other":"2","total_plus":"47","vote_type":"On the Motion"},"voter_type":"member","voter_type_label":"Member of Congress"},{"created":"2011-04-05T12:37:00","id":"28936220","option":{"id":"426459","key":"-","value":"Nay","vote":"18"},"person":{"bioguideid":"S000148","birthday":"1950-11-23","cspanid":"5929","firstname":"Charles","gender":"male","gender_label":"Male","id":"300087","lastname":"Schumer","link":"https://www.govtrack.us/congress/members/charles_schumer/300087","middlename":"E.","name":"Sen. Charles “Chuck” Schumer [D-NY]","namemod":[],"nickname":"Chuck","osid":"N00001093","pvsid":"26976","sortname":"Schumer, Charles “Chuck” (Sen.) [D-NY]","twitterid":"ChuckSchumer","youtubeid":"SenatorSchumer"},"vote":{"category":"passage","category_label":"Passage","chamber":"senate","chamber_label":"Senate","congress":"112","created":"2011-04-05T12:37:00","id":"18","link":"https://www.govtrack.us/congress/votes/112-2011/s49","missing_data":"False","number":"49","question":"H.R. 4 (112th): Comprehensive 1099 Taxpayer Protection and Repayment of Exchange Subsidy ... (On Passage of the Bill)","question_details":null,"related_amendment":null,"related_bill":"69179","required":"3/5","result":"Bill Passed","session":"2011","source":"senate","source_label":"senate.gov","total_minus":"12","total_other":"1","total_plus":"87","vote_type":"On Passage of the Bill"},"voter_type":"member","voter_type_label":"Member of Congress"},{"created":"2011-03-16T11:02:00","id":"28937597","option":{"id":"426474","key":"+","value":"Yea","vote":"21"},"person":{"bioguideid":"S000148","birthday":"1950-11-23","cspanid":"5929","firstname":"Charles","gender":"male","gender_label":"Male","id":"300087","lastname":"Schumer","link":"https://www.govtrack.us/congress/members/charles_schumer/300087","middlename":"E.","name":"Sen. Charles “Chuck” Schumer [D-NY]","namemod":[],"nickname":"Chuck","osid":"N00001093","pvsid":"26976","sortname":"Schumer, Charles “Chuck” (Sen.) [D-NY]","twitterid":"ChuckSchumer","youtubeid":"SenatorSchumer"},"vote":{"category":"amendment","category_label":"Amendment","chamber":"senate","chamber_label":"Senate","congress":"112","created":"2011-03-16T11:02:00","id":"21","link":"https://www.govtrack.us/congress/votes/112-2011/s42","missing_data":"False","number":"42","question":"On the Amendment S.Amdt. 193 to S. 493 (SBIR/STTR Reauthorization Act of 2011)","question_details":null,"related_amendment":null,"related_bill":"76250","required":"1/2","result":"Amendment Agreed to","session":"2011","source":"senate","source_label":"senate.gov","total_minus":"0","total_other":"1","total_plus":"99","vote_type":"On the Amendment"},"voter_type":"member","voter_type_label":"Member of Congress"}]},"bills":[],"words":{"response":[{"tfidf":"0.000419023222356","count":"296","ngram":"ethanol"},{"tfidf":"0.000393125049623","count":"249","ngram":"nominees"},{"tfidf":"0.000301440578552","count":"114","ngram":"yorkers"},{"tfidf":"0.000284567104628","count":"216","ngram":"nominee"},{"tfidf":"0.000276466950358","count":"446","ngram":"gun"},{"tfidf":"0.000241183419489","count":"402","ngram":"judges"},{"tfidf":"0.000229796586316","count":"133","ngram":"filibuster"},{"tfidf":"0.000217582327637","count":"202","ngram":"nomination"},{"tfidf":"0.000215803927808","count":"602","ngram":"judge"},{"tfidf":"0.000204288511241","count":"96","ngram":"moynihan"},{"tfidf":"0.000196759000334","count":"130","ngram":"brooklyn"},{"tfidf":"0.000188272657479","count":"229","ngram":"guns"},{"tfidf":"0.000175073476275","count":"91","ngram":"leahy"},{"tfidf":"0.000168885487837","count":"1353","ngram":"york"},{"tfidf":"0.000166489054267","count":"148","ngram":"bench"},{"tfidf":"0.000165612906878","count":"346","ngram":"senators"},{"tfidf":"0.000162676664675","count":"100","ngram":"rescinded"},{"tfidf":"0.000157222137472","count":"138","ngram":"mainstream"},{"tfidf":"0.000147674195143","count":"204","ngram":"quorum"},{"tfidf":"0.0001446458","count":"105","ngram":"patent"},{"tfidf":"0.000137013791117","count":"104","ngram":"reid"},{"tfidf":"0.000135264029136","count":"502","ngram":"oil"},{"tfidf":"0.000126551674244","count":"103","ngram":"ideological"},{"tfidf":"0.000115223975115","count":"546","ngram":"court"},{"tfidf":"0.000114211338888","count":"179","ngram":"bankruptcy"},{"tfidf":"0.000111899575898","count":"690","ngram":"consent"},{"tfidf":"0.000110628029276","count":"109","ngram":"middle-class"},{"tfidf":"0.000107518678635","count":"239","ngram":"views"},{"tfidf":"0.000104757623256","count":"192","ngram":"mortgage"},{"tfidf":"0.000104431443031","count":"304","ngram":"terrorism"},{"tfidf":"0.000103695521725","count":"156","ngram":"gasoline"},{"tfidf":"0.000102736521108","count":"651","ngram":"unanimous"},{"tfidf":"9.73807502119e-05","count":"181","ngram":"conservative"},{"tfidf":"9.50137919511e-05","count":"282","ngram":"bottom"},{"tfidf":"9.49244916264e-05","count":"227","ngram":"homeland"},{"tfidf":"9.39440220289e-05","count":"307","ngram":"iraq"},{"tfidf":"9.29560957609e-05","count":"238","ngram":"nuclear"},{"tfidf":"9.26377479663e-05","count":"106","ngram":"loophole"},{"tfidf":"8.95256246516e-05","count":"875","ngram":"side"},{"tfidf":"8.91884812115e-05","count":"293","ngram":"doesn't"},{"tfidf":"8.88524112524e-05","count":"240","ngram":"attorney"},{"tfidf":"8.87216750832e-05","count":"198","ngram":"judiciary"},{"tfidf":"8.81329321278e-05","count":"911","ngram":"colleague"},{"tfidf":"8.51482755214e-05","count":"164","ngram":"judicial"},{"tfidf":"8.44912924941e-05","count":"132","ngram":"breaks"},{"tfidf":"8.39306391788e-05","count":"195","ngram":"ought"},{"tfidf":"8.15785425416e-05","count":"268","ngram":"maybe"},{"tfidf":"8.01494954019e-05","count":"100","ngram":"circuit"},{"tfidf":"8.00528682794e-05","count":"115","ngram":"iran"},{"tfidf":"7.91692597667e-05","count":"273","ngram":"prices"},{"tfidf":"7.91536003518e-05","count":"924","ngram":"tax"},{"tfidf":"7.6569784962e-05","count":"109","ngram":"truck"},{"tfidf":"7.55336700341e-05","count":"691","ngram":"debate"},{"tfidf":"7.54254052003e-05","count":"92","ngram":"jewish"},{"tfidf":"7.52485295762e-05","count":"121","ngram":"utah"},{"tfidf":"7.52132304748e-05","count":"92","ngram":"gallon"},{"tfidf":"7.40309647726e-05","count":"261","ngram":"let's"},{"tfidf":"7.32047830602e-05","count":"166","ngram":"border"},{"tfidf":"7.22282502389e-05","count":"93","ngram":"a.m."},{"tfidf":"7.17892499397e-05","count":"145","ngram":"terrorists"},{"tfidf":"6.97260159045e-05","count":"202","ngram":"supreme"},{"tfidf":"6.97109270429e-05","count":"160","ngram":"argument"},{"tfidf":"6.8309576908e-05","count":"300","ngram":"proposal"},{"tfidf":"6.74597276867e-05","count":"388","ngram":"says"},{"tfidf":"6.67135923672e-05","count":"90","ngram":"disclosure"},{"tfidf":"6.6585130773e-05","count":"438","ngram":"companies"},{"tfidf":"6.65563138089e-05","count":"240","ngram":"didn't"},{"tfidf":"6.63200834685e-05","count":"209","ngram":"bush"},{"tfidf":"6.57181129098e-05","count":"169","ngram":"compromise"},{"tfidf":"6.53262702008e-05","count":"137","ngram":"cents"},{"tfidf":"6.48295896595e-05","count":"352","ngram":"justice"},{"tfidf":"6.40762937717e-05","count":"97","ngram":"wealthy"},{"tfidf":"6.39601638237e-05","count":"223","ngram":"teachers"},{"tfidf":"6.36472749167e-05","count":"130","ngram":"sort"},{"tfidf":"6.27517661806e-05","count":"225","ngram":"view"},{"tfidf":"6.27313502147e-05","count":"205","ngram":"crime"},{"tfidf":"6.1876166675e-05","count":"137","ngram":"guess"},{"tfidf":"6.18308064781e-05","count":"279","ngram":"can't"},{"tfidf":"6.09401404612e-05","count":"136","ngram":"crimes"},{"tfidf":"6.05994864948e-05","count":"190","ngram":"violence"},{"tfidf":"6.05754371477e-05","count":"121","ngram":"judgment"},{"tfidf":"6.0574644156e-05","count":"1063","ngram":"law"},{"tfidf":"5.96777839667e-05","count":"194","ngram":"god"},{"tfidf":"5.8479775096e-05","count":"119","ngram":"card"},{"tfidf":"5.77375829406e-05","count":"674","ngram":"floor"},{"tfidf":"5.65966682837e-05","count":"111","ngram":"voters"},{"tfidf":"5.64091759698e-05","count":"91","ngram":"profits"},{"tfidf":"5.60426629166e-05","count":"387","ngram":"might"},{"tfidf":"5.57389443838e-05","count":"255","ngram":"amendments"},{"tfidf":"5.56787572061e-05","count":"181","ngram":"package"},{"tfidf":"5.54635948407e-05","count":"200","ngram":"seems"},{"tfidf":"5.54286845315e-05","count":"90","ngram":"hate"},{"tfidf":"5.48299048537e-05","count":"141","ngram":"terrorist"},{"tfidf":"5.47826147762e-05","count":"98","ngram":"math"},{"tfidf":"5.47386762666e-05","count":"1220","ngram":"going"},{"tfidf":"5.42949460622e-05","count":"538","ngram":"friend"},{"tfidf":"5.42436189054e-05","count":"229","ngram":"housing"},{"tfidf":"5.4120222821e-05","count":"997","ngram":"think"},{"tfidf":"5.36867035798e-05","count":"2933","ngram":"president"},{"tfidf":"5.32943766257e-05","count":"97","ngram":"arguments"}]}},{"website":"http://nadler.house.gov","fax":"202-225-6923","govtrack_id":"400289","firstname":"Jerrold","chamber":"house","middlename":"L.","lastname":"Nadler","congress_office":"2110 Rayburn House Office Building","eventful_id":[],"phone":"202-225-5635","webform":"http://nadler.house.gov/contact-me/newsletter","youtube_url":"http://youtube.com/congressmannadler","nickname":[],"gender":"M","district":"10","title":"Rep","congresspedia_url":"http://www.opencongress.org/wiki/Jerrold_Nadler","in_office":"True","senate_class":[],"name_suffix":[],"twitter_id":"RepJerryNadler","birthdate":"1947-06-13","bioguide_id":"N000002","fec_id":"H2NY17071","state":"NY","crp_id":"N00000939","official_rss":[],"facebook_id":"78291598977","party":"D","email":[],"votesmart_id":"26980","votes":{"objects":[{"created":"2011-03-16T17:49:00","id":"28927949","option":{"id":"426369","key":"0","value":"Not Voting","vote":"1"},"person":{"bioguideid":"N000002","birthday":"1947-06-13","cspanid":"26159","firstname":"Jerrold","gender":"male","gender_label":"Male","id":"400289","lastname":"Nadler","link":"https://www.govtrack.us/congress/members/jerrold_nadler/400289","middlename":"L.","name":"Rep. Jerrold Nadler [D-NY10]","namemod":[],"nickname":[],"osid":"N00000939","pvsid":"26980","sortname":"Nadler, Jerrold (Rep.) [D-NY10]","twitterid":"RepJerryNadler","youtubeid":"congressmannadler"},"vote":{"category":"amendment","category_label":"Amendment","chamber":"house","chamber_label":"House","congress":"112","created":"2011-03-16T17:49:00","id":"1","link":"https://www.govtrack.us/congress/votes/112-2011/h183","missing_data":"False","number":"183","question":"On Agreeing to the Amendment: Amendment 3 to H R 861","question_details":null,"related_amendment":null,"related_bill":"75622","required":"1/2","result":"Failed","session":"2011","source":"house","source_label":"house.gov","total_minus":"244","total_other":"5","total_plus":"183","vote_type":"On the Amendment"},"voter_type":"member","voter_type_label":"Member of Congress"},{"created":"2011-05-03T17:46:00","id":"28928066","option":{"id":"426370","key":"+","value":"Aye","vote":"2"},"person":{"bioguideid":"N000002","birthday":"1947-06-13","cspanid":"26159","firstname":"Jerrold","gender":"male","gender_label":"Male","id":"400289","lastname":"Nadler","link":"https://www.govtrack.us/congress/members/jerrold_nadler/400289","middlename":"L.","name":"Rep. Jerrold Nadler [D-NY10]","namemod":[],"nickname":[],"osid":"N00000939","pvsid":"26980","sortname":"Nadler, Jerrold (Rep.) [D-NY10]","twitterid":"RepJerryNadler","youtubeid":"congressmannadler"},"vote":{"category":"amendment","category_label":"Amendment","chamber":"house","chamber_label":"House","congress":"112","created":"2011-05-03T17:46:00","id":"2","link":"https://www.govtrack.us/congress/votes/112-2011/h283","missing_data":"False","number":"283","question":"On Agreeing to the Amendment: Amendment 3 to H R 1213","question_details":null,"related_amendment":null,"related_bill":"75991","required":"1/2","result":"Failed","session":"2011","source":"house","source_label":"house.gov","total_minus":"242","total_other":"10","total_plus":"180","vote_type":"On the Amendment"},"voter_type":"member","voter_type_label":"Member of Congress"},{"created":"2011-04-12T19:10:00","id":"28928699","option":{"id":"426378","key":"+","value":"Yea","vote":"4"},"person":{"bioguideid":"N000002","birthday":"1947-06-13","cspanid":"26159","firstname":"Jerrold","gender":"male","gender_label":"Male","id":"400289","lastname":"Nadler","link":"https://www.govtrack.us/congress/members/jerrold_nadler/400289","middlename":"L.","name":"Rep. Jerrold Nadler [D-NY10]","namemod":[],"nickname":[],"osid":"N00000939","pvsid":"26980","sortname":"Nadler, Jerrold (Rep.) [D-NY10]","twitterid":"RepJerryNadler","youtubeid":"congressmannadler"},"vote":{"category":"procedural","category_label":"Procedural","chamber":"house","chamber_label":"House","congress":"112","created":"2011-04-12T19:10:00","id":"4","link":"https://www.govtrack.us/congress/votes/112-2011/h256","missing_data":"False","number":"256","question":"On Approving the Journal: JOURNAL","question_details":null,"related_amendment":null,"related_bill":null,"required":"1/2","result":"Passed","session":"2011","source":"house","source_label":"house.gov","total_minus":"79","total_other":"28","total_plus":"325","vote_type":"On Approving the Journal"},"voter_type":"member","voter_type_label":"Member of Congress"},{"created":"2011-02-11T13:58:00","id":"28929239","option":{"id":"426386","key":"+","value":"Yea","vote":"5"},"person":{"bioguideid":"N000002","birthday":"1947-06-13","cspanid":"26159","firstname":"Jerrold","gender":"male","gender_label":"Male","id":"400289","lastname":"Nadler","link":"https://www.govtrack.us/congress/members/jerrold_nadler/400289","middlename":"L.","name":"Rep. Jerrold Nadler [D-NY10]","namemod":[],"nickname":[],"osid":"N00000939","pvsid":"26980","sortname":"Nadler, Jerrold (Rep.) [D-NY10]","twitterid":"RepJerryNadler","youtubeid":"congressmannadler"},"vote":{"category":"procedural","category_label":"Procedural","chamber":"house","chamber_label":"House","congress":"112","created":"2011-02-11T13:58:00","id":"5","link":"https://www.govtrack.us/congress/votes/112-2011/h34","missing_data":"False","number":"34","question":"On Approving the Journal: JOURNAL","question_details":null,"related_amendment":null,"related_bill":null,"required":"1/2","result":"Passed","session":"2011","source":"house","source_label":"house.gov","total_minus":"50","total_other":"39","total_plus":"344","vote_type":"On Approving the Journal"},"voter_type":"member","voter_type_label":"Member of Congress"},{"created":"2011-07-13T18:22:00","id":"28929555","option":{"id":"426390","key":"+","value":"Aye","vote":"6"},"person":{"bioguideid":"N000002","birthday":"1947-06-13","cspanid":"26159","firstname":"Jerrold","gender":"male","gender_label":"Male","id":"400289","lastname":"Nadler","link":"https://www.govtrack.us/congress/members/jerrold_nadler/400289","middlename":"L.","name":"Rep. Jerrold Nadler [D-NY10]","namemod":[],"nickname":[],"osid":"N00000939","pvsid":"26980","sortname":"Nadler, Jerrold (Rep.) [D-NY10]","twitterid":"RepJerryNadler","youtubeid":"congressmannadler"},"vote":{"category":"amendment","category_label":"Amendment","chamber":"house","chamber_label":"House","congress":"112","created":"2011-07-13T18:22:00","id":"6","link":"https://www.govtrack.us/congress/votes/112-2011/h571","missing_data":"False","number":"571","question":"On Agreeing to the Amendment: Amendment 1 to H R 2018","question_details":null,"related_amendment":null,"related_bill":"74164","required":"1/2","result":"Failed","session":"2011","source":"house","source_label":"house.gov","total_minus":"254","total_other":"10","total_plus":"167","vote_type":"On the Amendment"},"voter_type":"member","voter_type_label":"Member of Congress"}]},"bills":[],"words":{"response":[{"tfidf":"0.00271804264645","count":"643","ngram":"debtor"},{"tfidf":"0.00111592656157","count":"575","ngram":"inserting"},{"tfidf":"0.000803054747247","count":"536","ngram":"paragraph"},{"tfidf":"0.000797755831536","count":"134","ngram":"debtor's"},{"tfidf":"0.000626111285822","count":"144","ngram":"creditor"},{"tfidf":"0.000565231276452","count":"471","ngram":"striking"},{"tfidf":"0.000495159375615","count":"61","ngram":"hopwa"},{"tfidf":"0.000490039974093","count":"473","ngram":"bankruptcy"},{"tfidf":"0.000437580835735","count":"169","ngram":"subparagraph"},{"tfidf":"0.000399823991508","count":"94","ngram":"debtors"},{"tfidf":"0.000378257401661","count":"145","ngram":"creditors"},{"tfidf":"0.000358144688803","count":"639","ngram":"amended"},{"tfidf":"0.000333386197369","count":"107","ngram":"nea"},{"tfidf":"0.000330879677297","count":"183","ngram":"trustee"},{"tfidf":"0.000329297000303","count":"961","ngram":"court"},{"tfidf":"0.000303662833967","count":"631","ngram":"code"},{"tfidf":"0.000290225072615","count":"212","ngram":"abortion"},{"tfidf":"0.000275729961657","count":"985","ngram":"title"},{"tfidf":"0.000255484966185","count":"87","ngram":"container"},{"tfidf":"0.000243839754388","count":"926","ngram":"11"},{"tfidf":"0.000236591623679","count":"118","ngram":"jews"},{"tfidf":"0.000232546579486","count":"146","ngram":"petition"},{"tfidf":"0.000225960268602","count":"75","ngram":"nadler"},{"tfidf":"0.000222310753918","count":"167","ngram":"jewish"},{"tfidf":"0.000221985104067","count":"344","ngram":"religious"},{"tfidf":"0.000217681095032","count":"239","ngram":"israel"},{"tfidf":"0.000204841343534","count":"323","ngram":"chapter"},{"tfidf":"0.000200689375894","count":"127","ngram":"debts"},{"tfidf":"0.000181073904107","count":"78","ngram":"manhattan"},{"tfidf":"0.000175975953501","count":"121","ngram":"securities"},{"tfidf":"0.000175010581055","count":"73","ngram":"holder"},{"tfidf":"0.00017410954548","count":"82","ngram":"vouchers"},{"tfidf":"0.000174066001599","count":"154","ngram":"aids"},{"tfidf":"0.000170323898577","count":"90","ngram":"abortions"},{"tfidf":"0.000158931986471","count":"262","ngram":"courts"},{"tfidf":"0.000158485920159","count":"60","ngram":"amtrak"},{"tfidf":"0.000156264517885","count":"106","ngram":"unconstitutional"},{"tfidf":"0.000152589538427","count":"181","ngram":"judicial"},{"tfidf":"0.000152369176482","count":"62","ngram":"paragraphs"},{"tfidf":"0.000151649642615","count":"268","ngram":"adding"},{"tfidf":"0.000148839471969","count":"88","ngram":"proceeding"},{"tfidf":"0.000147430837103","count":"603","ngram":"case"},{"tfidf":"0.000144270325291","count":"130","ngram":"filing"},{"tfidf":"0.000144257847636","count":"70","ngram":"deposit"},{"tfidf":"0.000143269569507","count":"205","ngram":"ought"},{"tfidf":"0.000141672607608","count":"699","ngram":"york"},{"tfidf":"0.000141004236096","count":"77","ngram":"u.s.c."},{"tfidf":"0.000135056307276","count":"168","ngram":"terrorists"},{"tfidf":"0.000132389198432","count":"84","ngram":"notwithstanding"},{"tfidf":"0.000130835807118","count":"562","ngram":"rights"},{"tfidf":"0.000130030622539","count":"232","ngram":"supreme"},{"tfidf":"0.000129206414846","count":"99","ngram":"applicable"},{"tfidf":"0.000126148220003","count":"65","ngram":"transaction"},{"tfidf":"0.00012470366716","count":"103","ngram":"liberties"},{"tfidf":"0.000121173616341","count":"120","ngram":"soviet"},{"tfidf":"0.000120432099947","count":"195","ngram":"notice"},{"tfidf":"0.000120000192718","count":"312","ngram":"housing"},{"tfidf":"0.000118439084724","count":"304","ngram":"date"},{"tfidf":"0.000117935485196","count":"80","ngram":"spouse"},{"tfidf":"0.000117867407902","count":"162","ngram":"judiciary"},{"tfidf":"0.000111472228563","count":"172","ngram":"arts"},{"tfidf":"0.000110081417786","count":"113","ngram":"discrimination"},{"tfidf":"0.000109336453584","count":"288","ngram":"property"},{"tfidf":"0.000108520507583","count":"136","ngram":"card"},{"tfidf":"0.000108200748226","count":"66","ngram":"refugees"},{"tfidf":"0.000108124922165","count":"383","ngram":"says"},{"tfidf":"0.000107043859555","count":"93","ngram":"sexual"},{"tfidf":"0.000106184730431","count":"109","ngram":"religion"},{"tfidf":"0.000105470942691","count":"64","ngram":"lease"},{"tfidf":"0.000104162097367","count":"220","ngram":"claim"},{"tfidf":"0.000102840071928","count":"158","ngram":"gentlewoman"},{"tfidf":"0.00010109807523","count":"154","ngram":"substitute"},{"tfidf":"0.000100405569694","count":"138","ngram":"crimes"},{"tfidf":"9.78794055329e-05","count":"189","ngram":"violence"},{"tfidf":"9.76135078506e-05","count":"175","ngram":"terrorism"},{"tfidf":"9.75687474229e-05","count":"132","ngram":"filed"},{"tfidf":"9.48831744152e-05","count":"273","ngram":"agreement"},{"tfidf":"9.38816245162e-05","count":"78","ngram":"fbi"},{"tfidf":"9.32810377968e-05","count":"254","ngram":"constitution"},{"tfidf":"9.23750403838e-05","count":"72","ngram":"sue"},{"tfidf":"9.18605253562e-05","count":"182","ngram":"constitutional"},{"tfidf":"9.07202783817e-05","count":"108","ngram":"iii"},{"tfidf":"9.06524930269e-05","count":"259","ngram":"civil"},{"tfidf":"9.02918585986e-05","count":"143","ngram":"terrorist"},{"tfidf":"8.93725869022e-05","count":"161","ngram":"contract"},{"tfidf":"8.7558384584e-05","count":"475","ngram":"following"},{"tfidf":"8.68310420692e-05","count":"73","ngram":"damages"},{"tfidf":"8.64960774299e-05","count":"68","ngram":"discharge"},{"tfidf":"8.61185758048e-05","count":"168","ngram":"evidence"},{"tfidf":"8.57227501746e-05","count":"235","ngram":"cases"},{"tfidf":"8.54563505211e-05","count":"71","ngram":"disclosure"},{"tfidf":"8.51197901418e-05","count":"362","ngram":"credit"},{"tfidf":"8.47679945379e-05","count":"1012","ngram":"1"},{"tfidf":"8.45477053126e-05","count":"84","ngram":"gun"},{"tfidf":"8.41682472059e-05","count":"125","ngram":"except"},{"tfidf":"8.37122518468e-05","count":"132","ngram":"nuclear"},{"tfidf":"8.36421046643e-05","count":"74","ngram":"epa"},{"tfidf":"8.28461169207e-05","count":"291","ngram":"period"},{"tfidf":"8.2709310665e-05","count":"71","ngram":"murder"},{"tfidf":"8.22059089059e-05","count":"65","ngram":"rail"}]}}]},"resOptions":{}},"level":"info","message":"Service(s) calling finished. undefined","timestamp":"2014-06-03T04:17:10.322Z"}
{"logger":{"file":"test.log","level":"info"},"level":"info","message":"connect-rest has been configured. ","timestamp":"2014-06-03T04:17:53.300Z"}
{"logger":{"file":"test.log","level":"info"},"level":"info","message":"connect-rest has been configured. ","timestamp":"2014-06-03T04:19:03.410Z"}
{"level":"info","message":"Incoming request. { host: 'project-livec9c392e270cd.rhcloud.com',\n  'cache-control': 'max-age=0',\n  accept: 'text/html,application/xhtml+xml,application/xml;q=0.9,image/webp,*/*;q=0.8',\n  'user-agent': 'Mozilla/5.0 (Macintosh; Intel Mac OS X 10_9_3) AppleWebKit/537.36 (KHTML, like Gecko) Chrome/35.0.1916.114 Safari/537.36',\n  'accept-language': 'en-US,en;q=0.8',\n  cookie: 'optimizelyEndUserId=oeu1401283293102r0.7142860956955701; optimizelySegments=%7B%7D; optimizelyBuckets=%7B%7D; ajs_group_id=null; ajs_user_id=454074; _sio=e7449a94-4aba-4dac-8b11-7d5771915093----454074',\n  'x-forwarded-proto': 'http',\n  'x-region': 'usw',\n  'x-forwarded-for': '74.73.240.140, 23.251.148.106',\n  'x-forwarded-port': '80',\n  'x-request-start': 't=1401769149605061',\n  'x-client-ip': '23.251.148.106',\n  'x-forwarded-host': 'project-livec9c392e270cd.rhcloud.com',\n  'x-forwarded-server': 'localhost',\n  connection: 'Keep-Alive' } {} 1.1 GET /civic2/","timestamp":"2014-06-03T04:19:09.616Z"}
{"0":{"contentType":"application/json","result":{"demographics":[],"legislators":[{"website":"http://www.gillibrand.senate.gov","fax":"202-225-1168","govtrack_id":"412223","firstname":"Kirsten","chamber":"senate","middlename":"E.","lastname":"Gillibrand","congress_office":"478 Russell Senate Office Building","eventful_id":[],"phone":"202-224-4451","webform":"http://www.gillibrand.senate.gov/contact/","youtube_url":"http://youtube.com/KirstenEGillibrand","nickname":[],"gender":"F","district":"Junior Seat","title":"Sen","congresspedia_url":"http://www.opencongress.org/wiki/Kirsten_Gillibrand","in_office":"True","senate_class":"I","name_suffix":[],"twitter_id":[],"birthdate":"1966-12-09","bioguide_id":"G000555","fec_id":"H6NY20167","state":"NY","crp_id":"N00027658","official_rss":[],"facebook_id":[],"party":"D","email":[],"votesmart_id":"65147","votes":{"objects":[{"created":"2007-01-04T12:32:00","id":"25355613","option":{"id":"374115","key":"P","value":"Present","vote":"55432"},"person":{"bioguideid":"G000555","birthday":"1966-12-09","cspanid":"1022862","firstname":"Kirsten","gender":"female","gender_label":"Female","id":"412223","lastname":"Gillibrand","link":"https://www.govtrack.us/congress/members/kirsten_gillibrand/412223","middlename":"E.","name":"Sen. Kirsten Gillibrand [D-NY]","namemod":[],"nickname":[],"osid":"N00027658","pvsid":"65147","sortname":"Gillibrand, Kirsten (Sen.) [D-NY]","twitterid":null,"youtubeid":"KirstenEGillibrand"},"vote":{"category":"unknown","category_label":"Unknown Category","chamber":"house","chamber_label":"House","congress":"110","created":"2007-01-04T12:32:00","id":"55432","link":"https://www.govtrack.us/congress/votes/110-2007/h1","missing_data":"False","number":"1","question":"Call by States: QUORUM","question_details":null,"related_amendment":null,"related_bill":null,"required":"QUORUM","result":"Passed","session":"2007","source":"house","source_label":"house.gov","total_minus":"0","total_other":"435","total_plus":"0","vote_type":"Call by States"},"voter_type":"member","voter_type_label":"Member of Congress"},{"created":"2007-01-04T13:44:00","id":"25169218","option":{"id":"371926","key":"Pelosi","value":"Pelosi","vote":"55121"},"person":{"bioguideid":"G000555","birthday":"1966-12-09","cspanid":"1022862","firstname":"Kirsten","gender":"female","gender_label":"Female","id":"412223","lastname":"Gillibrand","link":"https://www.govtrack.us/congress/members/kirsten_gillibrand/412223","middlename":"E.","name":"Sen. Kirsten Gillibrand [D-NY]","namemod":[],"nickname":[],"osid":"N00027658","pvsid":"65147","sortname":"Gillibrand, Kirsten (Sen.) [D-NY]","twitterid":null,"youtubeid":"KirstenEGillibrand"},"vote":{"category":"procedural","category_label":"Procedural","chamber":"house","chamber_label":"House","congress":"110","created":"2007-01-04T13:44:00","id":"55121","link":"https://www.govtrack.us/congress/votes/110-2007/h2","missing_data":"False","number":"2","question":"Election of the Speaker","question_details":null,"related_amendment":null,"related_bill":null,"required":"1/2","result":"Pelosi","session":"2007","source":"house","source_label":"house.gov","total_minus":"0","total_other":"435","total_plus":"0","vote_type":"Election of the Speaker"},"voter_type":"member","voter_type_label":"Member of Congress"},{"created":"2007-01-04T16:30:00","id":"25046833","option":{"id":"370509","key":"+","value":"Yea","vote":"54914"},"person":{"bioguideid":"G000555","birthday":"1966-12-09","cspanid":"1022862","firstname":"Kirsten","gender":"female","gender_label":"Female","id":"412223","lastname":"Gillibrand","link":"https://www.govtrack.us/congress/members/kirsten_gillibrand/412223","middlename":"E.","name":"Sen. Kirsten Gillibrand [D-NY]","namemod":[],"nickname":[],"osid":"N00027658","pvsid":"65147","sortname":"Gillibrand, Kirsten (Sen.) [D-NY]","twitterid":null,"youtubeid":"KirstenEGillibrand"},"vote":{"category":"procedural","category_label":"Procedural","chamber":"house","chamber_label":"House","congress":"110","created":"2007-01-04T16:30:00","id":"54914","link":"https://www.govtrack.us/congress/votes/110-2007/h3","missing_data":"False","number":"3","question":"On Ordering the Previous Question: H RES 5 Providing for the consideration of H. Res. 6, adopting the Rules of the House of Representatives for the One Hundred Tenth Congress","question_details":null,"related_amendment":null,"related_bill":"145434","required":"1/2","result":"Passed","session":"2007","source":"house","source_label":"house.gov","total_minus":"197","total_other":"16","total_plus":"222","vote_type":"On Ordering the Previous Question"},"voter_type":"member","voter_type_label":"Member of Congress"},{"created":"2007-01-04T16:50:00","id":"25022440","option":{"id":"370222","key":"-","value":"Nay","vote":"54862"},"person":{"bioguideid":"G000555","birthday":"1966-12-09","cspanid":"1022862","firstname":"Kirsten","gender":"female","gender_label":"Female","id":"412223","lastname":"Gillibrand","link":"https://www.govtrack.us/congress/members/kirsten_gillibrand/412223","middlename":"E.","name":"Sen. Kirsten Gillibrand [D-NY]","namemod":[],"nickname":[],"osid":"N00027658","pvsid":"65147","sortname":"Gillibrand, Kirsten (Sen.) [D-NY]","twitterid":null,"youtubeid":"KirstenEGillibrand"},"vote":{"category":"procedural","category_label":"Procedural","chamber":"house","chamber_label":"House","congress":"110","created":"2007-01-04T16:50:00","id":"54862","link":"https://www.govtrack.us/congress/votes/110-2007/h4","missing_data":"False","number":"4","question":"On Motion to Commit with Instructions: H RES 5 Providing for the consideration of H. Res. 6, adopting the Rules of the House of Representatives for the One Hundred Tenth Congress","question_details":null,"related_amendment":null,"related_bill":"145434","required":"1/2","result":"Failed","session":"2007","source":"house","source_label":"house.gov","total_minus":"232","total_other":"3","total_plus":"199","vote_type":"On Motion to Commit"},"voter_type":"member","voter_type_label":"Member of Congress"},{"created":"2007-01-04T17:10:00","id":"25172161","option":{"id":"371957","key":"+","value":"Yea","vote":"55130"},"person":{"bioguideid":"G000555","birthday":"1966-12-09","cspanid":"1022862","firstname":"Kirsten","gender":"female","gender_label":"Female","id":"412223","lastname":"Gillibrand","link":"https://www.govtrack.us/congress/members/kirsten_gillibrand/412223","middlename":"E.","name":"Sen. Kirsten Gillibrand [D-NY]","namemod":[],"nickname":[],"osid":"N00027658","pvsid":"65147","sortname":"Gillibrand, Kirsten (Sen.) [D-NY]","twitterid":null,"youtubeid":"KirstenEGillibrand"},"vote":{"category":"passage","category_label":"Passage","chamber":"house","chamber_label":"House","congress":"110","created":"2007-01-04T17:10:00","id":"55130","link":"https://www.govtrack.us/congress/votes/110-2007/h5","missing_data":"False","number":"5","question":"H.Res. 5 (110th): Providing for the consideration of the resolution (H. Res. ... (On the Resolution)","question_details":null,"related_amendment":null,"related_bill":"145434","required":"1/2","result":"Passed","session":"2007","source":"house","source_label":"house.gov","total_minus":"195","total_other":"4","total_plus":"235","vote_type":"On the Resolution"},"voter_type":"member","voter_type_label":"Member of Congress"}]},"bills":[],"words":{"response":[{"tfidf":"0.00164044506709","count":"22","ngram":"sojourner"},{"tfidf":"0.00150617435333","count":"28","ngram":"upstate"},{"tfidf":"0.0014161771038","count":"9","ngram":"oetken"},{"tfidf":"0.00125093548069","count":"14","ngram":"placid"},{"tfidf":"0.00108625024603","count":"16","ngram":"chin"},{"tfidf":"0.000834829545888","count":"11","ngram":"haiti's"},{"tfidf":"0.00078345550163","count":"7","ngram":"adirondack"},{"tfidf":"0.000722629256208","count":"7","ngram":"3407"},{"tfidf":"0.000720731297076","count":"10","ngram":"sotomayor"},{"tfidf":"0.000681742063356","count":"14","ngram":"mikulski"},{"tfidf":"0.00064850515203","count":"8","ngram":"sotomayor's"},{"tfidf":"0.000588356753431","count":"16","ngram":"york's"},{"tfidf":"0.000585391827068","count":"16","ngram":"reproductive"},{"tfidf":"0.000559927249602","count":"10","ngram":"yorkers"},{"tfidf":"0.000555720112702","count":"12","ngram":"autism"},{"tfidf":"0.000538994411479","count":"8","ngram":"kagan"},{"tfidf":"0.000533644294353","count":"7","ngram":"gillibrand"},{"tfidf":"0.000506471946992","count":"8","ngram":"elena"},{"tfidf":"0.000427134090602","count":"6","ngram":"fordham"},{"tfidf":"0.000400107192165","count":"9","ngram":"solicitor"},{"tfidf":"0.000393960141031","count":"18","ngram":"gender"},{"tfidf":"0.00038775366424","count":"17","ngram":"nomination"},{"tfidf":"0.000387370144212","count":"8","ngram":"toxins"},{"tfidf":"0.000385906534142","count":"146","ngram":"york"},{"tfidf":"0.000367044150194","count":"18","ngram":"ray"},{"tfidf":"0.000365657836777","count":"6","ngram":"yorker"},{"tfidf":"0.000364028112274","count":"10","ngram":"hudson"},{"tfidf":"0.000358735403012","count":"17","ngram":"olympic"},{"tfidf":"0.000346547270305","count":"15","ngram":"warren"},{"tfidf":"0.000345696454755","count":"6","ngram":"bullying"},{"tfidf":"0.000334002925193","count":"44","ngram":"judge"},{"tfidf":"0.000333471673324","count":"9","ngram":"eleanor"},{"tfidf":"0.000325714610504","count":"6","ngram":"mcnulty"},{"tfidf":"0.000322092435573","count":"10","ngram":"buffalo"},{"tfidf":"0.000316136917996","count":"12","ngram":"haiti"},{"tfidf":"0.000309525803114","count":"8","ngram":"amt"},{"tfidf":"0.000302457649012","count":"14","ngram":"kevin"},{"tfidf":"0.000282633271917","count":"23","ngram":"lake"},{"tfidf":"0.000279395917708","count":"6","ngram":"desiring"},{"tfidf":"0.000275581453736","count":"8","ngram":"rescinded"},{"tfidf":"0.000275116086609","count":"12","ngram":"hunting"},{"tfidf":"0.000274826838175","count":"6","ngram":"conceal"},{"tfidf":"0.000269378322256","count":"18","ngram":"equality"},{"tfidf":"0.000260590216501","count":"17","ngram":"quorum"},{"tfidf":"0.000255477643044","count":"9","ngram":"ny"},{"tfidf":"0.000252900431089","count":"7","ngram":"vernon"},{"tfidf":"0.000240848541162","count":"26","ngram":"women's"},{"tfidf":"0.000239334308833","count":"7","ngram":"stupak"},{"tfidf":"0.000232285801211","count":"7","ngram":"gay"},{"tfidf":"0.000226821572324","count":"24","ngram":"engineering"},{"tfidf":"0.000226645790335","count":"9","ngram":"discriminatory"},{"tfidf":"0.000225967325814","count":"8","ngram":"orientation"},{"tfidf":"0.00022311156744","count":"16","ngram":"yea"},{"tfidf":"0.000222878152464","count":"6","ngram":"rider"},{"tfidf":"0.000219877546136","count":"8","ngram":"confirmation"},{"tfidf":"0.000210472867811","count":"124","ngram":"women"},{"tfidf":"0.0002036651769","count":"12","ngram":"circuit"},{"tfidf":"0.000201896987021","count":"11","ngram":"obama"},{"tfidf":"0.000198610058142","count":"18","ngram":"girls"},{"tfidf":"0.000198607625097","count":"6","ngram":"justices"},{"tfidf":"0.000193391361952","count":"153","ngram":"health"},{"tfidf":"0.000189070563334","count":"7","ngram":"harassment"},{"tfidf":"0.000186836796669","count":"44","ngram":"insurance"},{"tfidf":"0.000180711121438","count":"13","ngram":"roosevelt"},{"tfidf":"0.000174280805463","count":"39","ngram":"court"},{"tfidf":"0.000173729928122","count":"6","ngram":"simpson"},{"tfidf":"0.000170741370675","count":"6","ngram":"dairy"},{"tfidf":"0.000164638459479","count":"7","ngram":"chemicals"},{"tfidf":"0.000163984654355","count":"27","ngram":"coverage"},{"tfidf":"0.000162967022727","count":"7","ngram":"cleaner"},{"tfidf":"0.000157875307858","count":"52","ngram":"rights"},{"tfidf":"0.000156676203689","count":"15","ngram":"missing"},{"tfidf":"0.000156497732197","count":"12","ngram":"hate"},{"tfidf":"0.00015396480008","count":"12","ngram":"harbor"},{"tfidf":"0.000152502654267","count":"5","ngram":"1932"},{"tfidf":"0.000152035175773","count":"15","ngram":"senators"},{"tfidf":"0.000150306973848","count":"15","ngram":"blood"},{"tfidf":"0.000149412211104","count":"16","ngram":"roll"},{"tfidf":"0.000148082894457","count":"6","ngram":"faa"},{"tfidf":"0.000145907381064","count":"23","ngram":"truth"},{"tfidf":"0.000145888055862","count":"9","ngram":"fishing"},{"tfidf":"0.0001454037826","count":"7","ngram":"preventive"},{"tfidf":"0.000142826771403","count":"8","ngram":"abortion"},{"tfidf":"0.000142328063946","count":"15","ngram":"crimes"},{"tfidf":"0.000137547473708","count":"19","ngram":"objection"},{"tfidf":"0.000136153148242","count":"6","ngram":"inspectors"},{"tfidf":"0.000135365766355","count":"18","ngram":"ordered"},{"tfidf":"0.000134577704308","count":"7","ngram":"russian"},{"tfidf":"0.000131859513524","count":"9","ngram":"p.m."},{"tfidf":"0.00013110247649","count":"25","ngram":"products"},{"tfidf":"0.000126719394007","count":"7","ngram":"mount"},{"tfidf":"0.000126706592677","count":"27","ngram":"woman"},{"tfidf":"0.000126612495181","count":"6","ngram":"transform"},{"tfidf":"0.000125321467275","count":"7","ngram":"responders"},{"tfidf":"0.000124874774963","count":"12","ngram":"2007"},{"tfidf":"0.000124625954648","count":"7","ngram":"clinics"},{"tfidf":"0.000123646073976","count":"37","ngram":"unanimous"},{"tfidf":"0.000123408537643","count":"116","ngram":"care"},{"tfidf":"0.000120092707379","count":"6","ngram":"recruiting"},{"tfidf":"0.000120085165925","count":"8","ngram":"sexual"}]}},{"website":"http://www.schumer.senate.gov","fax":"202-228-3027","govtrack_id":"300087","firstname":"Charles","chamber":"senate","middlename":"E.","lastname":"Schumer","congress_office":"322 Hart Senate Office Building","eventful_id":[],"phone":"202-224-6542","webform":"http://www.schumer.senate.gov/Contact/contact_chuck.cfm","youtube_url":"http://youtube.com/SenatorSchumer","nickname":"Chuck","gender":"M","district":"Senior Seat","title":"Sen","congresspedia_url":"http://www.opencongress.org/wiki/Charles_Schumer","in_office":"True","senate_class":"III","name_suffix":[],"twitter_id":"ChuckSchumer","birthdate":"1950-11-23","bioguide_id":"S000148","fec_id":"S8NY00082","state":"NY","crp_id":"N00001093","official_rss":[],"facebook_id":"15771239406","party":"D","email":[],"votesmart_id":"26976","votes":{"objects":[{"created":"2011-04-14T17:28:00","id":"28928451","option":{"id":"426374","key":"+","value":"Yea","vote":"3"},"person":{"bioguideid":"S000148","birthday":"1950-11-23","cspanid":"5929","firstname":"Charles","gender":"male","gender_label":"Male","id":"300087","lastname":"Schumer","link":"https://www.govtrack.us/congress/members/charles_schumer/300087","middlename":"E.","name":"Sen. Charles “Chuck” Schumer [D-NY]","namemod":[],"nickname":"Chuck","osid":"N00001093","pvsid":"26976","sortname":"Schumer, Charles “Chuck” (Sen.) [D-NY]","twitterid":"ChuckSchumer","youtubeid":"SenatorSchumer"},"vote":{"category":"passage","category_label":"Passage","chamber":"senate","chamber_label":"Senate","congress":"112","created":"2011-04-14T17:28:00","id":"3","link":"https://www.govtrack.us/congress/votes/112-2011/s61","missing_data":"False","number":"61","question":"H.R. 1473 (112th): Department of Defense and Full-Year Continuing Appropriations Act, 2011 (On Passage of the Bill)","question_details":null,"related_amendment":null,"related_bill":"73164","required":"3/5","result":"Bill Passed","session":"2011","source":"senate","source_label":"senate.gov","total_minus":"19","total_other":"0","total_plus":"81","vote_type":"On Passage of the Bill"},"voter_type":"member","voter_type_label":"Member of Congress"},{"created":"2011-05-23T17:01:00","id":"28935120","option":{"id":"426442","key":"+","value":"Yea","vote":"15"},"person":{"bioguideid":"S000148","birthday":"1950-11-23","cspanid":"5929","firstname":"Charles","gender":"male","gender_label":"Male","id":"300087","lastname":"Schumer","link":"https://www.govtrack.us/congress/members/charles_schumer/300087","middlename":"E.","name":"Sen. Charles “Chuck” Schumer [D-NY]","namemod":[],"nickname":"Chuck","osid":"N00001093","pvsid":"26976","sortname":"Schumer, Charles “Chuck” (Sen.) [D-NY]","twitterid":"ChuckSchumer","youtubeid":"SenatorSchumer"},"vote":{"category":"cloture","category_label":"Cloture","chamber":"senate","chamber_label":"Senate","congress":"112","created":"2011-05-23T17:01:00","id":"15","link":"https://www.govtrack.us/congress/votes/112-2011/s75","missing_data":"False","number":"75","question":"On Cloture on the Motion to Proceed S. 1038","question_details":null,"related_amendment":null,"related_bill":"75973","required":"3/5","result":"Cloture on the Motion to Proceed Agreed to","session":"2011","source":"senate","source_label":"senate.gov","total_minus":"8","total_other":"18","total_plus":"74","vote_type":"On the Cloture Motion"},"voter_type":"member","voter_type_label":"Member of Congress"},{"created":"2011-02-02T18:05:00","id":"28935248","option":{"id":"426447","key":"-","value":"Nay","vote":"16"},"person":{"bioguideid":"S000148","birthday":"1950-11-23","cspanid":"5929","firstname":"Charles","gender":"male","gender_label":"Male","id":"300087","lastname":"Schumer","link":"https://www.govtrack.us/congress/members/charles_schumer/300087","middlename":"E.","name":"Sen. Charles “Chuck” Schumer [D-NY]","namemod":[],"nickname":"Chuck","osid":"N00001093","pvsid":"26976","sortname":"Schumer, Charles “Chuck” (Sen.) [D-NY]","twitterid":"ChuckSchumer","youtubeid":"SenatorSchumer"},"vote":{"category":"procedural","category_label":"Procedural","chamber":"senate","chamber_label":"Senate","congress":"112","created":"2011-02-02T18:05:00","id":"16","link":"https://www.govtrack.us/congress/votes/112-2011/s9","missing_data":"False","number":"9","question":"On the Motion (Motion to Waive All Applicable Budgetary Discipline Re: McConnell Amdt. No. 13)","question_details":null,"related_amendment":null,"related_bill":"71462","required":"3/5","result":"Motion Rejected","session":"2011","source":"senate","source_label":"senate.gov","total_minus":"51","total_other":"2","total_plus":"47","vote_type":"On the Motion"},"voter_type":"member","voter_type_label":"Member of Congress"},{"created":"2011-04-05T12:37:00","id":"28936220","option":{"id":"426459","key":"-","value":"Nay","vote":"18"},"person":{"bioguideid":"S000148","birthday":"1950-11-23","cspanid":"5929","firstname":"Charles","gender":"male","gender_label":"Male","id":"300087","lastname":"Schumer","link":"https://www.govtrack.us/congress/members/charles_schumer/300087","middlename":"E.","name":"Sen. Charles “Chuck” Schumer [D-NY]","namemod":[],"nickname":"Chuck","osid":"N00001093","pvsid":"26976","sortname":"Schumer, Charles “Chuck” (Sen.) [D-NY]","twitterid":"ChuckSchumer","youtubeid":"SenatorSchumer"},"vote":{"category":"passage","category_label":"Passage","chamber":"senate","chamber_label":"Senate","congress":"112","created":"2011-04-05T12:37:00","id":"18","link":"https://www.govtrack.us/congress/votes/112-2011/s49","missing_data":"False","number":"49","question":"H.R. 4 (112th): Comprehensive 1099 Taxpayer Protection and Repayment of Exchange Subsidy ... (On Passage of the Bill)","question_details":null,"related_amendment":null,"related_bill":"69179","required":"3/5","result":"Bill Passed","session":"2011","source":"senate","source_label":"senate.gov","total_minus":"12","total_other":"1","total_plus":"87","vote_type":"On Passage of the Bill"},"voter_type":"member","voter_type_label":"Member of Congress"},{"created":"2011-03-16T11:02:00","id":"28937597","option":{"id":"426474","key":"+","value":"Yea","vote":"21"},"person":{"bioguideid":"S000148","birthday":"1950-11-23","cspanid":"5929","firstname":"Charles","gender":"male","gender_label":"Male","id":"300087","lastname":"Schumer","link":"https://www.govtrack.us/congress/members/charles_schumer/300087","middlename":"E.","name":"Sen. Charles “Chuck” Schumer [D-NY]","namemod":[],"nickname":"Chuck","osid":"N00001093","pvsid":"26976","sortname":"Schumer, Charles “Chuck” (Sen.) [D-NY]","twitterid":"ChuckSchumer","youtubeid":"SenatorSchumer"},"vote":{"category":"amendment","category_label":"Amendment","chamber":"senate","chamber_label":"Senate","congress":"112","created":"2011-03-16T11:02:00","id":"21","link":"https://www.govtrack.us/congress/votes/112-2011/s42","missing_data":"False","number":"42","question":"On the Amendment S.Amdt. 193 to S. 493 (SBIR/STTR Reauthorization Act of 2011)","question_details":null,"related_amendment":null,"related_bill":"76250","required":"1/2","result":"Amendment Agreed to","session":"2011","source":"senate","source_label":"senate.gov","total_minus":"0","total_other":"1","total_plus":"99","vote_type":"On the Amendment"},"voter_type":"member","voter_type_label":"Member of Congress"}]},"bills":[],"words":{"response":[{"tfidf":"0.000419023222356","count":"296","ngram":"ethanol"},{"tfidf":"0.000393125049623","count":"249","ngram":"nominees"},{"tfidf":"0.000301440578552","count":"114","ngram":"yorkers"},{"tfidf":"0.000284567104628","count":"216","ngram":"nominee"},{"tfidf":"0.000276466950358","count":"446","ngram":"gun"},{"tfidf":"0.000241183419489","count":"402","ngram":"judges"},{"tfidf":"0.000229796586316","count":"133","ngram":"filibuster"},{"tfidf":"0.000217582327637","count":"202","ngram":"nomination"},{"tfidf":"0.000215803927808","count":"602","ngram":"judge"},{"tfidf":"0.000204288511241","count":"96","ngram":"moynihan"},{"tfidf":"0.000196759000334","count":"130","ngram":"brooklyn"},{"tfidf":"0.000188272657479","count":"229","ngram":"guns"},{"tfidf":"0.000175073476275","count":"91","ngram":"leahy"},{"tfidf":"0.000168885487837","count":"1353","ngram":"york"},{"tfidf":"0.000166489054267","count":"148","ngram":"bench"},{"tfidf":"0.000165612906878","count":"346","ngram":"senators"},{"tfidf":"0.000162676664675","count":"100","ngram":"rescinded"},{"tfidf":"0.000157222137472","count":"138","ngram":"mainstream"},{"tfidf":"0.000147674195143","count":"204","ngram":"quorum"},{"tfidf":"0.0001446458","count":"105","ngram":"patent"},{"tfidf":"0.000137013791117","count":"104","ngram":"reid"},{"tfidf":"0.000135264029136","count":"502","ngram":"oil"},{"tfidf":"0.000126551674244","count":"103","ngram":"ideological"},{"tfidf":"0.000115223975115","count":"546","ngram":"court"},{"tfidf":"0.000114211338888","count":"179","ngram":"bankruptcy"},{"tfidf":"0.000111899575898","count":"690","ngram":"consent"},{"tfidf":"0.000110628029276","count":"109","ngram":"middle-class"},{"tfidf":"0.000107518678635","count":"239","ngram":"views"},{"tfidf":"0.000104757623256","count":"192","ngram":"mortgage"},{"tfidf":"0.000104431443031","count":"304","ngram":"terrorism"},{"tfidf":"0.000103695521725","count":"156","ngram":"gasoline"},{"tfidf":"0.000102736521108","count":"651","ngram":"unanimous"},{"tfidf":"9.73807502119e-05","count":"181","ngram":"conservative"},{"tfidf":"9.50137919511e-05","count":"282","ngram":"bottom"},{"tfidf":"9.49244916264e-05","count":"227","ngram":"homeland"},{"tfidf":"9.39440220289e-05","count":"307","ngram":"iraq"},{"tfidf":"9.29560957609e-05","count":"238","ngram":"nuclear"},{"tfidf":"9.26377479663e-05","count":"106","ngram":"loophole"},{"tfidf":"8.95256246516e-05","count":"875","ngram":"side"},{"tfidf":"8.91884812115e-05","count":"293","ngram":"doesn't"},{"tfidf":"8.88524112524e-05","count":"240","ngram":"attorney"},{"tfidf":"8.87216750832e-05","count":"198","ngram":"judiciary"},{"tfidf":"8.81329321278e-05","count":"911","ngram":"colleague"},{"tfidf":"8.51482755214e-05","count":"164","ngram":"judicial"},{"tfidf":"8.44912924941e-05","count":"132","ngram":"breaks"},{"tfidf":"8.39306391788e-05","count":"195","ngram":"ought"},{"tfidf":"8.15785425416e-05","count":"268","ngram":"maybe"},{"tfidf":"8.01494954019e-05","count":"100","ngram":"circuit"},{"tfidf":"8.00528682794e-05","count":"115","ngram":"iran"},{"tfidf":"7.91692597667e-05","count":"273","ngram":"prices"},{"tfidf":"7.91536003518e-05","count":"924","ngram":"tax"},{"tfidf":"7.6569784962e-05","count":"109","ngram":"truck"},{"tfidf":"7.55336700341e-05","count":"691","ngram":"debate"},{"tfidf":"7.54254052003e-05","count":"92","ngram":"jewish"},{"tfidf":"7.52485295762e-05","count":"121","ngram":"utah"},{"tfidf":"7.52132304748e-05","count":"92","ngram":"gallon"},{"tfidf":"7.40309647726e-05","count":"261","ngram":"let's"},{"tfidf":"7.32047830602e-05","count":"166","ngram":"border"},{"tfidf":"7.22282502389e-05","count":"93","ngram":"a.m."},{"tfidf":"7.17892499397e-05","count":"145","ngram":"terrorists"},{"tfidf":"6.97260159045e-05","count":"202","ngram":"supreme"},{"tfidf":"6.97109270429e-05","count":"160","ngram":"argument"},{"tfidf":"6.8309576908e-05","count":"300","ngram":"proposal"},{"tfidf":"6.74597276867e-05","count":"388","ngram":"says"},{"tfidf":"6.67135923672e-05","count":"90","ngram":"disclosure"},{"tfidf":"6.6585130773e-05","count":"438","ngram":"companies"},{"tfidf":"6.65563138089e-05","count":"240","ngram":"didn't"},{"tfidf":"6.63200834685e-05","count":"209","ngram":"bush"},{"tfidf":"6.57181129098e-05","count":"169","ngram":"compromise"},{"tfidf":"6.53262702008e-05","count":"137","ngram":"cents"},{"tfidf":"6.48295896595e-05","count":"352","ngram":"justice"},{"tfidf":"6.40762937717e-05","count":"97","ngram":"wealthy"},{"tfidf":"6.39601638237e-05","count":"223","ngram":"teachers"},{"tfidf":"6.36472749167e-05","count":"130","ngram":"sort"},{"tfidf":"6.27517661806e-05","count":"225","ngram":"view"},{"tfidf":"6.27313502147e-05","count":"205","ngram":"crime"},{"tfidf":"6.1876166675e-05","count":"137","ngram":"guess"},{"tfidf":"6.18308064781e-05","count":"279","ngram":"can't"},{"tfidf":"6.09401404612e-05","count":"136","ngram":"crimes"},{"tfidf":"6.05994864948e-05","count":"190","ngram":"violence"},{"tfidf":"6.05754371477e-05","count":"121","ngram":"judgment"},{"tfidf":"6.0574644156e-05","count":"1063","ngram":"law"},{"tfidf":"5.96777839667e-05","count":"194","ngram":"god"},{"tfidf":"5.8479775096e-05","count":"119","ngram":"card"},{"tfidf":"5.77375829406e-05","count":"674","ngram":"floor"},{"tfidf":"5.65966682837e-05","count":"111","ngram":"voters"},{"tfidf":"5.64091759698e-05","count":"91","ngram":"profits"},{"tfidf":"5.60426629166e-05","count":"387","ngram":"might"},{"tfidf":"5.57389443838e-05","count":"255","ngram":"amendments"},{"tfidf":"5.56787572061e-05","count":"181","ngram":"package"},{"tfidf":"5.54635948407e-05","count":"200","ngram":"seems"},{"tfidf":"5.54286845315e-05","count":"90","ngram":"hate"},{"tfidf":"5.48299048537e-05","count":"141","ngram":"terrorist"},{"tfidf":"5.47826147762e-05","count":"98","ngram":"math"},{"tfidf":"5.47386762666e-05","count":"1220","ngram":"going"},{"tfidf":"5.42949460622e-05","count":"538","ngram":"friend"},{"tfidf":"5.42436189054e-05","count":"229","ngram":"housing"},{"tfidf":"5.4120222821e-05","count":"997","ngram":"think"},{"tfidf":"5.36867035798e-05","count":"2933","ngram":"president"},{"tfidf":"5.32943766257e-05","count":"97","ngram":"arguments"}]}},{"website":"http://nadler.house.gov","fax":"202-225-6923","govtrack_id":"400289","firstname":"Jerrold","chamber":"house","middlename":"L.","lastname":"Nadler","congress_office":"2110 Rayburn House Office Building","eventful_id":[],"phone":"202-225-5635","webform":"http://nadler.house.gov/contact-me/newsletter","youtube_url":"http://youtube.com/congressmannadler","nickname":[],"gender":"M","district":"10","title":"Rep","congresspedia_url":"http://www.opencongress.org/wiki/Jerrold_Nadler","in_office":"True","senate_class":[],"name_suffix":[],"twitter_id":"RepJerryNadler","birthdate":"1947-06-13","bioguide_id":"N000002","fec_id":"H2NY17071","state":"NY","crp_id":"N00000939","official_rss":[],"facebook_id":"78291598977","party":"D","email":[],"votesmart_id":"26980","votes":{"objects":[{"created":"2011-03-16T17:49:00","id":"28927949","option":{"id":"426369","key":"0","value":"Not Voting","vote":"1"},"person":{"bioguideid":"N000002","birthday":"1947-06-13","cspanid":"26159","firstname":"Jerrold","gender":"male","gender_label":"Male","id":"400289","lastname":"Nadler","link":"https://www.govtrack.us/congress/members/jerrold_nadler/400289","middlename":"L.","name":"Rep. Jerrold Nadler [D-NY10]","namemod":[],"nickname":[],"osid":"N00000939","pvsid":"26980","sortname":"Nadler, Jerrold (Rep.) [D-NY10]","twitterid":"RepJerryNadler","youtubeid":"congressmannadler"},"vote":{"category":"amendment","category_label":"Amendment","chamber":"house","chamber_label":"House","congress":"112","created":"2011-03-16T17:49:00","id":"1","link":"https://www.govtrack.us/congress/votes/112-2011/h183","missing_data":"False","number":"183","question":"On Agreeing to the Amendment: Amendment 3 to H R 861","question_details":null,"related_amendment":null,"related_bill":"75622","required":"1/2","result":"Failed","session":"2011","source":"house","source_label":"house.gov","total_minus":"244","total_other":"5","total_plus":"183","vote_type":"On the Amendment"},"voter_type":"member","voter_type_label":"Member of Congress"},{"created":"2011-05-03T17:46:00","id":"28928066","option":{"id":"426370","key":"+","value":"Aye","vote":"2"},"person":{"bioguideid":"N000002","birthday":"1947-06-13","cspanid":"26159","firstname":"Jerrold","gender":"male","gender_label":"Male","id":"400289","lastname":"Nadler","link":"https://www.govtrack.us/congress/members/jerrold_nadler/400289","middlename":"L.","name":"Rep. Jerrold Nadler [D-NY10]","namemod":[],"nickname":[],"osid":"N00000939","pvsid":"26980","sortname":"Nadler, Jerrold (Rep.) [D-NY10]","twitterid":"RepJerryNadler","youtubeid":"congressmannadler"},"vote":{"category":"amendment","category_label":"Amendment","chamber":"house","chamber_label":"House","congress":"112","created":"2011-05-03T17:46:00","id":"2","link":"https://www.govtrack.us/congress/votes/112-2011/h283","missing_data":"False","number":"283","question":"On Agreeing to the Amendment: Amendment 3 to H R 1213","question_details":null,"related_amendment":null,"related_bill":"75991","required":"1/2","result":"Failed","session":"2011","source":"house","source_label":"house.gov","total_minus":"242","total_other":"10","total_plus":"180","vote_type":"On the Amendment"},"voter_type":"member","voter_type_label":"Member of Congress"},{"created":"2011-04-12T19:10:00","id":"28928699","option":{"id":"426378","key":"+","value":"Yea","vote":"4"},"person":{"bioguideid":"N000002","birthday":"1947-06-13","cspanid":"26159","firstname":"Jerrold","gender":"male","gender_label":"Male","id":"400289","lastname":"Nadler","link":"https://www.govtrack.us/congress/members/jerrold_nadler/400289","middlename":"L.","name":"Rep. Jerrold Nadler [D-NY10]","namemod":[],"nickname":[],"osid":"N00000939","pvsid":"26980","sortname":"Nadler, Jerrold (Rep.) [D-NY10]","twitterid":"RepJerryNadler","youtubeid":"congressmannadler"},"vote":{"category":"procedural","category_label":"Procedural","chamber":"house","chamber_label":"House","congress":"112","created":"2011-04-12T19:10:00","id":"4","link":"https://www.govtrack.us/congress/votes/112-2011/h256","missing_data":"False","number":"256","question":"On Approving the Journal: JOURNAL","question_details":null,"related_amendment":null,"related_bill":null,"required":"1/2","result":"Passed","session":"2011","source":"house","source_label":"house.gov","total_minus":"79","total_other":"28","total_plus":"325","vote_type":"On Approving the Journal"},"voter_type":"member","voter_type_label":"Member of Congress"},{"created":"2011-02-11T13:58:00","id":"28929239","option":{"id":"426386","key":"+","value":"Yea","vote":"5"},"person":{"bioguideid":"N000002","birthday":"1947-06-13","cspanid":"26159","firstname":"Jerrold","gender":"male","gender_label":"Male","id":"400289","lastname":"Nadler","link":"https://www.govtrack.us/congress/members/jerrold_nadler/400289","middlename":"L.","name":"Rep. Jerrold Nadler [D-NY10]","namemod":[],"nickname":[],"osid":"N00000939","pvsid":"26980","sortname":"Nadler, Jerrold (Rep.) [D-NY10]","twitterid":"RepJerryNadler","youtubeid":"congressmannadler"},"vote":{"category":"procedural","category_label":"Procedural","chamber":"house","chamber_label":"House","congress":"112","created":"2011-02-11T13:58:00","id":"5","link":"https://www.govtrack.us/congress/votes/112-2011/h34","missing_data":"False","number":"34","question":"On Approving the Journal: JOURNAL","question_details":null,"related_amendment":null,"related_bill":null,"required":"1/2","result":"Passed","session":"2011","source":"house","source_label":"house.gov","total_minus":"50","total_other":"39","total_plus":"344","vote_type":"On Approving the Journal"},"voter_type":"member","voter_type_label":"Member of Congress"},{"created":"2011-07-13T18:22:00","id":"28929555","option":{"id":"426390","key":"+","value":"Aye","vote":"6"},"person":{"bioguideid":"N000002","birthday":"1947-06-13","cspanid":"26159","firstname":"Jerrold","gender":"male","gender_label":"Male","id":"400289","lastname":"Nadler","link":"https://www.govtrack.us/congress/members/jerrold_nadler/400289","middlename":"L.","name":"Rep. Jerrold Nadler [D-NY10]","namemod":[],"nickname":[],"osid":"N00000939","pvsid":"26980","sortname":"Nadler, Jerrold (Rep.) [D-NY10]","twitterid":"RepJerryNadler","youtubeid":"congressmannadler"},"vote":{"category":"amendment","category_label":"Amendment","chamber":"house","chamber_label":"House","congress":"112","created":"2011-07-13T18:22:00","id":"6","link":"https://www.govtrack.us/congress/votes/112-2011/h571","missing_data":"False","number":"571","question":"On Agreeing to the Amendment: Amendment 1 to H R 2018","question_details":null,"related_amendment":null,"related_bill":"74164","required":"1/2","result":"Failed","session":"2011","source":"house","source_label":"house.gov","total_minus":"254","total_other":"10","total_plus":"167","vote_type":"On the Amendment"},"voter_type":"member","voter_type_label":"Member of Congress"}]},"bills":[],"words":{"response":[{"tfidf":"0.00271804264645","count":"643","ngram":"debtor"},{"tfidf":"0.00111592656157","count":"575","ngram":"inserting"},{"tfidf":"0.000803054747247","count":"536","ngram":"paragraph"},{"tfidf":"0.000797755831536","count":"134","ngram":"debtor's"},{"tfidf":"0.000626111285822","count":"144","ngram":"creditor"},{"tfidf":"0.000565231276452","count":"471","ngram":"striking"},{"tfidf":"0.000495159375615","count":"61","ngram":"hopwa"},{"tfidf":"0.000490039974093","count":"473","ngram":"bankruptcy"},{"tfidf":"0.000437580835735","count":"169","ngram":"subparagraph"},{"tfidf":"0.000399823991508","count":"94","ngram":"debtors"},{"tfidf":"0.000378257401661","count":"145","ngram":"creditors"},{"tfidf":"0.000358144688803","count":"639","ngram":"amended"},{"tfidf":"0.000333386197369","count":"107","ngram":"nea"},{"tfidf":"0.000330879677297","count":"183","ngram":"trustee"},{"tfidf":"0.000329297000303","count":"961","ngram":"court"},{"tfidf":"0.000303662833967","count":"631","ngram":"code"},{"tfidf":"0.000290225072615","count":"212","ngram":"abortion"},{"tfidf":"0.000275729961657","count":"985","ngram":"title"},{"tfidf":"0.000255484966185","count":"87","ngram":"container"},{"tfidf":"0.000243839754388","count":"926","ngram":"11"},{"tfidf":"0.000236591623679","count":"118","ngram":"jews"},{"tfidf":"0.000232546579486","count":"146","ngram":"petition"},{"tfidf":"0.000225960268602","count":"75","ngram":"nadler"},{"tfidf":"0.000222310753918","count":"167","ngram":"jewish"},{"tfidf":"0.000221985104067","count":"344","ngram":"religious"},{"tfidf":"0.000217681095032","count":"239","ngram":"israel"},{"tfidf":"0.000204841343534","count":"323","ngram":"chapter"},{"tfidf":"0.000200689375894","count":"127","ngram":"debts"},{"tfidf":"0.000181073904107","count":"78","ngram":"manhattan"},{"tfidf":"0.000175975953501","count":"121","ngram":"securities"},{"tfidf":"0.000175010581055","count":"73","ngram":"holder"},{"tfidf":"0.00017410954548","count":"82","ngram":"vouchers"},{"tfidf":"0.000174066001599","count":"154","ngram":"aids"},{"tfidf":"0.000170323898577","count":"90","ngram":"abortions"},{"tfidf":"0.000158931986471","count":"262","ngram":"courts"},{"tfidf":"0.000158485920159","count":"60","ngram":"amtrak"},{"tfidf":"0.000156264517885","count":"106","ngram":"unconstitutional"},{"tfidf":"0.000152589538427","count":"181","ngram":"judicial"},{"tfidf":"0.000152369176482","count":"62","ngram":"paragraphs"},{"tfidf":"0.000151649642615","count":"268","ngram":"adding"},{"tfidf":"0.000148839471969","count":"88","ngram":"proceeding"},{"tfidf":"0.000147430837103","count":"603","ngram":"case"},{"tfidf":"0.000144270325291","count":"130","ngram":"filing"},{"tfidf":"0.000144257847636","count":"70","ngram":"deposit"},{"tfidf":"0.000143269569507","count":"205","ngram":"ought"},{"tfidf":"0.000141672607608","count":"699","ngram":"york"},{"tfidf":"0.000141004236096","count":"77","ngram":"u.s.c."},{"tfidf":"0.000135056307276","count":"168","ngram":"terrorists"},{"tfidf":"0.000132389198432","count":"84","ngram":"notwithstanding"},{"tfidf":"0.000130835807118","count":"562","ngram":"rights"},{"tfidf":"0.000130030622539","count":"232","ngram":"supreme"},{"tfidf":"0.000129206414846","count":"99","ngram":"applicable"},{"tfidf":"0.000126148220003","count":"65","ngram":"transaction"},{"tfidf":"0.00012470366716","count":"103","ngram":"liberties"},{"tfidf":"0.000121173616341","count":"120","ngram":"soviet"},{"tfidf":"0.000120432099947","count":"195","ngram":"notice"},{"tfidf":"0.000120000192718","count":"312","ngram":"housing"},{"tfidf":"0.000118439084724","count":"304","ngram":"date"},{"tfidf":"0.000117935485196","count":"80","ngram":"spouse"},{"tfidf":"0.000117867407902","count":"162","ngram":"judiciary"},{"tfidf":"0.000111472228563","count":"172","ngram":"arts"},{"tfidf":"0.000110081417786","count":"113","ngram":"discrimination"},{"tfidf":"0.000109336453584","count":"288","ngram":"property"},{"tfidf":"0.000108520507583","count":"136","ngram":"card"},{"tfidf":"0.000108200748226","count":"66","ngram":"refugees"},{"tfidf":"0.000108124922165","count":"383","ngram":"says"},{"tfidf":"0.000107043859555","count":"93","ngram":"sexual"},{"tfidf":"0.000106184730431","count":"109","ngram":"religion"},{"tfidf":"0.000105470942691","count":"64","ngram":"lease"},{"tfidf":"0.000104162097367","count":"220","ngram":"claim"},{"tfidf":"0.000102840071928","count":"158","ngram":"gentlewoman"},{"tfidf":"0.00010109807523","count":"154","ngram":"substitute"},{"tfidf":"0.000100405569694","count":"138","ngram":"crimes"},{"tfidf":"9.78794055329e-05","count":"189","ngram":"violence"},{"tfidf":"9.76135078506e-05","count":"175","ngram":"terrorism"},{"tfidf":"9.75687474229e-05","count":"132","ngram":"filed"},{"tfidf":"9.48831744152e-05","count":"273","ngram":"agreement"},{"tfidf":"9.38816245162e-05","count":"78","ngram":"fbi"},{"tfidf":"9.32810377968e-05","count":"254","ngram":"constitution"},{"tfidf":"9.23750403838e-05","count":"72","ngram":"sue"},{"tfidf":"9.18605253562e-05","count":"182","ngram":"constitutional"},{"tfidf":"9.07202783817e-05","count":"108","ngram":"iii"},{"tfidf":"9.06524930269e-05","count":"259","ngram":"civil"},{"tfidf":"9.02918585986e-05","count":"143","ngram":"terrorist"},{"tfidf":"8.93725869022e-05","count":"161","ngram":"contract"},{"tfidf":"8.7558384584e-05","count":"475","ngram":"following"},{"tfidf":"8.68310420692e-05","count":"73","ngram":"damages"},{"tfidf":"8.64960774299e-05","count":"68","ngram":"discharge"},{"tfidf":"8.61185758048e-05","count":"168","ngram":"evidence"},{"tfidf":"8.57227501746e-05","count":"235","ngram":"cases"},{"tfidf":"8.54563505211e-05","count":"71","ngram":"disclosure"},{"tfidf":"8.51197901418e-05","count":"362","ngram":"credit"},{"tfidf":"8.47679945379e-05","count":"1012","ngram":"1"},{"tfidf":"8.45477053126e-05","count":"84","ngram":"gun"},{"tfidf":"8.41682472059e-05","count":"125","ngram":"except"},{"tfidf":"8.37122518468e-05","count":"132","ngram":"nuclear"},{"tfidf":"8.36421046643e-05","count":"74","ngram":"epa"},{"tfidf":"8.28461169207e-05","count":"291","ngram":"period"},{"tfidf":"8.2709310665e-05","count":"71","ngram":"murder"},{"tfidf":"8.22059089059e-05","count":"65","ngram":"rail"}]}}]},"resOptions":{}},"level":"info","message":"Service(s) calling finished. undefined","timestamp":"2014-06-03T04:19:14.132Z"}
{"logger":{"file":"test.log","level":"info"},"level":"info","message":"connect-rest has been configured. ","timestamp":"2014-06-03T04:28:09.406Z"}
{"level":"info","message":"Incoming request. { host: 'project-livec9c392e270cd.rhcloud.com',\n  'cache-control': 'no-cache',\n  'user-agent': 'Mozilla/5.0 (Macintosh; Intel Mac OS X 10_9_3) AppleWebKit/537.36 (KHTML, like Gecko) Chrome/35.0.1916.114 Safari/537.36',\n  accept: '*/*',\n  'accept-language': 'en-US,en;q=0.8',\n  cookie: 'optimizelyEndUserId=oeu1401283293102r0.7142860956955701; optimizelySegments=%7B%7D; optimizelyBuckets=%7B%7D; ajs_group_id=null; ajs_user_id=454074; _sio=e7449a94-4aba-4dac-8b11-7d5771915093----454074',\n  'x-forwarded-proto': 'http',\n  'x-region': 'usw',\n  'x-forwarded-for': '74.73.240.140, 23.251.148.106',\n  'x-forwarded-port': '80',\n  'x-request-start': 't=1401769693712708',\n  'x-client-ip': '23.251.148.106',\n  'x-forwarded-host': 'project-livec9c392e270cd.rhcloud.com',\n  'x-forwarded-server': 'localhost',\n  connection: 'Keep-Alive' } {} 1.1 GET /civic/","timestamp":"2014-06-03T04:28:13.723Z"}
{"0":{"contentType":"application/json","result":{"demographics":[],"legislators":[{"website":"http://www.gillibrand.senate.gov","fax":"202-225-1168","govtrack_id":"412223","firstname":"Kirsten","chamber":"senate","middlename":"E.","lastname":"Gillibrand","congress_office":"478 Russell Senate Office Building","eventful_id":[],"phone":"202-224-4451","webform":"http://www.gillibrand.senate.gov/contact/","youtube_url":"http://youtube.com/KirstenEGillibrand","nickname":[],"gender":"F","district":"Junior Seat","title":"Sen","congresspedia_url":"http://www.opencongress.org/wiki/Kirsten_Gillibrand","in_office":"True","senate_class":"I","name_suffix":[],"twitter_id":[],"birthdate":"1966-12-09","bioguide_id":"G000555","fec_id":"H6NY20167","state":"NY","crp_id":"N00027658","official_rss":[],"facebook_id":[],"party":"D","email":[],"votesmart_id":"65147","votes":{"objects":[{"created":"2007-01-04T12:32:00","id":"25355613","option":{"id":"374115","key":"P","value":"Present","vote":"55432"},"person":{"bioguideid":"G000555","birthday":"1966-12-09","cspanid":"1022862","firstname":"Kirsten","gender":"female","gender_label":"Female","id":"412223","lastname":"Gillibrand","link":"https://www.govtrack.us/congress/members/kirsten_gillibrand/412223","middlename":"E.","name":"Sen. Kirsten Gillibrand [D-NY]","namemod":[],"nickname":[],"osid":"N00027658","pvsid":"65147","sortname":"Gillibrand, Kirsten (Sen.) [D-NY]","twitterid":null,"youtubeid":"KirstenEGillibrand"},"vote":{"category":"unknown","category_label":"Unknown Category","chamber":"house","chamber_label":"House","congress":"110","created":"2007-01-04T12:32:00","id":"55432","link":"https://www.govtrack.us/congress/votes/110-2007/h1","missing_data":"False","number":"1","question":"Call by States: QUORUM","question_details":null,"related_amendment":null,"related_bill":null,"required":"QUORUM","result":"Passed","session":"2007","source":"house","source_label":"house.gov","total_minus":"0","total_other":"435","total_plus":"0","vote_type":"Call by States"},"voter_type":"member","voter_type_label":"Member of Congress"},{"created":"2007-01-04T13:44:00","id":"25169218","option":{"id":"371926","key":"Pelosi","value":"Pelosi","vote":"55121"},"person":{"bioguideid":"G000555","birthday":"1966-12-09","cspanid":"1022862","firstname":"Kirsten","gender":"female","gender_label":"Female","id":"412223","lastname":"Gillibrand","link":"https://www.govtrack.us/congress/members/kirsten_gillibrand/412223","middlename":"E.","name":"Sen. Kirsten Gillibrand [D-NY]","namemod":[],"nickname":[],"osid":"N00027658","pvsid":"65147","sortname":"Gillibrand, Kirsten (Sen.) [D-NY]","twitterid":null,"youtubeid":"KirstenEGillibrand"},"vote":{"category":"procedural","category_label":"Procedural","chamber":"house","chamber_label":"House","congress":"110","created":"2007-01-04T13:44:00","id":"55121","link":"https://www.govtrack.us/congress/votes/110-2007/h2","missing_data":"False","number":"2","question":"Election of the Speaker","question_details":null,"related_amendment":null,"related_bill":null,"required":"1/2","result":"Pelosi","session":"2007","source":"house","source_label":"house.gov","total_minus":"0","total_other":"435","total_plus":"0","vote_type":"Election of the Speaker"},"voter_type":"member","voter_type_label":"Member of Congress"},{"created":"2007-01-04T16:30:00","id":"25046833","option":{"id":"370509","key":"+","value":"Yea","vote":"54914"},"person":{"bioguideid":"G000555","birthday":"1966-12-09","cspanid":"1022862","firstname":"Kirsten","gender":"female","gender_label":"Female","id":"412223","lastname":"Gillibrand","link":"https://www.govtrack.us/congress/members/kirsten_gillibrand/412223","middlename":"E.","name":"Sen. Kirsten Gillibrand [D-NY]","namemod":[],"nickname":[],"osid":"N00027658","pvsid":"65147","sortname":"Gillibrand, Kirsten (Sen.) [D-NY]","twitterid":null,"youtubeid":"KirstenEGillibrand"},"vote":{"category":"procedural","category_label":"Procedural","chamber":"house","chamber_label":"House","congress":"110","created":"2007-01-04T16:30:00","id":"54914","link":"https://www.govtrack.us/congress/votes/110-2007/h3","missing_data":"False","number":"3","question":"On Ordering the Previous Question: H RES 5 Providing for the consideration of H. Res. 6, adopting the Rules of the House of Representatives for the One Hundred Tenth Congress","question_details":null,"related_amendment":null,"related_bill":"145434","required":"1/2","result":"Passed","session":"2007","source":"house","source_label":"house.gov","total_minus":"197","total_other":"16","total_plus":"222","vote_type":"On Ordering the Previous Question"},"voter_type":"member","voter_type_label":"Member of Congress"},{"created":"2007-01-04T16:50:00","id":"25022440","option":{"id":"370222","key":"-","value":"Nay","vote":"54862"},"person":{"bioguideid":"G000555","birthday":"1966-12-09","cspanid":"1022862","firstname":"Kirsten","gender":"female","gender_label":"Female","id":"412223","lastname":"Gillibrand","link":"https://www.govtrack.us/congress/members/kirsten_gillibrand/412223","middlename":"E.","name":"Sen. Kirsten Gillibrand [D-NY]","namemod":[],"nickname":[],"osid":"N00027658","pvsid":"65147","sortname":"Gillibrand, Kirsten (Sen.) [D-NY]","twitterid":null,"youtubeid":"KirstenEGillibrand"},"vote":{"category":"procedural","category_label":"Procedural","chamber":"house","chamber_label":"House","congress":"110","created":"2007-01-04T16:50:00","id":"54862","link":"https://www.govtrack.us/congress/votes/110-2007/h4","missing_data":"False","number":"4","question":"On Motion to Commit with Instructions: H RES 5 Providing for the consideration of H. Res. 6, adopting the Rules of the House of Representatives for the One Hundred Tenth Congress","question_details":null,"related_amendment":null,"related_bill":"145434","required":"1/2","result":"Failed","session":"2007","source":"house","source_label":"house.gov","total_minus":"232","total_other":"3","total_plus":"199","vote_type":"On Motion to Commit"},"voter_type":"member","voter_type_label":"Member of Congress"},{"created":"2007-01-04T17:10:00","id":"25172161","option":{"id":"371957","key":"+","value":"Yea","vote":"55130"},"person":{"bioguideid":"G000555","birthday":"1966-12-09","cspanid":"1022862","firstname":"Kirsten","gender":"female","gender_label":"Female","id":"412223","lastname":"Gillibrand","link":"https://www.govtrack.us/congress/members/kirsten_gillibrand/412223","middlename":"E.","name":"Sen. Kirsten Gillibrand [D-NY]","namemod":[],"nickname":[],"osid":"N00027658","pvsid":"65147","sortname":"Gillibrand, Kirsten (Sen.) [D-NY]","twitterid":null,"youtubeid":"KirstenEGillibrand"},"vote":{"category":"passage","category_label":"Passage","chamber":"house","chamber_label":"House","congress":"110","created":"2007-01-04T17:10:00","id":"55130","link":"https://www.govtrack.us/congress/votes/110-2007/h5","missing_data":"False","number":"5","question":"H.Res. 5 (110th): Providing for the consideration of the resolution (H. Res. ... (On the Resolution)","question_details":null,"related_amendment":null,"related_bill":"145434","required":"1/2","result":"Passed","session":"2007","source":"house","source_label":"house.gov","total_minus":"195","total_other":"4","total_plus":"235","vote_type":"On the Resolution"},"voter_type":"member","voter_type_label":"Member of Congress"}]},"bills":[],"words":{"response":[{"tfidf":"0.00164044506709","count":"22","ngram":"sojourner"},{"tfidf":"0.00150617435333","count":"28","ngram":"upstate"},{"tfidf":"0.0014161771038","count":"9","ngram":"oetken"},{"tfidf":"0.00125093548069","count":"14","ngram":"placid"},{"tfidf":"0.00108625024603","count":"16","ngram":"chin"},{"tfidf":"0.000834829545888","count":"11","ngram":"haiti's"},{"tfidf":"0.00078345550163","count":"7","ngram":"adirondack"},{"tfidf":"0.000722629256208","count":"7","ngram":"3407"},{"tfidf":"0.000720731297076","count":"10","ngram":"sotomayor"},{"tfidf":"0.000681742063356","count":"14","ngram":"mikulski"},{"tfidf":"0.00064850515203","count":"8","ngram":"sotomayor's"},{"tfidf":"0.000588356753431","count":"16","ngram":"york's"},{"tfidf":"0.000585391827068","count":"16","ngram":"reproductive"},{"tfidf":"0.000559927249602","count":"10","ngram":"yorkers"},{"tfidf":"0.000555720112702","count":"12","ngram":"autism"},{"tfidf":"0.000538994411479","count":"8","ngram":"kagan"},{"tfidf":"0.000533644294353","count":"7","ngram":"gillibrand"},{"tfidf":"0.000506471946992","count":"8","ngram":"elena"},{"tfidf":"0.000427134090602","count":"6","ngram":"fordham"},{"tfidf":"0.000400107192165","count":"9","ngram":"solicitor"},{"tfidf":"0.000393960141031","count":"18","ngram":"gender"},{"tfidf":"0.00038775366424","count":"17","ngram":"nomination"},{"tfidf":"0.000387370144212","count":"8","ngram":"toxins"},{"tfidf":"0.000385906534142","count":"146","ngram":"york"},{"tfidf":"0.000367044150194","count":"18","ngram":"ray"},{"tfidf":"0.000365657836777","count":"6","ngram":"yorker"},{"tfidf":"0.000364028112274","count":"10","ngram":"hudson"},{"tfidf":"0.000358735403012","count":"17","ngram":"olympic"},{"tfidf":"0.000346547270305","count":"15","ngram":"warren"},{"tfidf":"0.000345696454755","count":"6","ngram":"bullying"},{"tfidf":"0.000334002925193","count":"44","ngram":"judge"},{"tfidf":"0.000333471673324","count":"9","ngram":"eleanor"},{"tfidf":"0.000325714610504","count":"6","ngram":"mcnulty"},{"tfidf":"0.000322092435573","count":"10","ngram":"buffalo"},{"tfidf":"0.000316136917996","count":"12","ngram":"haiti"},{"tfidf":"0.000309525803114","count":"8","ngram":"amt"},{"tfidf":"0.000302457649012","count":"14","ngram":"kevin"},{"tfidf":"0.000282633271917","count":"23","ngram":"lake"},{"tfidf":"0.000279395917708","count":"6","ngram":"desiring"},{"tfidf":"0.000275581453736","count":"8","ngram":"rescinded"},{"tfidf":"0.000275116086609","count":"12","ngram":"hunting"},{"tfidf":"0.000274826838175","count":"6","ngram":"conceal"},{"tfidf":"0.000269378322256","count":"18","ngram":"equality"},{"tfidf":"0.000260590216501","count":"17","ngram":"quorum"},{"tfidf":"0.000255477643044","count":"9","ngram":"ny"},{"tfidf":"0.000252900431089","count":"7","ngram":"vernon"},{"tfidf":"0.000240848541162","count":"26","ngram":"women's"},{"tfidf":"0.000239334308833","count":"7","ngram":"stupak"},{"tfidf":"0.000232285801211","count":"7","ngram":"gay"},{"tfidf":"0.000226821572324","count":"24","ngram":"engineering"},{"tfidf":"0.000226645790335","count":"9","ngram":"discriminatory"},{"tfidf":"0.000225967325814","count":"8","ngram":"orientation"},{"tfidf":"0.00022311156744","count":"16","ngram":"yea"},{"tfidf":"0.000222878152464","count":"6","ngram":"rider"},{"tfidf":"0.000219877546136","count":"8","ngram":"confirmation"},{"tfidf":"0.000210472867811","count":"124","ngram":"women"},{"tfidf":"0.0002036651769","count":"12","ngram":"circuit"},{"tfidf":"0.000201896987021","count":"11","ngram":"obama"},{"tfidf":"0.000198610058142","count":"18","ngram":"girls"},{"tfidf":"0.000198607625097","count":"6","ngram":"justices"},{"tfidf":"0.000193391361952","count":"153","ngram":"health"},{"tfidf":"0.000189070563334","count":"7","ngram":"harassment"},{"tfidf":"0.000186836796669","count":"44","ngram":"insurance"},{"tfidf":"0.000180711121438","count":"13","ngram":"roosevelt"},{"tfidf":"0.000174280805463","count":"39","ngram":"court"},{"tfidf":"0.000173729928122","count":"6","ngram":"simpson"},{"tfidf":"0.000170741370675","count":"6","ngram":"dairy"},{"tfidf":"0.000164638459479","count":"7","ngram":"chemicals"},{"tfidf":"0.000163984654355","count":"27","ngram":"coverage"},{"tfidf":"0.000162967022727","count":"7","ngram":"cleaner"},{"tfidf":"0.000157875307858","count":"52","ngram":"rights"},{"tfidf":"0.000156676203689","count":"15","ngram":"missing"},{"tfidf":"0.000156497732197","count":"12","ngram":"hate"},{"tfidf":"0.00015396480008","count":"12","ngram":"harbor"},{"tfidf":"0.000152502654267","count":"5","ngram":"1932"},{"tfidf":"0.000152035175773","count":"15","ngram":"senators"},{"tfidf":"0.000150306973848","count":"15","ngram":"blood"},{"tfidf":"0.000149412211104","count":"16","ngram":"roll"},{"tfidf":"0.000148082894457","count":"6","ngram":"faa"},{"tfidf":"0.000145907381064","count":"23","ngram":"truth"},{"tfidf":"0.000145888055862","count":"9","ngram":"fishing"},{"tfidf":"0.0001454037826","count":"7","ngram":"preventive"},{"tfidf":"0.000142826771403","count":"8","ngram":"abortion"},{"tfidf":"0.000142328063946","count":"15","ngram":"crimes"},{"tfidf":"0.000137547473708","count":"19","ngram":"objection"},{"tfidf":"0.000136153148242","count":"6","ngram":"inspectors"},{"tfidf":"0.000135365766355","count":"18","ngram":"ordered"},{"tfidf":"0.000134577704308","count":"7","ngram":"russian"},{"tfidf":"0.000131859513524","count":"9","ngram":"p.m."},{"tfidf":"0.00013110247649","count":"25","ngram":"products"},{"tfidf":"0.000126719394007","count":"7","ngram":"mount"},{"tfidf":"0.000126706592677","count":"27","ngram":"woman"},{"tfidf":"0.000126612495181","count":"6","ngram":"transform"},{"tfidf":"0.000125321467275","count":"7","ngram":"responders"},{"tfidf":"0.000124874774963","count":"12","ngram":"2007"},{"tfidf":"0.000124625954648","count":"7","ngram":"clinics"},{"tfidf":"0.000123646073976","count":"37","ngram":"unanimous"},{"tfidf":"0.000123408537643","count":"116","ngram":"care"},{"tfidf":"0.000120092707379","count":"6","ngram":"recruiting"},{"tfidf":"0.000120085165925","count":"8","ngram":"sexual"}]}},{"website":"http://www.schumer.senate.gov","fax":"202-228-3027","govtrack_id":"300087","firstname":"Charles","chamber":"senate","middlename":"E.","lastname":"Schumer","congress_office":"322 Hart Senate Office Building","eventful_id":[],"phone":"202-224-6542","webform":"http://www.schumer.senate.gov/Contact/contact_chuck.cfm","youtube_url":"http://youtube.com/SenatorSchumer","nickname":"Chuck","gender":"M","district":"Senior Seat","title":"Sen","congresspedia_url":"http://www.opencongress.org/wiki/Charles_Schumer","in_office":"True","senate_class":"III","name_suffix":[],"twitter_id":"ChuckSchumer","birthdate":"1950-11-23","bioguide_id":"S000148","fec_id":"S8NY00082","state":"NY","crp_id":"N00001093","official_rss":[],"facebook_id":"15771239406","party":"D","email":[],"votesmart_id":"26976","votes":{"objects":[{"created":"2011-04-14T17:28:00","id":"28928451","option":{"id":"426374","key":"+","value":"Yea","vote":"3"},"person":{"bioguideid":"S000148","birthday":"1950-11-23","cspanid":"5929","firstname":"Charles","gender":"male","gender_label":"Male","id":"300087","lastname":"Schumer","link":"https://www.govtrack.us/congress/members/charles_schumer/300087","middlename":"E.","name":"Sen. Charles “Chuck” Schumer [D-NY]","namemod":[],"nickname":"Chuck","osid":"N00001093","pvsid":"26976","sortname":"Schumer, Charles “Chuck” (Sen.) [D-NY]","twitterid":"ChuckSchumer","youtubeid":"SenatorSchumer"},"vote":{"category":"passage","category_label":"Passage","chamber":"senate","chamber_label":"Senate","congress":"112","created":"2011-04-14T17:28:00","id":"3","link":"https://www.govtrack.us/congress/votes/112-2011/s61","missing_data":"False","number":"61","question":"H.R. 1473 (112th): Department of Defense and Full-Year Continuing Appropriations Act, 2011 (On Passage of the Bill)","question_details":null,"related_amendment":null,"related_bill":"73164","required":"3/5","result":"Bill Passed","session":"2011","source":"senate","source_label":"senate.gov","total_minus":"19","total_other":"0","total_plus":"81","vote_type":"On Passage of the Bill"},"voter_type":"member","voter_type_label":"Member of Congress"},{"created":"2011-05-23T17:01:00","id":"28935120","option":{"id":"426442","key":"+","value":"Yea","vote":"15"},"person":{"bioguideid":"S000148","birthday":"1950-11-23","cspanid":"5929","firstname":"Charles","gender":"male","gender_label":"Male","id":"300087","lastname":"Schumer","link":"https://www.govtrack.us/congress/members/charles_schumer/300087","middlename":"E.","name":"Sen. Charles “Chuck” Schumer [D-NY]","namemod":[],"nickname":"Chuck","osid":"N00001093","pvsid":"26976","sortname":"Schumer, Charles “Chuck” (Sen.) [D-NY]","twitterid":"ChuckSchumer","youtubeid":"SenatorSchumer"},"vote":{"category":"cloture","category_label":"Cloture","chamber":"senate","chamber_label":"Senate","congress":"112","created":"2011-05-23T17:01:00","id":"15","link":"https://www.govtrack.us/congress/votes/112-2011/s75","missing_data":"False","number":"75","question":"On Cloture on the Motion to Proceed S. 1038","question_details":null,"related_amendment":null,"related_bill":"75973","required":"3/5","result":"Cloture on the Motion to Proceed Agreed to","session":"2011","source":"senate","source_label":"senate.gov","total_minus":"8","total_other":"18","total_plus":"74","vote_type":"On the Cloture Motion"},"voter_type":"member","voter_type_label":"Member of Congress"},{"created":"2011-02-02T18:05:00","id":"28935248","option":{"id":"426447","key":"-","value":"Nay","vote":"16"},"person":{"bioguideid":"S000148","birthday":"1950-11-23","cspanid":"5929","firstname":"Charles","gender":"male","gender_label":"Male","id":"300087","lastname":"Schumer","link":"https://www.govtrack.us/congress/members/charles_schumer/300087","middlename":"E.","name":"Sen. Charles “Chuck” Schumer [D-NY]","namemod":[],"nickname":"Chuck","osid":"N00001093","pvsid":"26976","sortname":"Schumer, Charles “Chuck” (Sen.) [D-NY]","twitterid":"ChuckSchumer","youtubeid":"SenatorSchumer"},"vote":{"category":"procedural","category_label":"Procedural","chamber":"senate","chamber_label":"Senate","congress":"112","created":"2011-02-02T18:05:00","id":"16","link":"https://www.govtrack.us/congress/votes/112-2011/s9","missing_data":"False","number":"9","question":"On the Motion (Motion to Waive All Applicable Budgetary Discipline Re: McConnell Amdt. No. 13)","question_details":null,"related_amendment":null,"related_bill":"71462","required":"3/5","result":"Motion Rejected","session":"2011","source":"senate","source_label":"senate.gov","total_minus":"51","total_other":"2","total_plus":"47","vote_type":"On the Motion"},"voter_type":"member","voter_type_label":"Member of Congress"},{"created":"2011-04-05T12:37:00","id":"28936220","option":{"id":"426459","key":"-","value":"Nay","vote":"18"},"person":{"bioguideid":"S000148","birthday":"1950-11-23","cspanid":"5929","firstname":"Charles","gender":"male","gender_label":"Male","id":"300087","lastname":"Schumer","link":"https://www.govtrack.us/congress/members/charles_schumer/300087","middlename":"E.","name":"Sen. Charles “Chuck” Schumer [D-NY]","namemod":[],"nickname":"Chuck","osid":"N00001093","pvsid":"26976","sortname":"Schumer, Charles “Chuck” (Sen.) [D-NY]","twitterid":"ChuckSchumer","youtubeid":"SenatorSchumer"},"vote":{"category":"passage","category_label":"Passage","chamber":"senate","chamber_label":"Senate","congress":"112","created":"2011-04-05T12:37:00","id":"18","link":"https://www.govtrack.us/congress/votes/112-2011/s49","missing_data":"False","number":"49","question":"H.R. 4 (112th): Comprehensive 1099 Taxpayer Protection and Repayment of Exchange Subsidy ... (On Passage of the Bill)","question_details":null,"related_amendment":null,"related_bill":"69179","required":"3/5","result":"Bill Passed","session":"2011","source":"senate","source_label":"senate.gov","total_minus":"12","total_other":"1","total_plus":"87","vote_type":"On Passage of the Bill"},"voter_type":"member","voter_type_label":"Member of Congress"},{"created":"2011-03-16T11:02:00","id":"28937597","option":{"id":"426474","key":"+","value":"Yea","vote":"21"},"person":{"bioguideid":"S000148","birthday":"1950-11-23","cspanid":"5929","firstname":"Charles","gender":"male","gender_label":"Male","id":"300087","lastname":"Schumer","link":"https://www.govtrack.us/congress/members/charles_schumer/300087","middlename":"E.","name":"Sen. Charles “Chuck” Schumer [D-NY]","namemod":[],"nickname":"Chuck","osid":"N00001093","pvsid":"26976","sortname":"Schumer, Charles “Chuck” (Sen.) [D-NY]","twitterid":"ChuckSchumer","youtubeid":"SenatorSchumer"},"vote":{"category":"amendment","category_label":"Amendment","chamber":"senate","chamber_label":"Senate","congress":"112","created":"2011-03-16T11:02:00","id":"21","link":"https://www.govtrack.us/congress/votes/112-2011/s42","missing_data":"False","number":"42","question":"On the Amendment S.Amdt. 193 to S. 493 (SBIR/STTR Reauthorization Act of 2011)","question_details":null,"related_amendment":null,"related_bill":"76250","required":"1/2","result":"Amendment Agreed to","session":"2011","source":"senate","source_label":"senate.gov","total_minus":"0","total_other":"1","total_plus":"99","vote_type":"On the Amendment"},"voter_type":"member","voter_type_label":"Member of Congress"}]},"bills":[],"words":{"response":[{"tfidf":"0.000419023222356","count":"296","ngram":"ethanol"},{"tfidf":"0.000393125049623","count":"249","ngram":"nominees"},{"tfidf":"0.000301440578552","count":"114","ngram":"yorkers"},{"tfidf":"0.000284567104628","count":"216","ngram":"nominee"},{"tfidf":"0.000276466950358","count":"446","ngram":"gun"},{"tfidf":"0.000241183419489","count":"402","ngram":"judges"},{"tfidf":"0.000229796586316","count":"133","ngram":"filibuster"},{"tfidf":"0.000217582327637","count":"202","ngram":"nomination"},{"tfidf":"0.000215803927808","count":"602","ngram":"judge"},{"tfidf":"0.000204288511241","count":"96","ngram":"moynihan"},{"tfidf":"0.000196759000334","count":"130","ngram":"brooklyn"},{"tfidf":"0.000188272657479","count":"229","ngram":"guns"},{"tfidf":"0.000175073476275","count":"91","ngram":"leahy"},{"tfidf":"0.000168885487837","count":"1353","ngram":"york"},{"tfidf":"0.000166489054267","count":"148","ngram":"bench"},{"tfidf":"0.000165612906878","count":"346","ngram":"senators"},{"tfidf":"0.000162676664675","count":"100","ngram":"rescinded"},{"tfidf":"0.000157222137472","count":"138","ngram":"mainstream"},{"tfidf":"0.000147674195143","count":"204","ngram":"quorum"},{"tfidf":"0.0001446458","count":"105","ngram":"patent"},{"tfidf":"0.000137013791117","count":"104","ngram":"reid"},{"tfidf":"0.000135264029136","count":"502","ngram":"oil"},{"tfidf":"0.000126551674244","count":"103","ngram":"ideological"},{"tfidf":"0.000115223975115","count":"546","ngram":"court"},{"tfidf":"0.000114211338888","count":"179","ngram":"bankruptcy"},{"tfidf":"0.000111899575898","count":"690","ngram":"consent"},{"tfidf":"0.000110628029276","count":"109","ngram":"middle-class"},{"tfidf":"0.000107518678635","count":"239","ngram":"views"},{"tfidf":"0.000104757623256","count":"192","ngram":"mortgage"},{"tfidf":"0.000104431443031","count":"304","ngram":"terrorism"},{"tfidf":"0.000103695521725","count":"156","ngram":"gasoline"},{"tfidf":"0.000102736521108","count":"651","ngram":"unanimous"},{"tfidf":"9.73807502119e-05","count":"181","ngram":"conservative"},{"tfidf":"9.50137919511e-05","count":"282","ngram":"bottom"},{"tfidf":"9.49244916264e-05","count":"227","ngram":"homeland"},{"tfidf":"9.39440220289e-05","count":"307","ngram":"iraq"},{"tfidf":"9.29560957609e-05","count":"238","ngram":"nuclear"},{"tfidf":"9.26377479663e-05","count":"106","ngram":"loophole"},{"tfidf":"8.95256246516e-05","count":"875","ngram":"side"},{"tfidf":"8.91884812115e-05","count":"293","ngram":"doesn't"},{"tfidf":"8.88524112524e-05","count":"240","ngram":"attorney"},{"tfidf":"8.87216750832e-05","count":"198","ngram":"judiciary"},{"tfidf":"8.81329321278e-05","count":"911","ngram":"colleague"},{"tfidf":"8.51482755214e-05","count":"164","ngram":"judicial"},{"tfidf":"8.44912924941e-05","count":"132","ngram":"breaks"},{"tfidf":"8.39306391788e-05","count":"195","ngram":"ought"},{"tfidf":"8.15785425416e-05","count":"268","ngram":"maybe"},{"tfidf":"8.01494954019e-05","count":"100","ngram":"circuit"},{"tfidf":"8.00528682794e-05","count":"115","ngram":"iran"},{"tfidf":"7.91692597667e-05","count":"273","ngram":"prices"},{"tfidf":"7.91536003518e-05","count":"924","ngram":"tax"},{"tfidf":"7.6569784962e-05","count":"109","ngram":"truck"},{"tfidf":"7.55336700341e-05","count":"691","ngram":"debate"},{"tfidf":"7.54254052003e-05","count":"92","ngram":"jewish"},{"tfidf":"7.52485295762e-05","count":"121","ngram":"utah"},{"tfidf":"7.52132304748e-05","count":"92","ngram":"gallon"},{"tfidf":"7.40309647726e-05","count":"261","ngram":"let's"},{"tfidf":"7.32047830602e-05","count":"166","ngram":"border"},{"tfidf":"7.22282502389e-05","count":"93","ngram":"a.m."},{"tfidf":"7.17892499397e-05","count":"145","ngram":"terrorists"},{"tfidf":"6.97260159045e-05","count":"202","ngram":"supreme"},{"tfidf":"6.97109270429e-05","count":"160","ngram":"argument"},{"tfidf":"6.8309576908e-05","count":"300","ngram":"proposal"},{"tfidf":"6.74597276867e-05","count":"388","ngram":"says"},{"tfidf":"6.67135923672e-05","count":"90","ngram":"disclosure"},{"tfidf":"6.6585130773e-05","count":"438","ngram":"companies"},{"tfidf":"6.65563138089e-05","count":"240","ngram":"didn't"},{"tfidf":"6.63200834685e-05","count":"209","ngram":"bush"},{"tfidf":"6.57181129098e-05","count":"169","ngram":"compromise"},{"tfidf":"6.53262702008e-05","count":"137","ngram":"cents"},{"tfidf":"6.48295896595e-05","count":"352","ngram":"justice"},{"tfidf":"6.40762937717e-05","count":"97","ngram":"wealthy"},{"tfidf":"6.39601638237e-05","count":"223","ngram":"teachers"},{"tfidf":"6.36472749167e-05","count":"130","ngram":"sort"},{"tfidf":"6.27517661806e-05","count":"225","ngram":"view"},{"tfidf":"6.27313502147e-05","count":"205","ngram":"crime"},{"tfidf":"6.1876166675e-05","count":"137","ngram":"guess"},{"tfidf":"6.18308064781e-05","count":"279","ngram":"can't"},{"tfidf":"6.09401404612e-05","count":"136","ngram":"crimes"},{"tfidf":"6.05994864948e-05","count":"190","ngram":"violence"},{"tfidf":"6.05754371477e-05","count":"121","ngram":"judgment"},{"tfidf":"6.0574644156e-05","count":"1063","ngram":"law"},{"tfidf":"5.96777839667e-05","count":"194","ngram":"god"},{"tfidf":"5.8479775096e-05","count":"119","ngram":"card"},{"tfidf":"5.77375829406e-05","count":"674","ngram":"floor"},{"tfidf":"5.65966682837e-05","count":"111","ngram":"voters"},{"tfidf":"5.64091759698e-05","count":"91","ngram":"profits"},{"tfidf":"5.60426629166e-05","count":"387","ngram":"might"},{"tfidf":"5.57389443838e-05","count":"255","ngram":"amendments"},{"tfidf":"5.56787572061e-05","count":"181","ngram":"package"},{"tfidf":"5.54635948407e-05","count":"200","ngram":"seems"},{"tfidf":"5.54286845315e-05","count":"90","ngram":"hate"},{"tfidf":"5.48299048537e-05","count":"141","ngram":"terrorist"},{"tfidf":"5.47826147762e-05","count":"98","ngram":"math"},{"tfidf":"5.47386762666e-05","count":"1220","ngram":"going"},{"tfidf":"5.42949460622e-05","count":"538","ngram":"friend"},{"tfidf":"5.42436189054e-05","count":"229","ngram":"housing"},{"tfidf":"5.4120222821e-05","count":"997","ngram":"think"},{"tfidf":"5.36867035798e-05","count":"2933","ngram":"president"},{"tfidf":"5.32943766257e-05","count":"97","ngram":"arguments"}]}},{"website":"http://nadler.house.gov","fax":"202-225-6923","govtrack_id":"400289","firstname":"Jerrold","chamber":"house","middlename":"L.","lastname":"Nadler","congress_office":"2110 Rayburn House Office Building","eventful_id":[],"phone":"202-225-5635","webform":"http://nadler.house.gov/contact-me/newsletter","youtube_url":"http://youtube.com/congressmannadler","nickname":[],"gender":"M","district":"10","title":"Rep","congresspedia_url":"http://www.opencongress.org/wiki/Jerrold_Nadler","in_office":"True","senate_class":[],"name_suffix":[],"twitter_id":"RepJerryNadler","birthdate":"1947-06-13","bioguide_id":"N000002","fec_id":"H2NY17071","state":"NY","crp_id":"N00000939","official_rss":[],"facebook_id":"78291598977","party":"D","email":[],"votesmart_id":"26980","votes":{"objects":[{"created":"2011-03-16T17:49:00","id":"28927949","option":{"id":"426369","key":"0","value":"Not Voting","vote":"1"},"person":{"bioguideid":"N000002","birthday":"1947-06-13","cspanid":"26159","firstname":"Jerrold","gender":"male","gender_label":"Male","id":"400289","lastname":"Nadler","link":"https://www.govtrack.us/congress/members/jerrold_nadler/400289","middlename":"L.","name":"Rep. Jerrold Nadler [D-NY10]","namemod":[],"nickname":[],"osid":"N00000939","pvsid":"26980","sortname":"Nadler, Jerrold (Rep.) [D-NY10]","twitterid":"RepJerryNadler","youtubeid":"congressmannadler"},"vote":{"category":"amendment","category_label":"Amendment","chamber":"house","chamber_label":"House","congress":"112","created":"2011-03-16T17:49:00","id":"1","link":"https://www.govtrack.us/congress/votes/112-2011/h183","missing_data":"False","number":"183","question":"On Agreeing to the Amendment: Amendment 3 to H R 861","question_details":null,"related_amendment":null,"related_bill":"75622","required":"1/2","result":"Failed","session":"2011","source":"house","source_label":"house.gov","total_minus":"244","total_other":"5","total_plus":"183","vote_type":"On the Amendment"},"voter_type":"member","voter_type_label":"Member of Congress"},{"created":"2011-05-03T17:46:00","id":"28928066","option":{"id":"426370","key":"+","value":"Aye","vote":"2"},"person":{"bioguideid":"N000002","birthday":"1947-06-13","cspanid":"26159","firstname":"Jerrold","gender":"male","gender_label":"Male","id":"400289","lastname":"Nadler","link":"https://www.govtrack.us/congress/members/jerrold_nadler/400289","middlename":"L.","name":"Rep. Jerrold Nadler [D-NY10]","namemod":[],"nickname":[],"osid":"N00000939","pvsid":"26980","sortname":"Nadler, Jerrold (Rep.) [D-NY10]","twitterid":"RepJerryNadler","youtubeid":"congressmannadler"},"vote":{"category":"amendment","category_label":"Amendment","chamber":"house","chamber_label":"House","congress":"112","created":"2011-05-03T17:46:00","id":"2","link":"https://www.govtrack.us/congress/votes/112-2011/h283","missing_data":"False","number":"283","question":"On Agreeing to the Amendment: Amendment 3 to H R 1213","question_details":null,"related_amendment":null,"related_bill":"75991","required":"1/2","result":"Failed","session":"2011","source":"house","source_label":"house.gov","total_minus":"242","total_other":"10","total_plus":"180","vote_type":"On the Amendment"},"voter_type":"member","voter_type_label":"Member of Congress"},{"created":"2011-04-12T19:10:00","id":"28928699","option":{"id":"426378","key":"+","value":"Yea","vote":"4"},"person":{"bioguideid":"N000002","birthday":"1947-06-13","cspanid":"26159","firstname":"Jerrold","gender":"male","gender_label":"Male","id":"400289","lastname":"Nadler","link":"https://www.govtrack.us/congress/members/jerrold_nadler/400289","middlename":"L.","name":"Rep. Jerrold Nadler [D-NY10]","namemod":[],"nickname":[],"osid":"N00000939","pvsid":"26980","sortname":"Nadler, Jerrold (Rep.) [D-NY10]","twitterid":"RepJerryNadler","youtubeid":"congressmannadler"},"vote":{"category":"procedural","category_label":"Procedural","chamber":"house","chamber_label":"House","congress":"112","created":"2011-04-12T19:10:00","id":"4","link":"https://www.govtrack.us/congress/votes/112-2011/h256","missing_data":"False","number":"256","question":"On Approving the Journal: JOURNAL","question_details":null,"related_amendment":null,"related_bill":null,"required":"1/2","result":"Passed","session":"2011","source":"house","source_label":"house.gov","total_minus":"79","total_other":"28","total_plus":"325","vote_type":"On Approving the Journal"},"voter_type":"member","voter_type_label":"Member of Congress"},{"created":"2011-02-11T13:58:00","id":"28929239","option":{"id":"426386","key":"+","value":"Yea","vote":"5"},"person":{"bioguideid":"N000002","birthday":"1947-06-13","cspanid":"26159","firstname":"Jerrold","gender":"male","gender_label":"Male","id":"400289","lastname":"Nadler","link":"https://www.govtrack.us/congress/members/jerrold_nadler/400289","middlename":"L.","name":"Rep. Jerrold Nadler [D-NY10]","namemod":[],"nickname":[],"osid":"N00000939","pvsid":"26980","sortname":"Nadler, Jerrold (Rep.) [D-NY10]","twitterid":"RepJerryNadler","youtubeid":"congressmannadler"},"vote":{"category":"procedural","category_label":"Procedural","chamber":"house","chamber_label":"House","congress":"112","created":"2011-02-11T13:58:00","id":"5","link":"https://www.govtrack.us/congress/votes/112-2011/h34","missing_data":"False","number":"34","question":"On Approving the Journal: JOURNAL","question_details":null,"related_amendment":null,"related_bill":null,"required":"1/2","result":"Passed","session":"2011","source":"house","source_label":"house.gov","total_minus":"50","total_other":"39","total_plus":"344","vote_type":"On Approving the Journal"},"voter_type":"member","voter_type_label":"Member of Congress"},{"created":"2011-07-13T18:22:00","id":"28929555","option":{"id":"426390","key":"+","value":"Aye","vote":"6"},"person":{"bioguideid":"N000002","birthday":"1947-06-13","cspanid":"26159","firstname":"Jerrold","gender":"male","gender_label":"Male","id":"400289","lastname":"Nadler","link":"https://www.govtrack.us/congress/members/jerrold_nadler/400289","middlename":"L.","name":"Rep. Jerrold Nadler [D-NY10]","namemod":[],"nickname":[],"osid":"N00000939","pvsid":"26980","sortname":"Nadler, Jerrold (Rep.) [D-NY10]","twitterid":"RepJerryNadler","youtubeid":"congressmannadler"},"vote":{"category":"amendment","category_label":"Amendment","chamber":"house","chamber_label":"House","congress":"112","created":"2011-07-13T18:22:00","id":"6","link":"https://www.govtrack.us/congress/votes/112-2011/h571","missing_data":"False","number":"571","question":"On Agreeing to the Amendment: Amendment 1 to H R 2018","question_details":null,"related_amendment":null,"related_bill":"74164","required":"1/2","result":"Failed","session":"2011","source":"house","source_label":"house.gov","total_minus":"254","total_other":"10","total_plus":"167","vote_type":"On the Amendment"},"voter_type":"member","voter_type_label":"Member of Congress"}]},"bills":[],"words":{"response":[{"tfidf":"0.00271804264645","count":"643","ngram":"debtor"},{"tfidf":"0.00111592656157","count":"575","ngram":"inserting"},{"tfidf":"0.000803054747247","count":"536","ngram":"paragraph"},{"tfidf":"0.000797755831536","count":"134","ngram":"debtor's"},{"tfidf":"0.000626111285822","count":"144","ngram":"creditor"},{"tfidf":"0.000565231276452","count":"471","ngram":"striking"},{"tfidf":"0.000495159375615","count":"61","ngram":"hopwa"},{"tfidf":"0.000490039974093","count":"473","ngram":"bankruptcy"},{"tfidf":"0.000437580835735","count":"169","ngram":"subparagraph"},{"tfidf":"0.000399823991508","count":"94","ngram":"debtors"},{"tfidf":"0.000378257401661","count":"145","ngram":"creditors"},{"tfidf":"0.000358144688803","count":"639","ngram":"amended"},{"tfidf":"0.000333386197369","count":"107","ngram":"nea"},{"tfidf":"0.000330879677297","count":"183","ngram":"trustee"},{"tfidf":"0.000329297000303","count":"961","ngram":"court"},{"tfidf":"0.000303662833967","count":"631","ngram":"code"},{"tfidf":"0.000290225072615","count":"212","ngram":"abortion"},{"tfidf":"0.000275729961657","count":"985","ngram":"title"},{"tfidf":"0.000255484966185","count":"87","ngram":"container"},{"tfidf":"0.000243839754388","count":"926","ngram":"11"},{"tfidf":"0.000236591623679","count":"118","ngram":"jews"},{"tfidf":"0.000232546579486","count":"146","ngram":"petition"},{"tfidf":"0.000225960268602","count":"75","ngram":"nadler"},{"tfidf":"0.000222310753918","count":"167","ngram":"jewish"},{"tfidf":"0.000221985104067","count":"344","ngram":"religious"},{"tfidf":"0.000217681095032","count":"239","ngram":"israel"},{"tfidf":"0.000204841343534","count":"323","ngram":"chapter"},{"tfidf":"0.000200689375894","count":"127","ngram":"debts"},{"tfidf":"0.000181073904107","count":"78","ngram":"manhattan"},{"tfidf":"0.000175975953501","count":"121","ngram":"securities"},{"tfidf":"0.000175010581055","count":"73","ngram":"holder"},{"tfidf":"0.00017410954548","count":"82","ngram":"vouchers"},{"tfidf":"0.000174066001599","count":"154","ngram":"aids"},{"tfidf":"0.000170323898577","count":"90","ngram":"abortions"},{"tfidf":"0.000158931986471","count":"262","ngram":"courts"},{"tfidf":"0.000158485920159","count":"60","ngram":"amtrak"},{"tfidf":"0.000156264517885","count":"106","ngram":"unconstitutional"},{"tfidf":"0.000152589538427","count":"181","ngram":"judicial"},{"tfidf":"0.000152369176482","count":"62","ngram":"paragraphs"},{"tfidf":"0.000151649642615","count":"268","ngram":"adding"},{"tfidf":"0.000148839471969","count":"88","ngram":"proceeding"},{"tfidf":"0.000147430837103","count":"603","ngram":"case"},{"tfidf":"0.000144270325291","count":"130","ngram":"filing"},{"tfidf":"0.000144257847636","count":"70","ngram":"deposit"},{"tfidf":"0.000143269569507","count":"205","ngram":"ought"},{"tfidf":"0.000141672607608","count":"699","ngram":"york"},{"tfidf":"0.000141004236096","count":"77","ngram":"u.s.c."},{"tfidf":"0.000135056307276","count":"168","ngram":"terrorists"},{"tfidf":"0.000132389198432","count":"84","ngram":"notwithstanding"},{"tfidf":"0.000130835807118","count":"562","ngram":"rights"},{"tfidf":"0.000130030622539","count":"232","ngram":"supreme"},{"tfidf":"0.000129206414846","count":"99","ngram":"applicable"},{"tfidf":"0.000126148220003","count":"65","ngram":"transaction"},{"tfidf":"0.00012470366716","count":"103","ngram":"liberties"},{"tfidf":"0.000121173616341","count":"120","ngram":"soviet"},{"tfidf":"0.000120432099947","count":"195","ngram":"notice"},{"tfidf":"0.000120000192718","count":"312","ngram":"housing"},{"tfidf":"0.000118439084724","count":"304","ngram":"date"},{"tfidf":"0.000117935485196","count":"80","ngram":"spouse"},{"tfidf":"0.000117867407902","count":"162","ngram":"judiciary"},{"tfidf":"0.000111472228563","count":"172","ngram":"arts"},{"tfidf":"0.000110081417786","count":"113","ngram":"discrimination"},{"tfidf":"0.000109336453584","count":"288","ngram":"property"},{"tfidf":"0.000108520507583","count":"136","ngram":"card"},{"tfidf":"0.000108200748226","count":"66","ngram":"refugees"},{"tfidf":"0.000108124922165","count":"383","ngram":"says"},{"tfidf":"0.000107043859555","count":"93","ngram":"sexual"},{"tfidf":"0.000106184730431","count":"109","ngram":"religion"},{"tfidf":"0.000105470942691","count":"64","ngram":"lease"},{"tfidf":"0.000104162097367","count":"220","ngram":"claim"},{"tfidf":"0.000102840071928","count":"158","ngram":"gentlewoman"},{"tfidf":"0.00010109807523","count":"154","ngram":"substitute"},{"tfidf":"0.000100405569694","count":"138","ngram":"crimes"},{"tfidf":"9.78794055329e-05","count":"189","ngram":"violence"},{"tfidf":"9.76135078506e-05","count":"175","ngram":"terrorism"},{"tfidf":"9.75687474229e-05","count":"132","ngram":"filed"},{"tfidf":"9.48831744152e-05","count":"273","ngram":"agreement"},{"tfidf":"9.38816245162e-05","count":"78","ngram":"fbi"},{"tfidf":"9.32810377968e-05","count":"254","ngram":"constitution"},{"tfidf":"9.23750403838e-05","count":"72","ngram":"sue"},{"tfidf":"9.18605253562e-05","count":"182","ngram":"constitutional"},{"tfidf":"9.07202783817e-05","count":"108","ngram":"iii"},{"tfidf":"9.06524930269e-05","count":"259","ngram":"civil"},{"tfidf":"9.02918585986e-05","count":"143","ngram":"terrorist"},{"tfidf":"8.93725869022e-05","count":"161","ngram":"contract"},{"tfidf":"8.7558384584e-05","count":"475","ngram":"following"},{"tfidf":"8.68310420692e-05","count":"73","ngram":"damages"},{"tfidf":"8.64960774299e-05","count":"68","ngram":"discharge"},{"tfidf":"8.61185758048e-05","count":"168","ngram":"evidence"},{"tfidf":"8.57227501746e-05","count":"235","ngram":"cases"},{"tfidf":"8.54563505211e-05","count":"71","ngram":"disclosure"},{"tfidf":"8.51197901418e-05","count":"362","ngram":"credit"},{"tfidf":"8.47679945379e-05","count":"1012","ngram":"1"},{"tfidf":"8.45477053126e-05","count":"84","ngram":"gun"},{"tfidf":"8.41682472059e-05","count":"125","ngram":"except"},{"tfidf":"8.37122518468e-05","count":"132","ngram":"nuclear"},{"tfidf":"8.36421046643e-05","count":"74","ngram":"epa"},{"tfidf":"8.28461169207e-05","count":"291","ngram":"period"},{"tfidf":"8.2709310665e-05","count":"71","ngram":"murder"},{"tfidf":"8.22059089059e-05","count":"65","ngram":"rail"}]}}]},"resOptions":{}},"level":"info","message":"Service(s) calling finished. undefined","timestamp":"2014-06-03T04:28:18.220Z"}
{"context":"/api","logger":{"file":"test.log","level":"info"},"level":"info","message":"connect-rest has been configured. ","timestamp":"2014-06-03T04:56:21.210Z"}
{"level":"info","message":"Incoming request. { host: 'project-livec9c392e270cd.rhcloud.com',\n  accept: 'text/html,application/xhtml+xml,application/xml;q=0.9,image/webp,*/*;q=0.8',\n  'user-agent': 'Mozilla/5.0 (Macintosh; Intel Mac OS X 10_9_3) AppleWebKit/537.36 (KHTML, like Gecko) Chrome/35.0.1916.114 Safari/537.36',\n  'accept-language': 'en-US,en;q=0.8',\n  cookie: 'optimizelyEndUserId=oeu1401283293102r0.7142860956955701; optimizelySegments=%7B%7D; optimizelyBuckets=%7B%7D; ajs_group_id=null; ajs_user_id=454074; _sio=c415c88b-800b-42ee-850c-39dc1bb2b6f1----454074',\n  'x-forwarded-proto': 'http',\n  'x-region': 'usw',\n  'x-forwarded-for': '74.73.240.140, 23.251.148.106',\n  'x-forwarded-port': '80',\n  'x-request-start': 't=1401771408300578',\n  'x-client-ip': '23.251.148.106',\n  'x-forwarded-host': 'project-livec9c392e270cd.rhcloud.com',\n  'x-forwarded-server': 'localhost',\n  connection: 'Keep-Alive' } {} 1.1 GET /api/geocode","timestamp":"2014-06-03T04:56:48.311Z"}
{"level":"info","message":"Request won't be handled by connect-rest. /api/geocode","timestamp":"2014-06-03T04:56:48.315Z"}
{"level":"info","message":"Incoming request. { host: 'project-livec9c392e270cd.rhcloud.com',\n  accept: 'text/html,application/xhtml+xml,application/xml;q=0.9,image/webp,*/*;q=0.8',\n  'user-agent': 'Mozilla/5.0 (Macintosh; Intel Mac OS X 10_9_3) AppleWebKit/537.36 (KHTML, like Gecko) Chrome/35.0.1916.114 Safari/537.36',\n  'accept-language': 'en-US,en;q=0.8',\n  cookie: 'optimizelyEndUserId=oeu1401283293102r0.7142860956955701; optimizelySegments=%7B%7D; optimizelyBuckets=%7B%7D; ajs_group_id=null; ajs_user_id=454074; _sio=c415c88b-800b-42ee-850c-39dc1bb2b6f1----454074',\n  'x-forwarded-proto': 'http',\n  'x-region': 'usw',\n  'x-forwarded-for': '74.73.240.140, 23.251.148.106',\n  'x-forwarded-port': '80',\n  'x-request-start': 't=1401771417688780',\n  'x-client-ip': '23.251.148.106',\n  'x-forwarded-host': 'project-livec9c392e270cd.rhcloud.com',\n  'x-forwarded-server': 'localhost',\n  connection: 'Keep-Alive' } {} 1.1 GET /api/geocode/","timestamp":"2014-06-03T04:56:57.692Z"}
{"level":"info","message":"Request won't be handled by connect-rest. /api/geocode/","timestamp":"2014-06-03T04:56:57.693Z"}
{"level":"info","message":"Incoming request. { host: 'project-livec9c392e270cd.rhcloud.com',\n  accept: 'text/html,application/xhtml+xml,application/xml;q=0.9,image/webp,*/*;q=0.8',\n  'user-agent': 'Mozilla/5.0 (Macintosh; Intel Mac OS X 10_9_3) AppleWebKit/537.36 (KHTML, like Gecko) Chrome/35.0.1916.114 Safari/537.36',\n  'accept-language': 'en-US,en;q=0.8',\n  cookie: 'optimizelyEndUserId=oeu1401283293102r0.7142860956955701; optimizelySegments=%7B%7D; optimizelyBuckets=%7B%7D; ajs_group_id=null; ajs_user_id=454074; _sio=c415c88b-800b-42ee-850c-39dc1bb2b6f1----454074',\n  'x-forwarded-proto': 'http',\n  'x-region': 'usw',\n  'x-forwarded-for': '74.73.240.140, 23.251.148.106',\n  'x-forwarded-port': '80',\n  'x-request-start': 't=1401771540177985',\n  'x-client-ip': '23.251.148.106',\n  'x-forwarded-host': 'project-livec9c392e270cd.rhcloud.com',\n  'x-forwarded-server': 'localhost',\n  connection: 'Keep-Alive' } {} 1.1 GET /api/civic","timestamp":"2014-06-03T04:59:00.180Z"}
{"level":"info","message":"Request won't be handled by connect-rest. /api/civic","timestamp":"2014-06-03T04:59:00.180Z"}
{"logger":{"file":"test.log","level":"info"},"level":"info","message":"connect-rest has been configured. ","timestamp":"2014-06-03T04:59:31.894Z"}
{"level":"info","message":"Incoming request. { host: 'project-livec9c392e270cd.rhcloud.com',\n  accept: 'text/html,application/xhtml+xml,application/xml;q=0.9,image/webp,*/*;q=0.8',\n  'user-agent': 'Mozilla/5.0 (Macintosh; Intel Mac OS X 10_9_3) AppleWebKit/537.36 (KHTML, like Gecko) Chrome/35.0.1916.114 Safari/537.36',\n  'accept-language': 'en-US,en;q=0.8',\n  cookie: 'optimizelyEndUserId=oeu1401283293102r0.7142860956955701; optimizelySegments=%7B%7D; optimizelyBuckets=%7B%7D; ajs_group_id=null; ajs_user_id=454074; _sio=c415c88b-800b-42ee-850c-39dc1bb2b6f1----454074',\n  'x-forwarded-proto': 'http',\n  'x-region': 'usw',\n  'x-forwarded-for': '74.73.240.140, 23.251.148.106',\n  'x-forwarded-port': '80',\n  'x-request-start': 't=1401771582985801',\n  'x-client-ip': '23.251.148.106',\n  'x-forwarded-host': 'project-livec9c392e270cd.rhcloud.com',\n  'x-forwarded-server': 'localhost',\n  connection: 'Keep-Alive' } {} 1.1 GET /geocode/","timestamp":"2014-06-03T04:59:42.996Z"}
{"0":{"contentType":"application/json","result":{"results":[{"address_components":[{"long_name":"104","short_name":"104","types":["street_number"]},{"long_name":"Franklin Street","short_name":"Franklin St","types":["route"]},{"long_name":"Lower Manhattan","short_name":"Lower Manhattan","types":["neighborhood","political"]},{"long_name":"Manhattan","short_name":"Manhattan","types":["sublocality","political"]},{"long_name":"New York","short_name":"New York","types":["locality","political"]},{"long_name":"New York County","short_name":"New York County","types":["administrative_area_level_2","political"]},{"long_name":"New York","short_name":"NY","types":["administrative_area_level_1","political"]},{"long_name":"United States","short_name":"US","types":["country","political"]},{"long_name":"10013","short_name":"10013","types":["postal_code"]}],"formatted_address":"104 Franklin Street, New York, NY 10013, USA","geometry":{"location":{"lat":40.71863,"lng":-74.005584},"location_type":"ROOFTOP","viewport":{"northeast":{"lat":40.71997898029149,"lng":-74.00423501970849},"southwest":{"lat":40.71728101970849,"lng":-74.0069329802915}}},"types":["street_address"]}],"status":"OK"},"resOptions":{}},"level":"info","message":"Service(s) calling finished. undefined","timestamp":"2014-06-03T04:59:44.132Z"}
{"level":"info","message":"Incoming request. { host: 'project-livec9c392e270cd.rhcloud.com',\n  accept: 'text/html,application/xhtml+xml,application/xml;q=0.9,image/webp,*/*;q=0.8',\n  'user-agent': 'Mozilla/5.0 (Macintosh; Intel Mac OS X 10_9_3) AppleWebKit/537.36 (KHTML, like Gecko) Chrome/35.0.1916.114 Safari/537.36',\n  'accept-language': 'en-US,en;q=0.8',\n  cookie: 'optimizelyEndUserId=oeu1401283293102r0.7142860956955701; optimizelySegments=%7B%7D; optimizelyBuckets=%7B%7D; ajs_group_id=null; ajs_user_id=454074; _sio=c415c88b-800b-42ee-850c-39dc1bb2b6f1----454074',\n  'x-forwarded-proto': 'http',\n  'x-region': 'usw',\n  'x-forwarded-for': '74.73.240.140, 23.251.148.106',\n  'x-forwarded-port': '80',\n  'x-request-start': 't=1401771597180296',\n  'x-client-ip': '23.251.148.106',\n  'x-forwarded-host': 'project-livec9c392e270cd.rhcloud.com',\n  'x-forwarded-server': 'localhost',\n  connection: 'Keep-Alive' } {} 1.1 GET /civic/","timestamp":"2014-06-03T04:59:57.182Z"}
{"0":{"contentType":"application/json","result":{"demographics":[],"legislators":[{"website":"http://www.gillibrand.senate.gov","fax":"202-225-1168","govtrack_id":"412223","firstname":"Kirsten","chamber":"senate","middlename":"E.","lastname":"Gillibrand","congress_office":"478 Russell Senate Office Building","eventful_id":[],"phone":"202-224-4451","webform":"http://www.gillibrand.senate.gov/contact/","youtube_url":"http://youtube.com/KirstenEGillibrand","nickname":[],"gender":"F","district":"Junior Seat","title":"Sen","congresspedia_url":"http://www.opencongress.org/wiki/Kirsten_Gillibrand","in_office":"True","senate_class":"I","name_suffix":[],"twitter_id":[],"birthdate":"1966-12-09","bioguide_id":"G000555","fec_id":"H6NY20167","state":"NY","crp_id":"N00027658","official_rss":[],"facebook_id":[],"party":"D","email":[],"votesmart_id":"65147","votes":{"objects":[{"created":"2007-01-04T12:32:00","id":"25355613","option":{"id":"374115","key":"P","value":"Present","vote":"55432"},"person":{"bioguideid":"G000555","birthday":"1966-12-09","cspanid":"1022862","firstname":"Kirsten","gender":"female","gender_label":"Female","id":"412223","lastname":"Gillibrand","link":"https://www.govtrack.us/congress/members/kirsten_gillibrand/412223","middlename":"E.","name":"Sen. Kirsten Gillibrand [D-NY]","namemod":[],"nickname":[],"osid":"N00027658","pvsid":"65147","sortname":"Gillibrand, Kirsten (Sen.) [D-NY]","twitterid":null,"youtubeid":"KirstenEGillibrand"},"vote":{"category":"unknown","category_label":"Unknown Category","chamber":"house","chamber_label":"House","congress":"110","created":"2007-01-04T12:32:00","id":"55432","link":"https://www.govtrack.us/congress/votes/110-2007/h1","missing_data":"False","number":"1","question":"Call by States: QUORUM","question_details":null,"related_amendment":null,"related_bill":null,"required":"QUORUM","result":"Passed","session":"2007","source":"house","source_label":"house.gov","total_minus":"0","total_other":"435","total_plus":"0","vote_type":"Call by States"},"voter_type":"member","voter_type_label":"Member of Congress"},{"created":"2007-01-04T13:44:00","id":"25169218","option":{"id":"371926","key":"Pelosi","value":"Pelosi","vote":"55121"},"person":{"bioguideid":"G000555","birthday":"1966-12-09","cspanid":"1022862","firstname":"Kirsten","gender":"female","gender_label":"Female","id":"412223","lastname":"Gillibrand","link":"https://www.govtrack.us/congress/members/kirsten_gillibrand/412223","middlename":"E.","name":"Sen. Kirsten Gillibrand [D-NY]","namemod":[],"nickname":[],"osid":"N00027658","pvsid":"65147","sortname":"Gillibrand, Kirsten (Sen.) [D-NY]","twitterid":null,"youtubeid":"KirstenEGillibrand"},"vote":{"category":"procedural","category_label":"Procedural","chamber":"house","chamber_label":"House","congress":"110","created":"2007-01-04T13:44:00","id":"55121","link":"https://www.govtrack.us/congress/votes/110-2007/h2","missing_data":"False","number":"2","question":"Election of the Speaker","question_details":null,"related_amendment":null,"related_bill":null,"required":"1/2","result":"Pelosi","session":"2007","source":"house","source_label":"house.gov","total_minus":"0","total_other":"435","total_plus":"0","vote_type":"Election of the Speaker"},"voter_type":"member","voter_type_label":"Member of Congress"},{"created":"2007-01-04T16:30:00","id":"25046833","option":{"id":"370509","key":"+","value":"Yea","vote":"54914"},"person":{"bioguideid":"G000555","birthday":"1966-12-09","cspanid":"1022862","firstname":"Kirsten","gender":"female","gender_label":"Female","id":"412223","lastname":"Gillibrand","link":"https://www.govtrack.us/congress/members/kirsten_gillibrand/412223","middlename":"E.","name":"Sen. Kirsten Gillibrand [D-NY]","namemod":[],"nickname":[],"osid":"N00027658","pvsid":"65147","sortname":"Gillibrand, Kirsten (Sen.) [D-NY]","twitterid":null,"youtubeid":"KirstenEGillibrand"},"vote":{"category":"procedural","category_label":"Procedural","chamber":"house","chamber_label":"House","congress":"110","created":"2007-01-04T16:30:00","id":"54914","link":"https://www.govtrack.us/congress/votes/110-2007/h3","missing_data":"False","number":"3","question":"On Ordering the Previous Question: H RES 5 Providing for the consideration of H. Res. 6, adopting the Rules of the House of Representatives for the One Hundred Tenth Congress","question_details":null,"related_amendment":null,"related_bill":"145434","required":"1/2","result":"Passed","session":"2007","source":"house","source_label":"house.gov","total_minus":"197","total_other":"16","total_plus":"222","vote_type":"On Ordering the Previous Question"},"voter_type":"member","voter_type_label":"Member of Congress"},{"created":"2007-01-04T16:50:00","id":"25022440","option":{"id":"370222","key":"-","value":"Nay","vote":"54862"},"person":{"bioguideid":"G000555","birthday":"1966-12-09","cspanid":"1022862","firstname":"Kirsten","gender":"female","gender_label":"Female","id":"412223","lastname":"Gillibrand","link":"https://www.govtrack.us/congress/members/kirsten_gillibrand/412223","middlename":"E.","name":"Sen. Kirsten Gillibrand [D-NY]","namemod":[],"nickname":[],"osid":"N00027658","pvsid":"65147","sortname":"Gillibrand, Kirsten (Sen.) [D-NY]","twitterid":null,"youtubeid":"KirstenEGillibrand"},"vote":{"category":"procedural","category_label":"Procedural","chamber":"house","chamber_label":"House","congress":"110","created":"2007-01-04T16:50:00","id":"54862","link":"https://www.govtrack.us/congress/votes/110-2007/h4","missing_data":"False","number":"4","question":"On Motion to Commit with Instructions: H RES 5 Providing for the consideration of H. Res. 6, adopting the Rules of the House of Representatives for the One Hundred Tenth Congress","question_details":null,"related_amendment":null,"related_bill":"145434","required":"1/2","result":"Failed","session":"2007","source":"house","source_label":"house.gov","total_minus":"232","total_other":"3","total_plus":"199","vote_type":"On Motion to Commit"},"voter_type":"member","voter_type_label":"Member of Congress"},{"created":"2007-01-04T17:10:00","id":"25172161","option":{"id":"371957","key":"+","value":"Yea","vote":"55130"},"person":{"bioguideid":"G000555","birthday":"1966-12-09","cspanid":"1022862","firstname":"Kirsten","gender":"female","gender_label":"Female","id":"412223","lastname":"Gillibrand","link":"https://www.govtrack.us/congress/members/kirsten_gillibrand/412223","middlename":"E.","name":"Sen. Kirsten Gillibrand [D-NY]","namemod":[],"nickname":[],"osid":"N00027658","pvsid":"65147","sortname":"Gillibrand, Kirsten (Sen.) [D-NY]","twitterid":null,"youtubeid":"KirstenEGillibrand"},"vote":{"category":"passage","category_label":"Passage","chamber":"house","chamber_label":"House","congress":"110","created":"2007-01-04T17:10:00","id":"55130","link":"https://www.govtrack.us/congress/votes/110-2007/h5","missing_data":"False","number":"5","question":"H.Res. 5 (110th): Providing for the consideration of the resolution (H. Res. ... (On the Resolution)","question_details":null,"related_amendment":null,"related_bill":"145434","required":"1/2","result":"Passed","session":"2007","source":"house","source_label":"house.gov","total_minus":"195","total_other":"4","total_plus":"235","vote_type":"On the Resolution"},"voter_type":"member","voter_type_label":"Member of Congress"}]},"bills":[],"words":{"response":[{"tfidf":"0.00164044506709","count":"22","ngram":"sojourner"},{"tfidf":"0.00150617435333","count":"28","ngram":"upstate"},{"tfidf":"0.0014161771038","count":"9","ngram":"oetken"},{"tfidf":"0.00125093548069","count":"14","ngram":"placid"},{"tfidf":"0.00108625024603","count":"16","ngram":"chin"},{"tfidf":"0.000834829545888","count":"11","ngram":"haiti's"},{"tfidf":"0.00078345550163","count":"7","ngram":"adirondack"},{"tfidf":"0.000722629256208","count":"7","ngram":"3407"},{"tfidf":"0.000720731297076","count":"10","ngram":"sotomayor"},{"tfidf":"0.000681742063356","count":"14","ngram":"mikulski"},{"tfidf":"0.00064850515203","count":"8","ngram":"sotomayor's"},{"tfidf":"0.000588356753431","count":"16","ngram":"york's"},{"tfidf":"0.000585391827068","count":"16","ngram":"reproductive"},{"tfidf":"0.000559927249602","count":"10","ngram":"yorkers"},{"tfidf":"0.000555720112702","count":"12","ngram":"autism"},{"tfidf":"0.000538994411479","count":"8","ngram":"kagan"},{"tfidf":"0.000533644294353","count":"7","ngram":"gillibrand"},{"tfidf":"0.000506471946992","count":"8","ngram":"elena"},{"tfidf":"0.000427134090602","count":"6","ngram":"fordham"},{"tfidf":"0.000400107192165","count":"9","ngram":"solicitor"},{"tfidf":"0.000393960141031","count":"18","ngram":"gender"},{"tfidf":"0.00038775366424","count":"17","ngram":"nomination"},{"tfidf":"0.000387370144212","count":"8","ngram":"toxins"},{"tfidf":"0.000385906534142","count":"146","ngram":"york"},{"tfidf":"0.000367044150194","count":"18","ngram":"ray"},{"tfidf":"0.000365657836777","count":"6","ngram":"yorker"},{"tfidf":"0.000364028112274","count":"10","ngram":"hudson"},{"tfidf":"0.000358735403012","count":"17","ngram":"olympic"},{"tfidf":"0.000346547270305","count":"15","ngram":"warren"},{"tfidf":"0.000345696454755","count":"6","ngram":"bullying"},{"tfidf":"0.000334002925193","count":"44","ngram":"judge"},{"tfidf":"0.000333471673324","count":"9","ngram":"eleanor"},{"tfidf":"0.000325714610504","count":"6","ngram":"mcnulty"},{"tfidf":"0.000322092435573","count":"10","ngram":"buffalo"},{"tfidf":"0.000316136917996","count":"12","ngram":"haiti"},{"tfidf":"0.000309525803114","count":"8","ngram":"amt"},{"tfidf":"0.000302457649012","count":"14","ngram":"kevin"},{"tfidf":"0.000282633271917","count":"23","ngram":"lake"},{"tfidf":"0.000279395917708","count":"6","ngram":"desiring"},{"tfidf":"0.000275581453736","count":"8","ngram":"rescinded"},{"tfidf":"0.000275116086609","count":"12","ngram":"hunting"},{"tfidf":"0.000274826838175","count":"6","ngram":"conceal"},{"tfidf":"0.000269378322256","count":"18","ngram":"equality"},{"tfidf":"0.000260590216501","count":"17","ngram":"quorum"},{"tfidf":"0.000255477643044","count":"9","ngram":"ny"},{"tfidf":"0.000252900431089","count":"7","ngram":"vernon"},{"tfidf":"0.000240848541162","count":"26","ngram":"women's"},{"tfidf":"0.000239334308833","count":"7","ngram":"stupak"},{"tfidf":"0.000232285801211","count":"7","ngram":"gay"},{"tfidf":"0.000226821572324","count":"24","ngram":"engineering"},{"tfidf":"0.000226645790335","count":"9","ngram":"discriminatory"},{"tfidf":"0.000225967325814","count":"8","ngram":"orientation"},{"tfidf":"0.00022311156744","count":"16","ngram":"yea"},{"tfidf":"0.000222878152464","count":"6","ngram":"rider"},{"tfidf":"0.000219877546136","count":"8","ngram":"confirmation"},{"tfidf":"0.000210472867811","count":"124","ngram":"women"},{"tfidf":"0.0002036651769","count":"12","ngram":"circuit"},{"tfidf":"0.000201896987021","count":"11","ngram":"obama"},{"tfidf":"0.000198610058142","count":"18","ngram":"girls"},{"tfidf":"0.000198607625097","count":"6","ngram":"justices"},{"tfidf":"0.000193391361952","count":"153","ngram":"health"},{"tfidf":"0.000189070563334","count":"7","ngram":"harassment"},{"tfidf":"0.000186836796669","count":"44","ngram":"insurance"},{"tfidf":"0.000180711121438","count":"13","ngram":"roosevelt"},{"tfidf":"0.000174280805463","count":"39","ngram":"court"},{"tfidf":"0.000173729928122","count":"6","ngram":"simpson"},{"tfidf":"0.000170741370675","count":"6","ngram":"dairy"},{"tfidf":"0.000164638459479","count":"7","ngram":"chemicals"},{"tfidf":"0.000163984654355","count":"27","ngram":"coverage"},{"tfidf":"0.000162967022727","count":"7","ngram":"cleaner"},{"tfidf":"0.000157875307858","count":"52","ngram":"rights"},{"tfidf":"0.000156676203689","count":"15","ngram":"missing"},{"tfidf":"0.000156497732197","count":"12","ngram":"hate"},{"tfidf":"0.00015396480008","count":"12","ngram":"harbor"},{"tfidf":"0.000152502654267","count":"5","ngram":"1932"},{"tfidf":"0.000152035175773","count":"15","ngram":"senators"},{"tfidf":"0.000150306973848","count":"15","ngram":"blood"},{"tfidf":"0.000149412211104","count":"16","ngram":"roll"},{"tfidf":"0.000148082894457","count":"6","ngram":"faa"},{"tfidf":"0.000145907381064","count":"23","ngram":"truth"},{"tfidf":"0.000145888055862","count":"9","ngram":"fishing"},{"tfidf":"0.0001454037826","count":"7","ngram":"preventive"},{"tfidf":"0.000142826771403","count":"8","ngram":"abortion"},{"tfidf":"0.000142328063946","count":"15","ngram":"crimes"},{"tfidf":"0.000137547473708","count":"19","ngram":"objection"},{"tfidf":"0.000136153148242","count":"6","ngram":"inspectors"},{"tfidf":"0.000135365766355","count":"18","ngram":"ordered"},{"tfidf":"0.000134577704308","count":"7","ngram":"russian"},{"tfidf":"0.000131859513524","count":"9","ngram":"p.m."},{"tfidf":"0.00013110247649","count":"25","ngram":"products"},{"tfidf":"0.000126719394007","count":"7","ngram":"mount"},{"tfidf":"0.000126706592677","count":"27","ngram":"woman"},{"tfidf":"0.000126612495181","count":"6","ngram":"transform"},{"tfidf":"0.000125321467275","count":"7","ngram":"responders"},{"tfidf":"0.000124874774963","count":"12","ngram":"2007"},{"tfidf":"0.000124625954648","count":"7","ngram":"clinics"},{"tfidf":"0.000123646073976","count":"37","ngram":"unanimous"},{"tfidf":"0.000123408537643","count":"116","ngram":"care"},{"tfidf":"0.000120092707379","count":"6","ngram":"recruiting"},{"tfidf":"0.000120085165925","count":"8","ngram":"sexual"}]}},{"website":"http://www.schumer.senate.gov","fax":"202-228-3027","govtrack_id":"300087","firstname":"Charles","chamber":"senate","middlename":"E.","lastname":"Schumer","congress_office":"322 Hart Senate Office Building","eventful_id":[],"phone":"202-224-6542","webform":"http://www.schumer.senate.gov/Contact/contact_chuck.cfm","youtube_url":"http://youtube.com/SenatorSchumer","nickname":"Chuck","gender":"M","district":"Senior Seat","title":"Sen","congresspedia_url":"http://www.opencongress.org/wiki/Charles_Schumer","in_office":"True","senate_class":"III","name_suffix":[],"twitter_id":"ChuckSchumer","birthdate":"1950-11-23","bioguide_id":"S000148","fec_id":"S8NY00082","state":"NY","crp_id":"N00001093","official_rss":[],"facebook_id":"15771239406","party":"D","email":[],"votesmart_id":"26976","votes":{"objects":[{"created":"2011-04-14T17:28:00","id":"28928451","option":{"id":"426374","key":"+","value":"Yea","vote":"3"},"person":{"bioguideid":"S000148","birthday":"1950-11-23","cspanid":"5929","firstname":"Charles","gender":"male","gender_label":"Male","id":"300087","lastname":"Schumer","link":"https://www.govtrack.us/congress/members/charles_schumer/300087","middlename":"E.","name":"Sen. Charles “Chuck” Schumer [D-NY]","namemod":[],"nickname":"Chuck","osid":"N00001093","pvsid":"26976","sortname":"Schumer, Charles “Chuck” (Sen.) [D-NY]","twitterid":"ChuckSchumer","youtubeid":"SenatorSchumer"},"vote":{"category":"passage","category_label":"Passage","chamber":"senate","chamber_label":"Senate","congress":"112","created":"2011-04-14T17:28:00","id":"3","link":"https://www.govtrack.us/congress/votes/112-2011/s61","missing_data":"False","number":"61","question":"H.R. 1473 (112th): Department of Defense and Full-Year Continuing Appropriations Act, 2011 (On Passage of the Bill)","question_details":null,"related_amendment":null,"related_bill":"73164","required":"3/5","result":"Bill Passed","session":"2011","source":"senate","source_label":"senate.gov","total_minus":"19","total_other":"0","total_plus":"81","vote_type":"On Passage of the Bill"},"voter_type":"member","voter_type_label":"Member of Congress"},{"created":"2011-05-23T17:01:00","id":"28935120","option":{"id":"426442","key":"+","value":"Yea","vote":"15"},"person":{"bioguideid":"S000148","birthday":"1950-11-23","cspanid":"5929","firstname":"Charles","gender":"male","gender_label":"Male","id":"300087","lastname":"Schumer","link":"https://www.govtrack.us/congress/members/charles_schumer/300087","middlename":"E.","name":"Sen. Charles “Chuck” Schumer [D-NY]","namemod":[],"nickname":"Chuck","osid":"N00001093","pvsid":"26976","sortname":"Schumer, Charles “Chuck” (Sen.) [D-NY]","twitterid":"ChuckSchumer","youtubeid":"SenatorSchumer"},"vote":{"category":"cloture","category_label":"Cloture","chamber":"senate","chamber_label":"Senate","congress":"112","created":"2011-05-23T17:01:00","id":"15","link":"https://www.govtrack.us/congress/votes/112-2011/s75","missing_data":"False","number":"75","question":"On Cloture on the Motion to Proceed S. 1038","question_details":null,"related_amendment":null,"related_bill":"75973","required":"3/5","result":"Cloture on the Motion to Proceed Agreed to","session":"2011","source":"senate","source_label":"senate.gov","total_minus":"8","total_other":"18","total_plus":"74","vote_type":"On the Cloture Motion"},"voter_type":"member","voter_type_label":"Member of Congress"},{"created":"2011-02-02T18:05:00","id":"28935248","option":{"id":"426447","key":"-","value":"Nay","vote":"16"},"person":{"bioguideid":"S000148","birthday":"1950-11-23","cspanid":"5929","firstname":"Charles","gender":"male","gender_label":"Male","id":"300087","lastname":"Schumer","link":"https://www.govtrack.us/congress/members/charles_schumer/300087","middlename":"E.","name":"Sen. Charles “Chuck” Schumer [D-NY]","namemod":[],"nickname":"Chuck","osid":"N00001093","pvsid":"26976","sortname":"Schumer, Charles “Chuck” (Sen.) [D-NY]","twitterid":"ChuckSchumer","youtubeid":"SenatorSchumer"},"vote":{"category":"procedural","category_label":"Procedural","chamber":"senate","chamber_label":"Senate","congress":"112","created":"2011-02-02T18:05:00","id":"16","link":"https://www.govtrack.us/congress/votes/112-2011/s9","missing_data":"False","number":"9","question":"On the Motion (Motion to Waive All Applicable Budgetary Discipline Re: McConnell Amdt. No. 13)","question_details":null,"related_amendment":null,"related_bill":"71462","required":"3/5","result":"Motion Rejected","session":"2011","source":"senate","source_label":"senate.gov","total_minus":"51","total_other":"2","total_plus":"47","vote_type":"On the Motion"},"voter_type":"member","voter_type_label":"Member of Congress"},{"created":"2011-04-05T12:37:00","id":"28936220","option":{"id":"426459","key":"-","value":"Nay","vote":"18"},"person":{"bioguideid":"S000148","birthday":"1950-11-23","cspanid":"5929","firstname":"Charles","gender":"male","gender_label":"Male","id":"300087","lastname":"Schumer","link":"https://www.govtrack.us/congress/members/charles_schumer/300087","middlename":"E.","name":"Sen. Charles “Chuck” Schumer [D-NY]","namemod":[],"nickname":"Chuck","osid":"N00001093","pvsid":"26976","sortname":"Schumer, Charles “Chuck” (Sen.) [D-NY]","twitterid":"ChuckSchumer","youtubeid":"SenatorSchumer"},"vote":{"category":"passage","category_label":"Passage","chamber":"senate","chamber_label":"Senate","congress":"112","created":"2011-04-05T12:37:00","id":"18","link":"https://www.govtrack.us/congress/votes/112-2011/s49","missing_data":"False","number":"49","question":"H.R. 4 (112th): Comprehensive 1099 Taxpayer Protection and Repayment of Exchange Subsidy ... (On Passage of the Bill)","question_details":null,"related_amendment":null,"related_bill":"69179","required":"3/5","result":"Bill Passed","session":"2011","source":"senate","source_label":"senate.gov","total_minus":"12","total_other":"1","total_plus":"87","vote_type":"On Passage of the Bill"},"voter_type":"member","voter_type_label":"Member of Congress"},{"created":"2011-03-16T11:02:00","id":"28937597","option":{"id":"426474","key":"+","value":"Yea","vote":"21"},"person":{"bioguideid":"S000148","birthday":"1950-11-23","cspanid":"5929","firstname":"Charles","gender":"male","gender_label":"Male","id":"300087","lastname":"Schumer","link":"https://www.govtrack.us/congress/members/charles_schumer/300087","middlename":"E.","name":"Sen. Charles “Chuck” Schumer [D-NY]","namemod":[],"nickname":"Chuck","osid":"N00001093","pvsid":"26976","sortname":"Schumer, Charles “Chuck” (Sen.) [D-NY]","twitterid":"ChuckSchumer","youtubeid":"SenatorSchumer"},"vote":{"category":"amendment","category_label":"Amendment","chamber":"senate","chamber_label":"Senate","congress":"112","created":"2011-03-16T11:02:00","id":"21","link":"https://www.govtrack.us/congress/votes/112-2011/s42","missing_data":"False","number":"42","question":"On the Amendment S.Amdt. 193 to S. 493 (SBIR/STTR Reauthorization Act of 2011)","question_details":null,"related_amendment":null,"related_bill":"76250","required":"1/2","result":"Amendment Agreed to","session":"2011","source":"senate","source_label":"senate.gov","total_minus":"0","total_other":"1","total_plus":"99","vote_type":"On the Amendment"},"voter_type":"member","voter_type_label":"Member of Congress"}]},"bills":[],"words":{"response":[{"tfidf":"0.000419023222356","count":"296","ngram":"ethanol"},{"tfidf":"0.000393125049623","count":"249","ngram":"nominees"},{"tfidf":"0.000301440578552","count":"114","ngram":"yorkers"},{"tfidf":"0.000284567104628","count":"216","ngram":"nominee"},{"tfidf":"0.000276466950358","count":"446","ngram":"gun"},{"tfidf":"0.000241183419489","count":"402","ngram":"judges"},{"tfidf":"0.000229796586316","count":"133","ngram":"filibuster"},{"tfidf":"0.000217582327637","count":"202","ngram":"nomination"},{"tfidf":"0.000215803927808","count":"602","ngram":"judge"},{"tfidf":"0.000204288511241","count":"96","ngram":"moynihan"},{"tfidf":"0.000196759000334","count":"130","ngram":"brooklyn"},{"tfidf":"0.000188272657479","count":"229","ngram":"guns"},{"tfidf":"0.000175073476275","count":"91","ngram":"leahy"},{"tfidf":"0.000168885487837","count":"1353","ngram":"york"},{"tfidf":"0.000166489054267","count":"148","ngram":"bench"},{"tfidf":"0.000165612906878","count":"346","ngram":"senators"},{"tfidf":"0.000162676664675","count":"100","ngram":"rescinded"},{"tfidf":"0.000157222137472","count":"138","ngram":"mainstream"},{"tfidf":"0.000147674195143","count":"204","ngram":"quorum"},{"tfidf":"0.0001446458","count":"105","ngram":"patent"},{"tfidf":"0.000137013791117","count":"104","ngram":"reid"},{"tfidf":"0.000135264029136","count":"502","ngram":"oil"},{"tfidf":"0.000126551674244","count":"103","ngram":"ideological"},{"tfidf":"0.000115223975115","count":"546","ngram":"court"},{"tfidf":"0.000114211338888","count":"179","ngram":"bankruptcy"},{"tfidf":"0.000111899575898","count":"690","ngram":"consent"},{"tfidf":"0.000110628029276","count":"109","ngram":"middle-class"},{"tfidf":"0.000107518678635","count":"239","ngram":"views"},{"tfidf":"0.000104757623256","count":"192","ngram":"mortgage"},{"tfidf":"0.000104431443031","count":"304","ngram":"terrorism"},{"tfidf":"0.000103695521725","count":"156","ngram":"gasoline"},{"tfidf":"0.000102736521108","count":"651","ngram":"unanimous"},{"tfidf":"9.73807502119e-05","count":"181","ngram":"conservative"},{"tfidf":"9.50137919511e-05","count":"282","ngram":"bottom"},{"tfidf":"9.49244916264e-05","count":"227","ngram":"homeland"},{"tfidf":"9.39440220289e-05","count":"307","ngram":"iraq"},{"tfidf":"9.29560957609e-05","count":"238","ngram":"nuclear"},{"tfidf":"9.26377479663e-05","count":"106","ngram":"loophole"},{"tfidf":"8.95256246516e-05","count":"875","ngram":"side"},{"tfidf":"8.91884812115e-05","count":"293","ngram":"doesn't"},{"tfidf":"8.88524112524e-05","count":"240","ngram":"attorney"},{"tfidf":"8.87216750832e-05","count":"198","ngram":"judiciary"},{"tfidf":"8.81329321278e-05","count":"911","ngram":"colleague"},{"tfidf":"8.51482755214e-05","count":"164","ngram":"judicial"},{"tfidf":"8.44912924941e-05","count":"132","ngram":"breaks"},{"tfidf":"8.39306391788e-05","count":"195","ngram":"ought"},{"tfidf":"8.15785425416e-05","count":"268","ngram":"maybe"},{"tfidf":"8.01494954019e-05","count":"100","ngram":"circuit"},{"tfidf":"8.00528682794e-05","count":"115","ngram":"iran"},{"tfidf":"7.91692597667e-05","count":"273","ngram":"prices"},{"tfidf":"7.91536003518e-05","count":"924","ngram":"tax"},{"tfidf":"7.6569784962e-05","count":"109","ngram":"truck"},{"tfidf":"7.55336700341e-05","count":"691","ngram":"debate"},{"tfidf":"7.54254052003e-05","count":"92","ngram":"jewish"},{"tfidf":"7.52485295762e-05","count":"121","ngram":"utah"},{"tfidf":"7.52132304748e-05","count":"92","ngram":"gallon"},{"tfidf":"7.40309647726e-05","count":"261","ngram":"let's"},{"tfidf":"7.32047830602e-05","count":"166","ngram":"border"},{"tfidf":"7.22282502389e-05","count":"93","ngram":"a.m."},{"tfidf":"7.17892499397e-05","count":"145","ngram":"terrorists"},{"tfidf":"6.97260159045e-05","count":"202","ngram":"supreme"},{"tfidf":"6.97109270429e-05","count":"160","ngram":"argument"},{"tfidf":"6.8309576908e-05","count":"300","ngram":"proposal"},{"tfidf":"6.74597276867e-05","count":"388","ngram":"says"},{"tfidf":"6.67135923672e-05","count":"90","ngram":"disclosure"},{"tfidf":"6.6585130773e-05","count":"438","ngram":"companies"},{"tfidf":"6.65563138089e-05","count":"240","ngram":"didn't"},{"tfidf":"6.63200834685e-05","count":"209","ngram":"bush"},{"tfidf":"6.57181129098e-05","count":"169","ngram":"compromise"},{"tfidf":"6.53262702008e-05","count":"137","ngram":"cents"},{"tfidf":"6.48295896595e-05","count":"352","ngram":"justice"},{"tfidf":"6.40762937717e-05","count":"97","ngram":"wealthy"},{"tfidf":"6.39601638237e-05","count":"223","ngram":"teachers"},{"tfidf":"6.36472749167e-05","count":"130","ngram":"sort"},{"tfidf":"6.27517661806e-05","count":"225","ngram":"view"},{"tfidf":"6.27313502147e-05","count":"205","ngram":"crime"},{"tfidf":"6.1876166675e-05","count":"137","ngram":"guess"},{"tfidf":"6.18308064781e-05","count":"279","ngram":"can't"},{"tfidf":"6.09401404612e-05","count":"136","ngram":"crimes"},{"tfidf":"6.05994864948e-05","count":"190","ngram":"violence"},{"tfidf":"6.05754371477e-05","count":"121","ngram":"judgment"},{"tfidf":"6.0574644156e-05","count":"1063","ngram":"law"},{"tfidf":"5.96777839667e-05","count":"194","ngram":"god"},{"tfidf":"5.8479775096e-05","count":"119","ngram":"card"},{"tfidf":"5.77375829406e-05","count":"674","ngram":"floor"},{"tfidf":"5.65966682837e-05","count":"111","ngram":"voters"},{"tfidf":"5.64091759698e-05","count":"91","ngram":"profits"},{"tfidf":"5.60426629166e-05","count":"387","ngram":"might"},{"tfidf":"5.57389443838e-05","count":"255","ngram":"amendments"},{"tfidf":"5.56787572061e-05","count":"181","ngram":"package"},{"tfidf":"5.54635948407e-05","count":"200","ngram":"seems"},{"tfidf":"5.54286845315e-05","count":"90","ngram":"hate"},{"tfidf":"5.48299048537e-05","count":"141","ngram":"terrorist"},{"tfidf":"5.47826147762e-05","count":"98","ngram":"math"},{"tfidf":"5.47386762666e-05","count":"1220","ngram":"going"},{"tfidf":"5.42949460622e-05","count":"538","ngram":"friend"},{"tfidf":"5.42436189054e-05","count":"229","ngram":"housing"},{"tfidf":"5.4120222821e-05","count":"997","ngram":"think"},{"tfidf":"5.36867035798e-05","count":"2933","ngram":"president"},{"tfidf":"5.32943766257e-05","count":"97","ngram":"arguments"}]}},{"website":"http://nadler.house.gov","fax":"202-225-6923","govtrack_id":"400289","firstname":"Jerrold","chamber":"house","middlename":"L.","lastname":"Nadler","congress_office":"2110 Rayburn House Office Building","eventful_id":[],"phone":"202-225-5635","webform":"http://nadler.house.gov/contact-me/newsletter","youtube_url":"http://youtube.com/congressmannadler","nickname":[],"gender":"M","district":"10","title":"Rep","congresspedia_url":"http://www.opencongress.org/wiki/Jerrold_Nadler","in_office":"True","senate_class":[],"name_suffix":[],"twitter_id":"RepJerryNadler","birthdate":"1947-06-13","bioguide_id":"N000002","fec_id":"H2NY17071","state":"NY","crp_id":"N00000939","official_rss":[],"facebook_id":"78291598977","party":"D","email":[],"votesmart_id":"26980","votes":{"objects":[{"created":"2011-03-16T17:49:00","id":"28927949","option":{"id":"426369","key":"0","value":"Not Voting","vote":"1"},"person":{"bioguideid":"N000002","birthday":"1947-06-13","cspanid":"26159","firstname":"Jerrold","gender":"male","gender_label":"Male","id":"400289","lastname":"Nadler","link":"https://www.govtrack.us/congress/members/jerrold_nadler/400289","middlename":"L.","name":"Rep. Jerrold Nadler [D-NY10]","namemod":[],"nickname":[],"osid":"N00000939","pvsid":"26980","sortname":"Nadler, Jerrold (Rep.) [D-NY10]","twitterid":"RepJerryNadler","youtubeid":"congressmannadler"},"vote":{"category":"amendment","category_label":"Amendment","chamber":"house","chamber_label":"House","congress":"112","created":"2011-03-16T17:49:00","id":"1","link":"https://www.govtrack.us/congress/votes/112-2011/h183","missing_data":"False","number":"183","question":"On Agreeing to the Amendment: Amendment 3 to H R 861","question_details":null,"related_amendment":null,"related_bill":"75622","required":"1/2","result":"Failed","session":"2011","source":"house","source_label":"house.gov","total_minus":"244","total_other":"5","total_plus":"183","vote_type":"On the Amendment"},"voter_type":"member","voter_type_label":"Member of Congress"},{"created":"2011-05-03T17:46:00","id":"28928066","option":{"id":"426370","key":"+","value":"Aye","vote":"2"},"person":{"bioguideid":"N000002","birthday":"1947-06-13","cspanid":"26159","firstname":"Jerrold","gender":"male","gender_label":"Male","id":"400289","lastname":"Nadler","link":"https://www.govtrack.us/congress/members/jerrold_nadler/400289","middlename":"L.","name":"Rep. Jerrold Nadler [D-NY10]","namemod":[],"nickname":[],"osid":"N00000939","pvsid":"26980","sortname":"Nadler, Jerrold (Rep.) [D-NY10]","twitterid":"RepJerryNadler","youtubeid":"congressmannadler"},"vote":{"category":"amendment","category_label":"Amendment","chamber":"house","chamber_label":"House","congress":"112","created":"2011-05-03T17:46:00","id":"2","link":"https://www.govtrack.us/congress/votes/112-2011/h283","missing_data":"False","number":"283","question":"On Agreeing to the Amendment: Amendment 3 to H R 1213","question_details":null,"related_amendment":null,"related_bill":"75991","required":"1/2","result":"Failed","session":"2011","source":"house","source_label":"house.gov","total_minus":"242","total_other":"10","total_plus":"180","vote_type":"On the Amendment"},"voter_type":"member","voter_type_label":"Member of Congress"},{"created":"2011-04-12T19:10:00","id":"28928699","option":{"id":"426378","key":"+","value":"Yea","vote":"4"},"person":{"bioguideid":"N000002","birthday":"1947-06-13","cspanid":"26159","firstname":"Jerrold","gender":"male","gender_label":"Male","id":"400289","lastname":"Nadler","link":"https://www.govtrack.us/congress/members/jerrold_nadler/400289","middlename":"L.","name":"Rep. Jerrold Nadler [D-NY10]","namemod":[],"nickname":[],"osid":"N00000939","pvsid":"26980","sortname":"Nadler, Jerrold (Rep.) [D-NY10]","twitterid":"RepJerryNadler","youtubeid":"congressmannadler"},"vote":{"category":"procedural","category_label":"Procedural","chamber":"house","chamber_label":"House","congress":"112","created":"2011-04-12T19:10:00","id":"4","link":"https://www.govtrack.us/congress/votes/112-2011/h256","missing_data":"False","number":"256","question":"On Approving the Journal: JOURNAL","question_details":null,"related_amendment":null,"related_bill":null,"required":"1/2","result":"Passed","session":"2011","source":"house","source_label":"house.gov","total_minus":"79","total_other":"28","total_plus":"325","vote_type":"On Approving the Journal"},"voter_type":"member","voter_type_label":"Member of Congress"},{"created":"2011-02-11T13:58:00","id":"28929239","option":{"id":"426386","key":"+","value":"Yea","vote":"5"},"person":{"bioguideid":"N000002","birthday":"1947-06-13","cspanid":"26159","firstname":"Jerrold","gender":"male","gender_label":"Male","id":"400289","lastname":"Nadler","link":"https://www.govtrack.us/congress/members/jerrold_nadler/400289","middlename":"L.","name":"Rep. Jerrold Nadler [D-NY10]","namemod":[],"nickname":[],"osid":"N00000939","pvsid":"26980","sortname":"Nadler, Jerrold (Rep.) [D-NY10]","twitterid":"RepJerryNadler","youtubeid":"congressmannadler"},"vote":{"category":"procedural","category_label":"Procedural","chamber":"house","chamber_label":"House","congress":"112","created":"2011-02-11T13:58:00","id":"5","link":"https://www.govtrack.us/congress/votes/112-2011/h34","missing_data":"False","number":"34","question":"On Approving the Journal: JOURNAL","question_details":null,"related_amendment":null,"related_bill":null,"required":"1/2","result":"Passed","session":"2011","source":"house","source_label":"house.gov","total_minus":"50","total_other":"39","total_plus":"344","vote_type":"On Approving the Journal"},"voter_type":"member","voter_type_label":"Member of Congress"},{"created":"2011-07-13T18:22:00","id":"28929555","option":{"id":"426390","key":"+","value":"Aye","vote":"6"},"person":{"bioguideid":"N000002","birthday":"1947-06-13","cspanid":"26159","firstname":"Jerrold","gender":"male","gender_label":"Male","id":"400289","lastname":"Nadler","link":"https://www.govtrack.us/congress/members/jerrold_nadler/400289","middlename":"L.","name":"Rep. Jerrold Nadler [D-NY10]","namemod":[],"nickname":[],"osid":"N00000939","pvsid":"26980","sortname":"Nadler, Jerrold (Rep.) [D-NY10]","twitterid":"RepJerryNadler","youtubeid":"congressmannadler"},"vote":{"category":"amendment","category_label":"Amendment","chamber":"house","chamber_label":"House","congress":"112","created":"2011-07-13T18:22:00","id":"6","link":"https://www.govtrack.us/congress/votes/112-2011/h571","missing_data":"False","number":"571","question":"On Agreeing to the Amendment: Amendment 1 to H R 2018","question_details":null,"related_amendment":null,"related_bill":"74164","required":"1/2","result":"Failed","session":"2011","source":"house","source_label":"house.gov","total_minus":"254","total_other":"10","total_plus":"167","vote_type":"On the Amendment"},"voter_type":"member","voter_type_label":"Member of Congress"}]},"bills":[],"words":{"response":[{"tfidf":"0.00271804264645","count":"643","ngram":"debtor"},{"tfidf":"0.00111592656157","count":"575","ngram":"inserting"},{"tfidf":"0.000803054747247","count":"536","ngram":"paragraph"},{"tfidf":"0.000797755831536","count":"134","ngram":"debtor's"},{"tfidf":"0.000626111285822","count":"144","ngram":"creditor"},{"tfidf":"0.000565231276452","count":"471","ngram":"striking"},{"tfidf":"0.000495159375615","count":"61","ngram":"hopwa"},{"tfidf":"0.000490039974093","count":"473","ngram":"bankruptcy"},{"tfidf":"0.000437580835735","count":"169","ngram":"subparagraph"},{"tfidf":"0.000399823991508","count":"94","ngram":"debtors"},{"tfidf":"0.000378257401661","count":"145","ngram":"creditors"},{"tfidf":"0.000358144688803","count":"639","ngram":"amended"},{"tfidf":"0.000333386197369","count":"107","ngram":"nea"},{"tfidf":"0.000330879677297","count":"183","ngram":"trustee"},{"tfidf":"0.000329297000303","count":"961","ngram":"court"},{"tfidf":"0.000303662833967","count":"631","ngram":"code"},{"tfidf":"0.000290225072615","count":"212","ngram":"abortion"},{"tfidf":"0.000275729961657","count":"985","ngram":"title"},{"tfidf":"0.000255484966185","count":"87","ngram":"container"},{"tfidf":"0.000243839754388","count":"926","ngram":"11"},{"tfidf":"0.000236591623679","count":"118","ngram":"jews"},{"tfidf":"0.000232546579486","count":"146","ngram":"petition"},{"tfidf":"0.000225960268602","count":"75","ngram":"nadler"},{"tfidf":"0.000222310753918","count":"167","ngram":"jewish"},{"tfidf":"0.000221985104067","count":"344","ngram":"religious"},{"tfidf":"0.000217681095032","count":"239","ngram":"israel"},{"tfidf":"0.000204841343534","count":"323","ngram":"chapter"},{"tfidf":"0.000200689375894","count":"127","ngram":"debts"},{"tfidf":"0.000181073904107","count":"78","ngram":"manhattan"},{"tfidf":"0.000175975953501","count":"121","ngram":"securities"},{"tfidf":"0.000175010581055","count":"73","ngram":"holder"},{"tfidf":"0.00017410954548","count":"82","ngram":"vouchers"},{"tfidf":"0.000174066001599","count":"154","ngram":"aids"},{"tfidf":"0.000170323898577","count":"90","ngram":"abortions"},{"tfidf":"0.000158931986471","count":"262","ngram":"courts"},{"tfidf":"0.000158485920159","count":"60","ngram":"amtrak"},{"tfidf":"0.000156264517885","count":"106","ngram":"unconstitutional"},{"tfidf":"0.000152589538427","count":"181","ngram":"judicial"},{"tfidf":"0.000152369176482","count":"62","ngram":"paragraphs"},{"tfidf":"0.000151649642615","count":"268","ngram":"adding"},{"tfidf":"0.000148839471969","count":"88","ngram":"proceeding"},{"tfidf":"0.000147430837103","count":"603","ngram":"case"},{"tfidf":"0.000144270325291","count":"130","ngram":"filing"},{"tfidf":"0.000144257847636","count":"70","ngram":"deposit"},{"tfidf":"0.000143269569507","count":"205","ngram":"ought"},{"tfidf":"0.000141672607608","count":"699","ngram":"york"},{"tfidf":"0.000141004236096","count":"77","ngram":"u.s.c."},{"tfidf":"0.000135056307276","count":"168","ngram":"terrorists"},{"tfidf":"0.000132389198432","count":"84","ngram":"notwithstanding"},{"tfidf":"0.000130835807118","count":"562","ngram":"rights"},{"tfidf":"0.000130030622539","count":"232","ngram":"supreme"},{"tfidf":"0.000129206414846","count":"99","ngram":"applicable"},{"tfidf":"0.000126148220003","count":"65","ngram":"transaction"},{"tfidf":"0.00012470366716","count":"103","ngram":"liberties"},{"tfidf":"0.000121173616341","count":"120","ngram":"soviet"},{"tfidf":"0.000120432099947","count":"195","ngram":"notice"},{"tfidf":"0.000120000192718","count":"312","ngram":"housing"},{"tfidf":"0.000118439084724","count":"304","ngram":"date"},{"tfidf":"0.000117935485196","count":"80","ngram":"spouse"},{"tfidf":"0.000117867407902","count":"162","ngram":"judiciary"},{"tfidf":"0.000111472228563","count":"172","ngram":"arts"},{"tfidf":"0.000110081417786","count":"113","ngram":"discrimination"},{"tfidf":"0.000109336453584","count":"288","ngram":"property"},{"tfidf":"0.000108520507583","count":"136","ngram":"card"},{"tfidf":"0.000108200748226","count":"66","ngram":"refugees"},{"tfidf":"0.000108124922165","count":"383","ngram":"says"},{"tfidf":"0.000107043859555","count":"93","ngram":"sexual"},{"tfidf":"0.000106184730431","count":"109","ngram":"religion"},{"tfidf":"0.000105470942691","count":"64","ngram":"lease"},{"tfidf":"0.000104162097367","count":"220","ngram":"claim"},{"tfidf":"0.000102840071928","count":"158","ngram":"gentlewoman"},{"tfidf":"0.00010109807523","count":"154","ngram":"substitute"},{"tfidf":"0.000100405569694","count":"138","ngram":"crimes"},{"tfidf":"9.78794055329e-05","count":"189","ngram":"violence"},{"tfidf":"9.76135078506e-05","count":"175","ngram":"terrorism"},{"tfidf":"9.75687474229e-05","count":"132","ngram":"filed"},{"tfidf":"9.48831744152e-05","count":"273","ngram":"agreement"},{"tfidf":"9.38816245162e-05","count":"78","ngram":"fbi"},{"tfidf":"9.32810377968e-05","count":"254","ngram":"constitution"},{"tfidf":"9.23750403838e-05","count":"72","ngram":"sue"},{"tfidf":"9.18605253562e-05","count":"182","ngram":"constitutional"},{"tfidf":"9.07202783817e-05","count":"108","ngram":"iii"},{"tfidf":"9.06524930269e-05","count":"259","ngram":"civil"},{"tfidf":"9.02918585986e-05","count":"143","ngram":"terrorist"},{"tfidf":"8.93725869022e-05","count":"161","ngram":"contract"},{"tfidf":"8.7558384584e-05","count":"475","ngram":"following"},{"tfidf":"8.68310420692e-05","count":"73","ngram":"damages"},{"tfidf":"8.64960774299e-05","count":"68","ngram":"discharge"},{"tfidf":"8.61185758048e-05","count":"168","ngram":"evidence"},{"tfidf":"8.57227501746e-05","count":"235","ngram":"cases"},{"tfidf":"8.54563505211e-05","count":"71","ngram":"disclosure"},{"tfidf":"8.51197901418e-05","count":"362","ngram":"credit"},{"tfidf":"8.47679945379e-05","count":"1012","ngram":"1"},{"tfidf":"8.45477053126e-05","count":"84","ngram":"gun"},{"tfidf":"8.41682472059e-05","count":"125","ngram":"except"},{"tfidf":"8.37122518468e-05","count":"132","ngram":"nuclear"},{"tfidf":"8.36421046643e-05","count":"74","ngram":"epa"},{"tfidf":"8.28461169207e-05","count":"291","ngram":"period"},{"tfidf":"8.2709310665e-05","count":"71","ngram":"murder"},{"tfidf":"8.22059089059e-05","count":"65","ngram":"rail"}]}}]},"resOptions":{}},"level":"info","message":"Service(s) calling finished. undefined","timestamp":"2014-06-03T05:00:07.155Z"}
